******************************************************************************
             TMS320C2000 Linker PC v6.2.7                      
******************************************************************************
>> Linked Fri Nov 24 18:52:49 2017

OUTPUT FILE NAME:   <motorsEpsilonC2.out>
ENTRY POINT SYMBOL: "_c_int00"  address: 003f6aff


MEMORY CONFIGURATION

         name            origin    length      used     unused   attr    fill
----------------------  --------  ---------  --------  --------  ----  --------
PAGE 0:
  RAML0                 00008000   00000800  00000000  00000800  RWIX
  RAML1                 00008800   00000400  00000000  00000400  RWIX
  OTP                   003d7800   00000400  00000000  00000400  RWIX
  FLASHH                003d8000   00004000  00000000  00004000  RWIX
  FLASHG                003dc000   00004000  00000000  00004000  RWIX
  FLASHF                003e0000   00004000  00000000  00004000  RWIX
  FLASHE                003e4000   00004000  00000000  00004000  RWIX
  FLASHD                003e8000   00004000  00000000  00004000  RWIX
  FLASHC                003ec000   00004000  00000000  00004000  RWIX
  FLASHA                003f4000   00003f80  00002f60  00001020  RWIX
  CSM_RSVD              003f7f80   00000076  00000000  00000076  RWIX
  BEGIN                 003f7ff6   00000002  00000002  00000000  RWIX
  CSM_PWL_P0            003f7ff8   00000008  00000000  00000008  RWIX
  FPUTABLES             003fd860   000006a0  00000000  000006a0  RWIX
  IQTABLES              003fdf00   00000b50  00000000  00000b50  RWIX
  IQTABLES2             003fea50   0000008c  00000000  0000008c  RWIX
  IQTABLES3             003feadc   000000aa  00000000  000000aa  RWIX
  ROM                   003ff3b0   00000c10  00000000  00000c10  RWIX
  RESET                 003fffc0   00000002  00000000  00000002  RWIX
  VECTORS               003fffc2   0000003e  00000000  0000003e  RWIX

PAGE 1:
  BOOT_RSVD             00000000   00000050  00000000  00000050  RWIX
  RAMM0                 00000050   000003b0  00000300  000000b0  RWIX
  RAMM1                 00000400   00000400  00000000  00000400  RWIX
  RAML2                 00008c00   00000400  00000000  00000400  RWIX
  RAML3                 00009000   00001000  00000408  00000bf8  RWIX
  RAML4                 0000a000   00002000  00000000  00002000  RWIX
  RAML5                 0000c000   00002000  00000000  00002000  RWIX
  RAML6                 0000e000   00002000  00000000  00002000  RWIX
  RAML7                 00010000   00002000  00000000  00002000  RWIX
  RAML8                 00012000   00002000  00000000  00002000  RWIX
  USB_RAM               00040000   00000800  00000000  00000800  RWIX
  FLASHB                003f0000   00004000  00000000  00004000  RWIX


SECTION ALLOCATION MAP

 output                                  attributes/
section   page    origin      length       input sections
--------  ----  ----------  ----------   ----------------
.pinit     0    003f4000    00000000     UNINITIALIZED

ramfuncs   0    00008000    00000000     UNINITIALIZED

.text      0    003f4000    00002b88     
                  003f4000    00001737     main.obj (.text)
                  003f5737    00000e33     main.obj (.text:retain)
                  003f656a    000002ca     clk.obj (.text)
                  003f6834    0000018a     gpio.obj (.text)
                  003f69be    00000088     rts2800_fpu32.lib : fs_div.obj (.text)
                  003f6a46    00000061                       : cos.obj (.text)
                  003f6aa7    00000058                       : sin.obj (.text)
                  003f6aff    00000046                       : boot.obj (.text)
                  003f6b45    00000019                       : args_main.obj (.text)
                  003f6b5e    00000019                       : exit.obj (.text)
                  003f6b77    00000009                       : _lock.obj (.text)
                  003f6b80    00000008     F2806x_CodeStartBranch.obj (.text)

.econst    0    003f6b88    00000200     
                  003f6b88    00000100     main.obj (.econst:.string:_CRC_TABLE)
                  003f6c88    00000100     main.obj (.econst)

.cinit     0    003f6d88    000001b8     
                  003f6d88    000001a2     main.obj (.cinit)
                  003f6f2a    0000000a     rts2800_fpu32.lib : _lock.obj (.cinit)
                  003f6f34    0000000a                       : exit.obj (.cinit)
                  003f6f3e    00000002     --HOLE-- [fill = 0]

.switch    0    003f6f40    00000020     
                  003f6f40    00000020     main.obj (.switch:_adcRead)

codestart 
*          0    003f7ff6    00000002     
                  003f7ff6    00000002     F2806x_CodeStartBranch.obj (codestart)

.reset     0    003fffc0    00000002     DSECT
                  003fffc0    00000002     rts2800_fpu32.lib : boot.obj (.reset)

vectors    0    003fffc2    00000000     DSECT

.stack     1    00000050    00000300     UNINITIALIZED
                  00000050    00000300     --HOLE--

.ebss      1    00009000    00000408     UNINITIALIZED
                  00009000    00000400     main.obj (.ebss)
                  00009400    00000004     rts2800_fpu32.lib : _lock.obj (.ebss)
                  00009404    00000004                       : exit.obj (.ebss)


GLOBAL DATA SYMBOLS: SORTED BY DATA PAGE

address     data page           name
--------    ----------------    ----
00000050       1 (00000040)     __stack

00009000     240 (00009000)     _CTRLSUM
00009001     240 (00009000)     _SAAD_TESTS_BITS
00009002     240 (00009000)     _SAAD_TEST_RES_BITS
00009003     240 (00009000)     _SAAD_ST
00009004     240 (00009000)     _COMMAND_BYTE_BITS
00009005     240 (00009000)     _SAAD_TEST_RES
00009006     240 (00009000)     _VELOCITY
00009007     240 (00009000)     _COMMAND_BYTE
00009008     240 (00009000)     _VELOCITY_BITS
00009009     240 (00009000)     _DATA
0000900a     240 (00009000)     _CTRLSUM_BITS
0000900b     240 (00009000)     _POSITION
0000900c     240 (00009000)     _DATA_BITS
0000900d     240 (00009000)     _apsL
0000900e     240 (00009000)     _apsR
0000900f     240 (00009000)     _sendDubSCI
00009010     240 (00009000)     _sendSCI
00009011     240 (00009000)     _testSciSend
00009012     240 (00009000)     _moveMode
00009013     240 (00009000)     _lockDevStepCount
00009014     240 (00009000)     _mode
00009015     240 (00009000)     _lockDevEn
00009016     240 (00009000)     _lockDevSend
00009017     240 (00009000)     _delay
00009018     240 (00009000)     _counter
00009019     240 (00009000)     _xData
0000901a     240 (00009000)     _saadTestsPs
0000901b     240 (00009000)     _yData
0000901c     240 (00009000)     _saadTests
0000901d     240 (00009000)     _setSci
0000901e     240 (00009000)     _sciSendCnt
0000901f     240 (00009000)     _sciFramePart
00009020     240 (00009000)     _sciCounter
00009021     240 (00009000)     _POSITION_BITS
00009022     240 (00009000)     _SAAD_CTRL
00009023     240 (00009000)     _SAAD_ST_BITS
00009024     240 (00009000)     _SAAD_CTRL_BITS
00009026     240 (00009000)     _alpha1
00009028     240 (00009000)     _alpha
0000902a     240 (00009000)     _vel
0000902c     240 (00009000)     _speed
0000902e     240 (00009000)     _SAAD_CTRL_ALL
00009030     240 (00009000)     _sysCtrlRegs
00009032     240 (00009000)     _gpioS
00009034     240 (00009000)     _adcRegs
00009036     240 (00009000)     _clkS
00009038     240 (00009000)     _adcResRegs
0000903a     240 (00009000)     _mcbspData
0000903c     240 (00009000)     _time
0000903e     240 (00009000)     _jj

00009040     241 (00009040)     _i
00009042     241 (00009040)     _j
00009044     241 (00009040)     _mode1cnt
00009046     241 (00009040)     _mode3cnt
00009048     241 (00009040)     _acel
0000904a     241 (00009040)     _timer1cnt
0000904c     241 (00009040)     _timeUp
0000904e     241 (00009040)     _dt
00009050     241 (00009040)     _timer0cnt
00009052     241 (00009040)     _spiaRegs
00009054     241 (00009040)     _CpuTimer0Regs
00009056     241 (00009040)     _tempData2
00009058     241 (00009040)     _CpuTimer1Regs
0000905a     241 (00009040)     _interrupS
0000905c     241 (00009040)     _sciaRegs
0000905e     241 (00009040)     _xIntruptRegs
00009060     241 (00009040)     _spiData
00009062     241 (00009040)     _interrupSVectTable
00009064     241 (00009040)     _mcbspRegs
00009066     241 (00009040)     _flashRegs
00009068     241 (00009040)     _START_BIT
0000906a     241 (00009040)     _tempData1
0000906c     241 (00009040)     _START_BIT_BITS
0000906e     241 (00009040)     _CpuTimer2Regs
00009070     241 (00009040)     _refD
00009074     241 (00009040)     _iTot
00009078     241 (00009040)     _refQ
0000907c     241 (00009040)     _pwmValues

00009080     242 (00009080)     _dqP
00009088     242 (00009080)     _alBe
00009090     242 (00009080)     _dq
00009098     242 (00009080)     _saadFrameSend
000090a0     242 (00009080)     _alBeI
000090a8     242 (00009080)     _saadFrameResive
000090b0     242 (00009080)     _pwmRegS

000090c0     243 (000090c0)     _pwmHandle
000090cc     243 (000090c0)     _abcI
000090d8     243 (000090c0)     _abc

00009100     244 (00009100)     _adcRes

00009140     245 (00009140)     _motor1

00009180     246 (00009180)     _motor0

000091c0     247 (000091c0)     _spiModule

00009200     248 (00009200)     _pidD

00009280     24a (00009280)     _pidQ

00009300     24c (00009300)     _pidVel

00009380     24e (00009380)     _AMCconfArr

00009400     250 (00009400)     __unlock
00009402     250 (00009400)     __lock
00009404     250 (00009400)     ___TI_cleanup_ptr
00009406     250 (00009400)     ___TI_dtors_ptr

003f6c88    fdb2 (003f6c80)     _PieVectTableInit


GLOBAL SYMBOLS: SORTED ALPHABETICALLY BY Name 

address    name
--------   ----
003f4000   .text
003f6b5e   C$$EXIT
003f69be   FS$$DIV
003f57f5   _ADCINT1_ISR
003f57ff   _ADCINT2_ISR
003f5a07   _ADCINT3_ISR
003f5a11   _ADCINT4_ISR
003f5a1b   _ADCINT5_ISR
003f5a25   _ADCINT6_ISR
003f5a2f   _ADCINT7_ISR
003f5a39   _ADCINT8_ISR
003f581d   _ADCINT9_ISR
003f4652   _ADC_config
003f4a15   _AMCconf
00009380   _AMCconfArr
003f5a43   _CLA1_INT1_ISR
003f5a4d   _CLA1_INT2_ISR
003f5a57   _CLA1_INT3_ISR
003f5a61   _CLA1_INT4_ISR
003f5a6b   _CLA1_INT5_ISR
003f5a75   _CLA1_INT6_ISR
003f5a7f   _CLA1_INT7_ISR
003f5a89   _CLA1_INT8_ISR
003f656a   _CLK_disableAdcClock
003f6577   _CLK_disableClaClock
003f6584   _CLK_disableClkIn
003f6590   _CLK_disableCompClock
003f659c   _CLK_disableCpuTimerClock
003f65ab   _CLK_disableCrystalOsc
003f65b7   _CLK_disableEcanaClock
003f65c4   _CLK_disableEcap1Clock
003f65d1   _CLK_disableEqep1Clock
003f65de   _CLK_disableGpioInputClock
003f65eb   _CLK_disableHrPwmClock
003f65f8   _CLK_disableI2cClock
003f6605   _CLK_disableLinAClock
003f6612   _CLK_disableOsc1
003f661e   _CLK_disableOsc1HaltMode
003f662a   _CLK_disableOsc2
003f6636   _CLK_disableOsc2HaltMode
003f6642   _CLK_disablePwmClock
003f6653   _CLK_disableSciaClock
003f6660   _CLK_disableSpiaClock
003f666d   _CLK_disableSpibClock
003f6677   _CLK_disableTbClockSync
003f6684   _CLK_disableWatchDogHaltMode
003f6690   _CLK_enableAdcClock
003f669d   _CLK_enableClaClock
003f66f9   _CLK_enableClkIn
003f66aa   _CLK_enableCompClock
003f66b8   _CLK_enableCpuTimerClock
003f66c6   _CLK_enableCrystalOsc
003f66d2   _CLK_enableEcanaClock
003f66ec   _CLK_enableEcap1Clock
003f66df   _CLK_enableEqep1Clock
003f6705   _CLK_enableGpioInputClock
003f6712   _CLK_enableHrPwmClock
003f671f   _CLK_enableI2cClock
003f672c   _CLK_enableLinAClock
003f6739   _CLK_enableOsc1
003f6745   _CLK_enableOsc1HaltMode
003f6751   _CLK_enableOsc2
003f675d   _CLK_enableOsc2HaltMode
003f6769   _CLK_enablePwmClock
003f6779   _CLK_enableSciaClock
003f6786   _CLK_enableSpiaClock
003f6793   _CLK_enableSpibClock
003f67a0   _CLK_enableTbClockSync
003f67ad   _CLK_enableWatchDogHaltMode
003f67b9   _CLK_init
003f67c6   _CLK_setClkOutPreScaler
003f67d6   _CLK_setLowSpdPreScaler
003f67f4   _CLK_setOsc2Src
003f67e4   _CLK_setOscSrc
003f6804   _CLK_setTimer2PreScale
003f6814   _CLK_setTimer2Src
003f6824   _CLK_setWatchDogSrc
00009007   _COMMAND_BYTE
00009004   _COMMAND_BYTE_BITS
00009000   _CTRLSUM
0000900a   _CTRLSUM_BITS
003f4bed   _ConfigCpuTimer0
003f4c13   _ConfigCpuTimer1
003f4c38   _ConfigCpuTimer2
00009054   _CpuTimer0Regs
00009058   _CpuTimer1Regs
0000906e   _CpuTimer2Regs
00009009   _DATA
003f574b   _DATALOG_ISR
0000900c   _DATA_BITS
003f597b   _DINTCH1_ISR
003f5985   _DINTCH2_ISR
003f598f   _DINTCH3_ISR
003f5999   _DINTCH4_ISR
003f59a3   _DINTCH5_ISR
003f59ad   _DINTCH6_ISR
003f44d5   _DisableDog
003f59f3   _ECAN0INTA_ISR
003f59fd   _ECAN1INTA_ISR
003f58db   _ECAP1_INT_ISR
003f58e5   _ECAP2_INT_ISR
003f58ef   _ECAP3_INT_ISR
003f5ab1   _EMPTY_ISR
003f575f   _EMUINT_ISR
003f588b   _EPWM1_INT_ISR
003f583b   _EPWM1_TZINT_ISR
003f5895   _EPWM2_INT_ISR
003f5845   _EPWM2_TZINT_ISR
003f589f   _EPWM3_INT_ISR
003f584f   _EPWM3_TZINT_ISR
003f58a9   _EPWM4_INT_ISR
003f5859   _EPWM4_TZINT_ISR
003f58b3   _EPWM5_INT_ISR
003f5863   _EPWM5_TZINT_ISR
003f58bd   _EPWM6_INT_ISR
003f586d   _EPWM6_TZINT_ISR
003f58c7   _EPWM7_INT_ISR
003f5877   _EPWM7_TZINT_ISR
003f58d1   _EPWM8_INT_ISR
003f5881   _EPWM8_TZINT_ISR
003f590d   _EQEP1_INT_ISR
003f5917   _EQEP2_INT_ISR
003f6834   _GPIO_init
003f68cc   _GPIO_read
003f687d   _GPIO_setDirection
003f68b9   _GPIO_setExtInt
003f68f9   _GPIO_setHigh
003f6917   _GPIO_setLow
003f6935   _GPIO_setMode
003f6841   _GPIO_setPullup
003f69a0   _GPIO_toggle
003f653d   _GYRO_X_isr
003f58f9   _HRCAP1_INT_ISR
003f5903   _HRCAP2_INT_ISR
003f5921   _HRCAP3_INT_ISR
003f592b   _HRCAP4_INT_ISR
003f59b7   _I2CINT1A_ISR
003f59c1   _I2CINT2A_ISR
003f5773   _ILLEGAL_ISR
003f5737   _INT13_ISR
003f5741   _INT14_ISR
003f44df   _InitPll
003f5aa7   _LUF_ISR
003f5a9d   _LVF_ISR
003f5967   _MRINTA_ISR
003f5971   _MXINTA_ISR
003f5769   _NMI_ISR
003f5abe   _PIE_RESERVED
0000900b   _POSITION
00009021   _POSITION_BITS
003f6c88   _PieVectTableInit
003f5755   _RTOSINT_ISR
00008000   _RamfuncsLoadEnd
00000000   _RamfuncsLoadSize
00008000   _RamfuncsLoadStart
00008000   _RamfuncsRunStart
00009022   _SAAD_CTRL
0000902e   _SAAD_CTRL_ALL
00009024   _SAAD_CTRL_BITS
00009003   _SAAD_ST
00009023   _SAAD_ST_BITS
00009001   _SAAD_TESTS_BITS
00009005   _SAAD_TEST_RES
00009002   _SAAD_TEST_RES_BITS
003f59cb   _SCIRXINTA_ISR
003f59df   _SCIRXINTB_ISR
003f59d5   _SCITXINTA_ISR
003f59e9   _SCITXINTB_ISR
003f6529   _SCI_RX_isr
003f593f   _SPIRXINTA_ISR
003f5953   _SPIRXINTB_ISR
003f5949   _SPITXINTA_ISR
003f595d   _SPITXINTB_ISR
003f5519   _SPI_RX_isr
00009068   _START_BIT
0000906c   _START_BIT_BITS
003f44c7   _ServiceDog
003f5827   _TINT0_ISR
003f5935   _USB0_INT_ISR
003f57d7   _USER10_ISR
003f57e1   _USER11_ISR
003f57eb   _USER12_ISR
003f577d   _USER1_ISR
003f5787   _USER2_ISR
003f5791   _USER3_ISR
003f579b   _USER4_ISR
003f57a5   _USER5_ISR
003f57af   _USER6_ISR
003f57b9   _USER7_ISR
003f57c3   _USER8_ISR
003f57cd   _USER9_ISR
00009006   _VELOCITY
00009008   _VELOCITY_BITS
003f5831   _WAKEINT_ISR
003f5809   _XINT1_ISR
003f5813   _XINT2_ISR
003f5a93   _XINT3_ISR
00000350   __STACK_END
00000300   __STACK_SIZE
00000001   __TI_args_main
00009404   ___TI_cleanup_ptr
00009406   ___TI_dtors_ptr
ffffffff   ___binit__
ffffffff   ___c_args__
003f6d88   ___cinit__
003f6b88   ___etext__
ffffffff   ___pinit__
003f4000   ___text__
003f6b45   __args_main
00009402   __lock
003f6b7f   __nop
003f6b7b   __register_lock
003f6b77   __register_unlock
00000050   __stack
00009400   __unlock
000090d8   _abc
000090cc   _abcI
003f6b5e   _abort
00009048   _acel
003f4649   _adcInit
003f47cc   _adcRead
00009034   _adcRegs
00009100   _adcRes
00009038   _adcResRegs
003f6551   _adc_X_ISR
00009088   _alBe
000090a0   _alBeI
00009028   _alpha
00009026   _alpha1
003f51aa   _alphaF
0000900d   _apsL
0000900e   _apsR
003f6aff   _c_int00
003f4e72   _calcPWM
003f55d6   _calcSpeed
003f4fb2   _clarke
003f505c   _clarkeInv
003f4836   _clkInit
00009036   _clkS
003f491a   _clkg_delay_loop
003f6a46   _cos
00009018   _counter
003f5ad2   _cpu_timer0_isr
003f5fa3   _cpu_timer1_isr
003f5f1a   _cpu_timer2_isr
003f4e52   _crc8DATA
003f4e12   _crc8POS
003f4e32   _crc8VEL
00009017   _delay
003f4904   _delay_loop
003f4dd0   _disablePWM
00009090   _dq
00009080   _dqP
0000904e   _dt
003f6b60   _exit
003f4479   _flashInit
00009066   _flashRegs
003f447f   _flashSetup
003f4e04   _getMaxPWMVal
003f4230   _gpioInit
00009032   _gpioS
00009040   _i
00009074   _iTot
0000905a   _interrupS
003f4ba4   _interrupSDefVectTableInit
00009062   _interrupSVectTable
003f4b84   _interrupsCpuSetup
003f4b2f   _interrupsCtrlInit
003f4b23   _interrupsInit
003f4b79   _interruptSEnable
00009042   _j
0000903e   _jj
00009015   _lockDevEn
00009016   _lockDevSend
003f556b   _lockDevStart
00009013   _lockDevStepCount
003f52c1   _main
003f5106   _makeTest
003f4a11   _mcbspAddr
0000903a   _mcbspData
00009064   _mcbspRegs
003f497d   _mcbspSetupSpi
003f49ef   _mcbsp_read
003f49d4   _mcbsp_write
003f4930   _mcbspaInit
003f4936   _mcbspaSetup
00009014   _mode
00009044   _mode1cnt
00009046   _mode3cnt
00009180   _motor0
00009140   _motor1
00009012   _moveMode
003f4fe6   _park
003f5021   _parkInv
003f4eec   _pidCalc
00009200   _pidD
00009280   _pidQ
00009300   _pidVel
003f4eed   _pid_reg3_calc
000090c0   _pwmHandle
000090b0   _pwmRegS
003f4c5d   _pwmSInit
003f4c72   _pwmSetupWTest
0000907c   _pwmValues
00009070   _refD
00009078   _refQ
003f5ac8   _rsvd_ISR
000090a8   _saadFrameResive
00009098   _saadFrameSend
0000901c   _saadTests
0000901a   _saadTestsPs
00009020   _sciCounter
0000901f   _sciFramePart
0000901e   _sciSendCnt
003f4ad9   _sciaInit
003f4b14   _sciaRead
0000905c   _sciaRegs
003f4adf   _sciaSetup
003f4b19   _sciaWrite
0000900f   _sendDubSCI
00009010   _sendSCI
003f462b   _setExtOsc
003f45e0   _setIntOsc1
003f45f5   _setIntOsc2
003f4dae   _setPWMValues
003f4de5   _setPWMValuesArr
0000901d   _setSci
003f453e   _setUpPeripheralClocks
003f4610   _setXTALOsc
003f483f   _setupClks
003f4239   _setupGPIOs
003f446a   _setupGPIOsInterrupt
003f4870   _setupPeripheralClks
003f6aa7   _sin
0000902c   _speed
00009060   _spiData
003f4acb   _spiDisableFF
003f4ab6   _spiInit
000091c0   _spiModule
003f4abc   _spiSetupFF
00009052   _spiaRegs
003f4ee5   _stopMotor
00009030   _sysCtrlRegs
003f44a3   _systemInit
003f44a9   _systemSetup
0000906a   _tempData1
00009056   _tempData2
00009011   _testSciSend
0000903c   _time
0000904c   _timeUp
00009050   _timer0cnt
0000904a   _timer1cnt
003f4bcf   _timerInit
003f4bdb   _timerSConfig
003f421f   _usDelay
0000902a   _vel
00009019   _xData
0000905e   _xIntruptRegs
0000901b   _yData
ffffffff   binit
003f6d88   cinit
003f7ff6   code_start
003f6b88   etext
ffffffff   pinit


GLOBAL SYMBOLS: SORTED BY Symbol Address 

address    name
--------   ----
00000000   _RamfuncsLoadSize
00000001   __TI_args_main
00000050   __stack
00000300   __STACK_SIZE
00000350   __STACK_END
00008000   _RamfuncsLoadEnd
00008000   _RamfuncsLoadStart
00008000   _RamfuncsRunStart
00009000   _CTRLSUM
00009001   _SAAD_TESTS_BITS
00009002   _SAAD_TEST_RES_BITS
00009003   _SAAD_ST
00009004   _COMMAND_BYTE_BITS
00009005   _SAAD_TEST_RES
00009006   _VELOCITY
00009007   _COMMAND_BYTE
00009008   _VELOCITY_BITS
00009009   _DATA
0000900a   _CTRLSUM_BITS
0000900b   _POSITION
0000900c   _DATA_BITS
0000900d   _apsL
0000900e   _apsR
0000900f   _sendDubSCI
00009010   _sendSCI
00009011   _testSciSend
00009012   _moveMode
00009013   _lockDevStepCount
00009014   _mode
00009015   _lockDevEn
00009016   _lockDevSend
00009017   _delay
00009018   _counter
00009019   _xData
0000901a   _saadTestsPs
0000901b   _yData
0000901c   _saadTests
0000901d   _setSci
0000901e   _sciSendCnt
0000901f   _sciFramePart
00009020   _sciCounter
00009021   _POSITION_BITS
00009022   _SAAD_CTRL
00009023   _SAAD_ST_BITS
00009024   _SAAD_CTRL_BITS
00009026   _alpha1
00009028   _alpha
0000902a   _vel
0000902c   _speed
0000902e   _SAAD_CTRL_ALL
00009030   _sysCtrlRegs
00009032   _gpioS
00009034   _adcRegs
00009036   _clkS
00009038   _adcResRegs
0000903a   _mcbspData
0000903c   _time
0000903e   _jj
00009040   _i
00009042   _j
00009044   _mode1cnt
00009046   _mode3cnt
00009048   _acel
0000904a   _timer1cnt
0000904c   _timeUp
0000904e   _dt
00009050   _timer0cnt
00009052   _spiaRegs
00009054   _CpuTimer0Regs
00009056   _tempData2
00009058   _CpuTimer1Regs
0000905a   _interrupS
0000905c   _sciaRegs
0000905e   _xIntruptRegs
00009060   _spiData
00009062   _interrupSVectTable
00009064   _mcbspRegs
00009066   _flashRegs
00009068   _START_BIT
0000906a   _tempData1
0000906c   _START_BIT_BITS
0000906e   _CpuTimer2Regs
00009070   _refD
00009074   _iTot
00009078   _refQ
0000907c   _pwmValues
00009080   _dqP
00009088   _alBe
00009090   _dq
00009098   _saadFrameSend
000090a0   _alBeI
000090a8   _saadFrameResive
000090b0   _pwmRegS
000090c0   _pwmHandle
000090cc   _abcI
000090d8   _abc
00009100   _adcRes
00009140   _motor1
00009180   _motor0
000091c0   _spiModule
00009200   _pidD
00009280   _pidQ
00009300   _pidVel
00009380   _AMCconfArr
00009400   __unlock
00009402   __lock
00009404   ___TI_cleanup_ptr
00009406   ___TI_dtors_ptr
003f4000   .text
003f4000   ___text__
003f421f   _usDelay
003f4230   _gpioInit
003f4239   _setupGPIOs
003f446a   _setupGPIOsInterrupt
003f4479   _flashInit
003f447f   _flashSetup
003f44a3   _systemInit
003f44a9   _systemSetup
003f44c7   _ServiceDog
003f44d5   _DisableDog
003f44df   _InitPll
003f453e   _setUpPeripheralClocks
003f45e0   _setIntOsc1
003f45f5   _setIntOsc2
003f4610   _setXTALOsc
003f462b   _setExtOsc
003f4649   _adcInit
003f4652   _ADC_config
003f47cc   _adcRead
003f4836   _clkInit
003f483f   _setupClks
003f4870   _setupPeripheralClks
003f4904   _delay_loop
003f491a   _clkg_delay_loop
003f4930   _mcbspaInit
003f4936   _mcbspaSetup
003f497d   _mcbspSetupSpi
003f49d4   _mcbsp_write
003f49ef   _mcbsp_read
003f4a11   _mcbspAddr
003f4a15   _AMCconf
003f4ab6   _spiInit
003f4abc   _spiSetupFF
003f4acb   _spiDisableFF
003f4ad9   _sciaInit
003f4adf   _sciaSetup
003f4b14   _sciaRead
003f4b19   _sciaWrite
003f4b23   _interrupsInit
003f4b2f   _interrupsCtrlInit
003f4b79   _interruptSEnable
003f4b84   _interrupsCpuSetup
003f4ba4   _interrupSDefVectTableInit
003f4bcf   _timerInit
003f4bdb   _timerSConfig
003f4bed   _ConfigCpuTimer0
003f4c13   _ConfigCpuTimer1
003f4c38   _ConfigCpuTimer2
003f4c5d   _pwmSInit
003f4c72   _pwmSetupWTest
003f4dae   _setPWMValues
003f4dd0   _disablePWM
003f4de5   _setPWMValuesArr
003f4e04   _getMaxPWMVal
003f4e12   _crc8POS
003f4e32   _crc8VEL
003f4e52   _crc8DATA
003f4e72   _calcPWM
003f4ee5   _stopMotor
003f4eec   _pidCalc
003f4eed   _pid_reg3_calc
003f4fb2   _clarke
003f4fe6   _park
003f5021   _parkInv
003f505c   _clarkeInv
003f5106   _makeTest
003f51aa   _alphaF
003f52c1   _main
003f5519   _SPI_RX_isr
003f556b   _lockDevStart
003f55d6   _calcSpeed
003f5737   _INT13_ISR
003f5741   _INT14_ISR
003f574b   _DATALOG_ISR
003f5755   _RTOSINT_ISR
003f575f   _EMUINT_ISR
003f5769   _NMI_ISR
003f5773   _ILLEGAL_ISR
003f577d   _USER1_ISR
003f5787   _USER2_ISR
003f5791   _USER3_ISR
003f579b   _USER4_ISR
003f57a5   _USER5_ISR
003f57af   _USER6_ISR
003f57b9   _USER7_ISR
003f57c3   _USER8_ISR
003f57cd   _USER9_ISR
003f57d7   _USER10_ISR
003f57e1   _USER11_ISR
003f57eb   _USER12_ISR
003f57f5   _ADCINT1_ISR
003f57ff   _ADCINT2_ISR
003f5809   _XINT1_ISR
003f5813   _XINT2_ISR
003f581d   _ADCINT9_ISR
003f5827   _TINT0_ISR
003f5831   _WAKEINT_ISR
003f583b   _EPWM1_TZINT_ISR
003f5845   _EPWM2_TZINT_ISR
003f584f   _EPWM3_TZINT_ISR
003f5859   _EPWM4_TZINT_ISR
003f5863   _EPWM5_TZINT_ISR
003f586d   _EPWM6_TZINT_ISR
003f5877   _EPWM7_TZINT_ISR
003f5881   _EPWM8_TZINT_ISR
003f588b   _EPWM1_INT_ISR
003f5895   _EPWM2_INT_ISR
003f589f   _EPWM3_INT_ISR
003f58a9   _EPWM4_INT_ISR
003f58b3   _EPWM5_INT_ISR
003f58bd   _EPWM6_INT_ISR
003f58c7   _EPWM7_INT_ISR
003f58d1   _EPWM8_INT_ISR
003f58db   _ECAP1_INT_ISR
003f58e5   _ECAP2_INT_ISR
003f58ef   _ECAP3_INT_ISR
003f58f9   _HRCAP1_INT_ISR
003f5903   _HRCAP2_INT_ISR
003f590d   _EQEP1_INT_ISR
003f5917   _EQEP2_INT_ISR
003f5921   _HRCAP3_INT_ISR
003f592b   _HRCAP4_INT_ISR
003f5935   _USB0_INT_ISR
003f593f   _SPIRXINTA_ISR
003f5949   _SPITXINTA_ISR
003f5953   _SPIRXINTB_ISR
003f595d   _SPITXINTB_ISR
003f5967   _MRINTA_ISR
003f5971   _MXINTA_ISR
003f597b   _DINTCH1_ISR
003f5985   _DINTCH2_ISR
003f598f   _DINTCH3_ISR
003f5999   _DINTCH4_ISR
003f59a3   _DINTCH5_ISR
003f59ad   _DINTCH6_ISR
003f59b7   _I2CINT1A_ISR
003f59c1   _I2CINT2A_ISR
003f59cb   _SCIRXINTA_ISR
003f59d5   _SCITXINTA_ISR
003f59df   _SCIRXINTB_ISR
003f59e9   _SCITXINTB_ISR
003f59f3   _ECAN0INTA_ISR
003f59fd   _ECAN1INTA_ISR
003f5a07   _ADCINT3_ISR
003f5a11   _ADCINT4_ISR
003f5a1b   _ADCINT5_ISR
003f5a25   _ADCINT6_ISR
003f5a2f   _ADCINT7_ISR
003f5a39   _ADCINT8_ISR
003f5a43   _CLA1_INT1_ISR
003f5a4d   _CLA1_INT2_ISR
003f5a57   _CLA1_INT3_ISR
003f5a61   _CLA1_INT4_ISR
003f5a6b   _CLA1_INT5_ISR
003f5a75   _CLA1_INT6_ISR
003f5a7f   _CLA1_INT7_ISR
003f5a89   _CLA1_INT8_ISR
003f5a93   _XINT3_ISR
003f5a9d   _LVF_ISR
003f5aa7   _LUF_ISR
003f5ab1   _EMPTY_ISR
003f5abe   _PIE_RESERVED
003f5ac8   _rsvd_ISR
003f5ad2   _cpu_timer0_isr
003f5f1a   _cpu_timer2_isr
003f5fa3   _cpu_timer1_isr
003f6529   _SCI_RX_isr
003f653d   _GYRO_X_isr
003f6551   _adc_X_ISR
003f656a   _CLK_disableAdcClock
003f6577   _CLK_disableClaClock
003f6584   _CLK_disableClkIn
003f6590   _CLK_disableCompClock
003f659c   _CLK_disableCpuTimerClock
003f65ab   _CLK_disableCrystalOsc
003f65b7   _CLK_disableEcanaClock
003f65c4   _CLK_disableEcap1Clock
003f65d1   _CLK_disableEqep1Clock
003f65de   _CLK_disableGpioInputClock
003f65eb   _CLK_disableHrPwmClock
003f65f8   _CLK_disableI2cClock
003f6605   _CLK_disableLinAClock
003f6612   _CLK_disableOsc1
003f661e   _CLK_disableOsc1HaltMode
003f662a   _CLK_disableOsc2
003f6636   _CLK_disableOsc2HaltMode
003f6642   _CLK_disablePwmClock
003f6653   _CLK_disableSciaClock
003f6660   _CLK_disableSpiaClock
003f666d   _CLK_disableSpibClock
003f6677   _CLK_disableTbClockSync
003f6684   _CLK_disableWatchDogHaltMode
003f6690   _CLK_enableAdcClock
003f669d   _CLK_enableClaClock
003f66aa   _CLK_enableCompClock
003f66b8   _CLK_enableCpuTimerClock
003f66c6   _CLK_enableCrystalOsc
003f66d2   _CLK_enableEcanaClock
003f66df   _CLK_enableEqep1Clock
003f66ec   _CLK_enableEcap1Clock
003f66f9   _CLK_enableClkIn
003f6705   _CLK_enableGpioInputClock
003f6712   _CLK_enableHrPwmClock
003f671f   _CLK_enableI2cClock
003f672c   _CLK_enableLinAClock
003f6739   _CLK_enableOsc1
003f6745   _CLK_enableOsc1HaltMode
003f6751   _CLK_enableOsc2
003f675d   _CLK_enableOsc2HaltMode
003f6769   _CLK_enablePwmClock
003f6779   _CLK_enableSciaClock
003f6786   _CLK_enableSpiaClock
003f6793   _CLK_enableSpibClock
003f67a0   _CLK_enableTbClockSync
003f67ad   _CLK_enableWatchDogHaltMode
003f67b9   _CLK_init
003f67c6   _CLK_setClkOutPreScaler
003f67d6   _CLK_setLowSpdPreScaler
003f67e4   _CLK_setOscSrc
003f67f4   _CLK_setOsc2Src
003f6804   _CLK_setTimer2PreScale
003f6814   _CLK_setTimer2Src
003f6824   _CLK_setWatchDogSrc
003f6834   _GPIO_init
003f6841   _GPIO_setPullup
003f687d   _GPIO_setDirection
003f68b9   _GPIO_setExtInt
003f68cc   _GPIO_read
003f68f9   _GPIO_setHigh
003f6917   _GPIO_setLow
003f6935   _GPIO_setMode
003f69a0   _GPIO_toggle
003f69be   FS$$DIV
003f6a46   _cos
003f6aa7   _sin
003f6aff   _c_int00
003f6b45   __args_main
003f6b5e   C$$EXIT
003f6b5e   _abort
003f6b60   _exit
003f6b77   __register_unlock
003f6b7b   __register_lock
003f6b7f   __nop
003f6b88   ___etext__
003f6b88   etext
003f6c88   _PieVectTableInit
003f6d88   ___cinit__
003f6d88   cinit
003f7ff6   code_start
ffffffff   ___binit__
ffffffff   ___c_args__
ffffffff   ___pinit__
ffffffff   binit
ffffffff   pinit

[364 symbols]
