******************************************************************************
             TMS320C2000 Linker PC v6.2.7                      
******************************************************************************
>> Linked Fri Nov 24 18:53:33 2017

OUTPUT FILE NAME:   <motorsEpsilonC2.out>
ENTRY POINT SYMBOL: "_c_int00"  address: 003f6c00


MEMORY CONFIGURATION

         name            origin    length      used     unused   attr    fill
----------------------  --------  ---------  --------  --------  ----  --------
PAGE 0:
  RAML0                 00008000   00000800  00000000  00000800  RWIX
  RAML1                 00008800   00000400  00000000  00000400  RWIX
  OTP                   003d7800   00000400  00000000  00000400  RWIX
  FLASHH                003d8000   00004000  00000000  00004000  RWIX
  FLASHG                003dc000   00004000  00000000  00004000  RWIX
  FLASHF                003e0000   00004000  00000000  00004000  RWIX
  FLASHE                003e4000   00004000  00000000  00004000  RWIX
  FLASHD                003e8000   00004000  00000000  00004000  RWIX
  FLASHC                003ec000   00004000  00000000  00004000  RWIX
  FLASHA                003f4000   00003f80  00003061  00000f1f  RWIX
  CSM_RSVD              003f7f80   00000076  00000000  00000076  RWIX
  BEGIN                 003f7ff6   00000002  00000002  00000000  RWIX
  CSM_PWL_P0            003f7ff8   00000008  00000000  00000008  RWIX
  FPUTABLES             003fd860   000006a0  00000000  000006a0  RWIX
  IQTABLES              003fdf00   00000b50  00000000  00000b50  RWIX
  IQTABLES2             003fea50   0000008c  00000000  0000008c  RWIX
  IQTABLES3             003feadc   000000aa  00000000  000000aa  RWIX
  ROM                   003ff3b0   00000c10  00000000  00000c10  RWIX
  RESET                 003fffc0   00000002  00000000  00000002  RWIX
  VECTORS               003fffc2   0000003e  00000000  0000003e  RWIX

PAGE 1:
  BOOT_RSVD             00000000   00000050  00000000  00000050  RWIX
  RAMM0                 00000050   000003b0  00000300  000000b0  RWIX
  RAMM1                 00000400   00000400  00000000  00000400  RWIX
  RAML2                 00008c00   00000400  00000000  00000400  RWIX
  RAML3                 00009000   00001000  00000408  00000bf8  RWIX
  RAML4                 0000a000   00002000  00000000  00002000  RWIX
  RAML5                 0000c000   00002000  00000000  00002000  RWIX
  RAML6                 0000e000   00002000  00000000  00002000  RWIX
  RAML7                 00010000   00002000  00000000  00002000  RWIX
  RAML8                 00012000   00002000  00000000  00002000  RWIX
  USB_RAM               00040000   00000800  00000000  00000800  RWIX
  FLASHB                003f0000   00004000  00000000  00004000  RWIX


SECTION ALLOCATION MAP

 output                                  attributes/
section   page    origin      length       input sections
--------  ----  ----------  ----------   ----------------
.pinit     0    003f4000    00000000     UNINITIALIZED

ramfuncs   0    00008000    00000000     UNINITIALIZED

.text      0    003f4000    00002c89     
                  003f4000    00001799     main.obj (.text)
                  003f5799    00000ebb     main.obj (.text:retain)
                  003f6654    000002cc     clk.obj (.text)
                  003f6920    0000019f     gpio.obj (.text)
                  003f6abf    00000088     rts2800_fpu32.lib : fs_div.obj (.text)
                  003f6b47    00000061                       : cos.obj (.text)
                  003f6ba8    00000058                       : sin.obj (.text)
                  003f6c00    00000046                       : boot.obj (.text)
                  003f6c46    00000019                       : args_main.obj (.text)
                  003f6c5f    00000019                       : exit.obj (.text)
                  003f6c78    00000009                       : _lock.obj (.text)
                  003f6c81    00000008     F2806x_CodeStartBranch.obj (.text)

.econst    0    003f6c8a    00000200     
                  003f6c8a    00000100     main.obj (.econst:.string:_CRC_TABLE)
                  003f6d8a    00000100     main.obj (.econst)

.cinit     0    003f6e8a    000001b8     
                  003f6e8a    000001a2     main.obj (.cinit)
                  003f702c    0000000a     rts2800_fpu32.lib : _lock.obj (.cinit)
                  003f7036    0000000a                       : exit.obj (.cinit)
                  003f7040    00000002     --HOLE-- [fill = 0]

.switch    0    003f7042    00000020     
                  003f7042    00000020     main.obj (.switch:_adcRead)

codestart 
*          0    003f7ff6    00000002     
                  003f7ff6    00000002     F2806x_CodeStartBranch.obj (codestart)

.reset     0    003fffc0    00000002     DSECT
                  003fffc0    00000002     rts2800_fpu32.lib : boot.obj (.reset)

vectors    0    003fffc2    00000000     DSECT

.stack     1    00000050    00000300     UNINITIALIZED
                  00000050    00000300     --HOLE--

.ebss      1    00009000    00000408     UNINITIALIZED
                  00009000    00000400     main.obj (.ebss)
                  00009400    00000004     rts2800_fpu32.lib : _lock.obj (.ebss)
                  00009404    00000004                       : exit.obj (.ebss)


GLOBAL DATA SYMBOLS: SORTED BY DATA PAGE

address     data page           name
--------    ----------------    ----
00000050       1 (00000040)     __stack

00009000     240 (00009000)     _CTRLSUM
00009001     240 (00009000)     _SAAD_TESTS_BITS
00009002     240 (00009000)     _SAAD_TEST_RES_BITS
00009003     240 (00009000)     _SAAD_ST
00009004     240 (00009000)     _COMMAND_BYTE_BITS
00009005     240 (00009000)     _SAAD_TEST_RES
00009006     240 (00009000)     _VELOCITY
00009007     240 (00009000)     _COMMAND_BYTE
00009008     240 (00009000)     _VELOCITY_BITS
00009009     240 (00009000)     _DATA
0000900a     240 (00009000)     _CTRLSUM_BITS
0000900b     240 (00009000)     _POSITION
0000900c     240 (00009000)     _DATA_BITS
0000900d     240 (00009000)     _apsL
0000900e     240 (00009000)     _apsR
0000900f     240 (00009000)     _sendDubSCI
00009010     240 (00009000)     _sendSCI
00009011     240 (00009000)     _testSciSend
00009012     240 (00009000)     _moveMode
00009013     240 (00009000)     _lockDevStepCount
00009014     240 (00009000)     _mode
00009015     240 (00009000)     _lockDevEn
00009016     240 (00009000)     _lockDevSend
00009017     240 (00009000)     _delay
00009018     240 (00009000)     _counter
00009019     240 (00009000)     _xData
0000901a     240 (00009000)     _saadTestsPs
0000901b     240 (00009000)     _yData
0000901c     240 (00009000)     _saadTests
0000901d     240 (00009000)     _setSci
0000901e     240 (00009000)     _sciSendCnt
0000901f     240 (00009000)     _sciFramePart
00009020     240 (00009000)     _sciCounter
00009021     240 (00009000)     _POSITION_BITS
00009022     240 (00009000)     _SAAD_CTRL
00009023     240 (00009000)     _SAAD_ST_BITS
00009024     240 (00009000)     _SAAD_CTRL_BITS
00009026     240 (00009000)     _alpha1
00009028     240 (00009000)     _alpha
0000902a     240 (00009000)     _vel
0000902c     240 (00009000)     _speed
0000902e     240 (00009000)     _SAAD_CTRL_ALL
00009030     240 (00009000)     _sysCtrlRegs
00009032     240 (00009000)     _gpioS
00009034     240 (00009000)     _adcRegs
00009036     240 (00009000)     _clkS
00009038     240 (00009000)     _adcResRegs
0000903a     240 (00009000)     _mcbspData
0000903c     240 (00009000)     _time
0000903e     240 (00009000)     _jj

00009040     241 (00009040)     _i
00009042     241 (00009040)     _j
00009044     241 (00009040)     _mode1cnt
00009046     241 (00009040)     _mode3cnt
00009048     241 (00009040)     _acel
0000904a     241 (00009040)     _timer1cnt
0000904c     241 (00009040)     _timeUp
0000904e     241 (00009040)     _dt
00009050     241 (00009040)     _timer0cnt
00009052     241 (00009040)     _spiaRegs
00009054     241 (00009040)     _CpuTimer0Regs
00009056     241 (00009040)     _tempData2
00009058     241 (00009040)     _CpuTimer1Regs
0000905a     241 (00009040)     _interrupS
0000905c     241 (00009040)     _sciaRegs
0000905e     241 (00009040)     _xIntruptRegs
00009060     241 (00009040)     _spiData
00009062     241 (00009040)     _interrupSVectTable
00009064     241 (00009040)     _mcbspRegs
00009066     241 (00009040)     _flashRegs
00009068     241 (00009040)     _START_BIT
0000906a     241 (00009040)     _tempData1
0000906c     241 (00009040)     _START_BIT_BITS
0000906e     241 (00009040)     _CpuTimer2Regs
00009070     241 (00009040)     _refD
00009074     241 (00009040)     _iTot
00009078     241 (00009040)     _refQ
0000907c     241 (00009040)     _pwmValues

00009080     242 (00009080)     _dqP
00009088     242 (00009080)     _alBe
00009090     242 (00009080)     _dq
00009098     242 (00009080)     _saadFrameSend
000090a0     242 (00009080)     _alBeI
000090a8     242 (00009080)     _saadFrameResive
000090b0     242 (00009080)     _pwmRegS

000090c0     243 (000090c0)     _pwmHandle
000090cc     243 (000090c0)     _abcI
000090d8     243 (000090c0)     _abc

00009100     244 (00009100)     _adcRes

00009140     245 (00009140)     _motor1

00009180     246 (00009180)     _motor0

000091c0     247 (000091c0)     _spiModule

00009200     248 (00009200)     _pidD

00009280     24a (00009280)     _pidQ

00009300     24c (00009300)     _pidVel

00009380     24e (00009380)     _AMCconfArr

00009400     250 (00009400)     __unlock
00009402     250 (00009400)     __lock
00009404     250 (00009400)     ___TI_cleanup_ptr
00009406     250 (00009400)     ___TI_dtors_ptr

003f6d8a    fdb6 (003f6d80)     _PieVectTableInit


GLOBAL SYMBOLS: SORTED ALPHABETICALLY BY Name 

address    name
--------   ----
003f4000   .text
003f6c5f   C$$EXIT
003f6abf   FS$$DIV
003f586a   _ADCINT1_ISR
003f5875   _ADCINT2_ISR
003f5ab1   _ADCINT3_ISR
003f5abc   _ADCINT4_ISR
003f5ac7   _ADCINT5_ISR
003f5ad2   _ADCINT6_ISR
003f5add   _ADCINT7_ISR
003f5ae8   _ADCINT8_ISR
003f5896   _ADCINT9_ISR
003f4655   _ADC_config
003f4a34   _AMCconf
00009380   _AMCconfArr
003f5af3   _CLA1_INT1_ISR
003f5afe   _CLA1_INT2_ISR
003f5b09   _CLA1_INT3_ISR
003f5b14   _CLA1_INT4_ISR
003f5b1f   _CLA1_INT5_ISR
003f5b2a   _CLA1_INT6_ISR
003f5b35   _CLA1_INT7_ISR
003f5b40   _CLA1_INT8_ISR
003f6654   _CLK_disableAdcClock
003f6661   _CLK_disableClaClock
003f666e   _CLK_disableClkIn
003f667a   _CLK_disableCompClock
003f6686   _CLK_disableCpuTimerClock
003f6695   _CLK_disableCrystalOsc
003f66a1   _CLK_disableEcanaClock
003f66ae   _CLK_disableEcap1Clock
003f66bb   _CLK_disableEqep1Clock
003f66c8   _CLK_disableGpioInputClock
003f66d5   _CLK_disableHrPwmClock
003f66e2   _CLK_disableI2cClock
003f66ef   _CLK_disableLinAClock
003f66fc   _CLK_disableOsc1
003f6708   _CLK_disableOsc1HaltMode
003f6714   _CLK_disableOsc2
003f6720   _CLK_disableOsc2HaltMode
003f672c   _CLK_disablePwmClock
003f673d   _CLK_disableSciaClock
003f674a   _CLK_disableSpiaClock
003f6757   _CLK_disableSpibClock
003f6761   _CLK_disableTbClockSync
003f676e   _CLK_disableWatchDogHaltMode
003f677a   _CLK_enableAdcClock
003f6787   _CLK_enableClaClock
003f67e3   _CLK_enableClkIn
003f6794   _CLK_enableCompClock
003f67a2   _CLK_enableCpuTimerClock
003f67b0   _CLK_enableCrystalOsc
003f67bc   _CLK_enableEcanaClock
003f67d6   _CLK_enableEcap1Clock
003f67c9   _CLK_enableEqep1Clock
003f67ef   _CLK_enableGpioInputClock
003f67fc   _CLK_enableHrPwmClock
003f6809   _CLK_enableI2cClock
003f6816   _CLK_enableLinAClock
003f6823   _CLK_enableOsc1
003f682f   _CLK_enableOsc1HaltMode
003f683b   _CLK_enableOsc2
003f6847   _CLK_enableOsc2HaltMode
003f6853   _CLK_enablePwmClock
003f6863   _CLK_enableSciaClock
003f6870   _CLK_enableSpiaClock
003f687d   _CLK_enableSpibClock
003f688a   _CLK_enableTbClockSync
003f6897   _CLK_enableWatchDogHaltMode
003f68a3   _CLK_init
003f68b2   _CLK_setClkOutPreScaler
003f68c2   _CLK_setLowSpdPreScaler
003f68e0   _CLK_setOsc2Src
003f68d0   _CLK_setOscSrc
003f68f0   _CLK_setTimer2PreScale
003f6900   _CLK_setTimer2Src
003f6910   _CLK_setWatchDogSrc
00009007   _COMMAND_BYTE
00009004   _COMMAND_BYTE_BITS
00009000   _CTRLSUM
0000900a   _CTRLSUM_BITS
003f4c16   _ConfigCpuTimer0
003f4c3c   _ConfigCpuTimer1
003f4c61   _ConfigCpuTimer2
00009054   _CpuTimer0Regs
00009058   _CpuTimer1Regs
0000906e   _CpuTimer2Regs
00009009   _DATA
003f57af   _DATALOG_ISR
0000900c   _DATA_BITS
003f5a17   _DINTCH1_ISR
003f5a22   _DINTCH2_ISR
003f5a2d   _DINTCH3_ISR
003f5a38   _DINTCH4_ISR
003f5a43   _DINTCH5_ISR
003f5a4e   _DINTCH6_ISR
003f44d8   _DisableDog
003f5a9b   _ECAN0INTA_ISR
003f5aa6   _ECAN1INTA_ISR
003f5967   _ECAP1_INT_ISR
003f5972   _ECAP2_INT_ISR
003f597d   _ECAP3_INT_ISR
003f5b6c   _EMPTY_ISR
003f57c5   _EMUINT_ISR
003f590f   _EPWM1_INT_ISR
003f58b7   _EPWM1_TZINT_ISR
003f591a   _EPWM2_INT_ISR
003f58c2   _EPWM2_TZINT_ISR
003f5925   _EPWM3_INT_ISR
003f58cd   _EPWM3_TZINT_ISR
003f5930   _EPWM4_INT_ISR
003f58d8   _EPWM4_TZINT_ISR
003f593b   _EPWM5_INT_ISR
003f58e3   _EPWM5_TZINT_ISR
003f5946   _EPWM6_INT_ISR
003f58ee   _EPWM6_TZINT_ISR
003f5951   _EPWM7_INT_ISR
003f58f9   _EPWM7_TZINT_ISR
003f595c   _EPWM8_INT_ISR
003f5904   _EPWM8_TZINT_ISR
003f599e   _EQEP1_INT_ISR
003f59a9   _EQEP2_INT_ISR
003f6920   _GPIO_init
003f69be   _GPIO_read
003f696d   _GPIO_setDirection
003f69ab   _GPIO_setExtInt
003f69ee   _GPIO_setHigh
003f6a0e   _GPIO_setLow
003f6a2e   _GPIO_setMode
003f692f   _GPIO_setPullup
003f6a9f   _GPIO_toggle
003f6627   _GYRO_X_isr
003f5988   _HRCAP1_INT_ISR
003f5993   _HRCAP2_INT_ISR
003f59b4   _HRCAP3_INT_ISR
003f59bf   _HRCAP4_INT_ISR
003f5a59   _I2CINT1A_ISR
003f5a64   _I2CINT2A_ISR
003f57db   _ILLEGAL_ISR
003f5799   _INT13_ISR
003f57a4   _INT14_ISR
003f44e2   _InitPll
003f5b61   _LUF_ISR
003f5b56   _LVF_ISR
003f5a01   _MRINTA_ISR
003f5a0c   _MXINTA_ISR
003f57d0   _NMI_ISR
003f5b79   _PIE_RESERVED
0000900b   _POSITION
00009021   _POSITION_BITS
003f6d8a   _PieVectTableInit
003f57ba   _RTOSINT_ISR
00008000   _RamfuncsLoadEnd
00000000   _RamfuncsLoadSize
00008000   _RamfuncsLoadStart
00008000   _RamfuncsRunStart
00009022   _SAAD_CTRL
0000902e   _SAAD_CTRL_ALL
00009024   _SAAD_CTRL_BITS
00009003   _SAAD_ST
00009023   _SAAD_ST_BITS
00009001   _SAAD_TESTS_BITS
00009005   _SAAD_TEST_RES
00009002   _SAAD_TEST_RES_BITS
003f5a6f   _SCIRXINTA_ISR
003f5a85   _SCIRXINTB_ISR
003f5a7a   _SCITXINTA_ISR
003f5a90   _SCITXINTB_ISR
003f6613   _SCI_RX_isr
003f59d5   _SPIRXINTA_ISR
003f59eb   _SPIRXINTB_ISR
003f59e0   _SPITXINTA_ISR
003f59f6   _SPITXINTB_ISR
003f5564   _SPI_RX_isr
00009068   _START_BIT
0000906c   _START_BIT_BITS
003f44ca   _ServiceDog
003f58a1   _TINT0_ISR
003f59ca   _USB0_INT_ISR
003f5849   _USER10_ISR
003f5854   _USER11_ISR
003f585f   _USER12_ISR
003f57e6   _USER1_ISR
003f57f1   _USER2_ISR
003f57fc   _USER3_ISR
003f5807   _USER4_ISR
003f5812   _USER5_ISR
003f581d   _USER6_ISR
003f5828   _USER7_ISR
003f5833   _USER8_ISR
003f583e   _USER9_ISR
00009006   _VELOCITY
00009008   _VELOCITY_BITS
003f58ac   _WAKEINT_ISR
003f5880   _XINT1_ISR
003f588b   _XINT2_ISR
003f5b4b   _XINT3_ISR
00000350   __STACK_END
00000300   __STACK_SIZE
00000001   __TI_args_main
00009404   ___TI_cleanup_ptr
00009406   ___TI_dtors_ptr
ffffffff   ___binit__
ffffffff   ___c_args__
003f6e8a   ___cinit__
003f6c89   ___etext__
ffffffff   ___pinit__
003f4000   ___text__
003f6c46   __args_main
00009402   __lock
003f6c80   __nop
003f6c7c   __register_lock
003f6c78   __register_unlock
00000050   __stack
00009400   __unlock
000090d8   _abc
000090cc   _abcI
003f6c5f   _abort
00009048   _acel
003f464c   _adcInit
003f47d1   _adcRead
00009034   _adcRegs
00009100   _adcRes
00009038   _adcResRegs
003f663b   _adc_X_ISR
00009088   _alBe
000090a0   _alBeI
00009028   _alpha
00009026   _alpha1
003f51eb   _alphaF
0000900d   _apsL
0000900e   _apsR
003f6c00   _c_int00
003f4e9d   _calcPWM
003f562e   _calcSpeed
003f4fe4   _clarke
003f508e   _clarkeInv
003f484d   _clkInit
00009036   _clkS
003f4933   _clkg_delay_loop
003f6b47   _cos
00009018   _counter
003f5b8f   _cpu_timer0_isr
003f6076   _cpu_timer1_isr
003f5fed   _cpu_timer2_isr
003f4e7d   _crc8DATA
003f4e3d   _crc8POS
003f4e5d   _crc8VEL
00009017   _delay
003f491b   _delay_loop
003f4df9   _disablePWM
00009090   _dq
00009080   _dqP
0000904e   _dt
003f6c61   _exit
003f447c   _flashInit
00009066   _flashRegs
003f4482   _flashSetup
003f4e2f   _getMaxPWMVal
003f4233   _gpioInit
00009032   _gpioS
00009040   _i
00009074   _iTot
0000905a   _interrupS
003f4bcb   _interrupSDefVectTableInit
00009062   _interrupSVectTable
003f4bab   _interrupsCpuSetup
003f4b56   _interrupsCtrlInit
003f4b4a   _interrupsInit
003f4ba0   _interruptSEnable
00009042   _j
0000903e   _jj
00009015   _lockDevEn
00009016   _lockDevSend
003f55b7   _lockDevStart
00009013   _lockDevStepCount
003f5302   _main
003f513d   _makeTest
003f4a30   _mcbspAddr
0000903a   _mcbspData
00009064   _mcbspRegs
003f4998   _mcbspSetupSpi
003f4a0c   _mcbsp_read
003f49ef   _mcbsp_write
003f494b   _mcbspaInit
003f4951   _mcbspaSetup
00009014   _mode
00009044   _mode1cnt
00009046   _mode3cnt
00009180   _motor0
00009140   _motor1
00009012   _moveMode
003f5018   _park
003f5053   _parkInv
003f4f17   _pidCalc
00009200   _pidD
00009280   _pidQ
00009300   _pidVel
003f4f18   _pid_reg3_calc
000090c0   _pwmHandle
000090b0   _pwmRegS
003f4c86   _pwmSInit
003f4c9b   _pwmSetupWTest
0000907c   _pwmValues
00009070   _refD
00009078   _refQ
003f5b84   _rsvd_ISR
000090a8   _saadFrameResive
00009098   _saadFrameSend
0000901c   _saadTests
0000901a   _saadTestsPs
00009020   _sciCounter
0000901f   _sciFramePart
0000901e   _sciSendCnt
003f4b00   _sciaInit
003f4b3b   _sciaRead
0000905c   _sciaRegs
003f4b06   _sciaSetup
003f4b40   _sciaWrite
0000900f   _sendDubSCI
00009010   _sendSCI
003f462e   _setExtOsc
003f45e3   _setIntOsc1
003f45f8   _setIntOsc2
003f4dd7   _setPWMValues
003f4e0e   _setPWMValuesArr
0000901d   _setSci
003f4541   _setUpPeripheralClocks
003f4613   _setXTALOsc
003f4856   _setupClks
003f423c   _setupGPIOs
003f446d   _setupGPIOsInterrupt
003f4887   _setupPeripheralClks
003f6ba8   _sin
0000902c   _speed
00009060   _spiData
003f4af2   _spiDisableFF
003f4add   _spiInit
000091c0   _spiModule
003f4ae3   _spiSetupFF
00009052   _spiaRegs
003f4f10   _stopMotor
00009030   _sysCtrlRegs
003f44a6   _systemInit
003f44ac   _systemSetup
0000906a   _tempData1
00009056   _tempData2
00009011   _testSciSend
0000903c   _time
0000904c   _timeUp
00009050   _timer0cnt
0000904a   _timer1cnt
003f4bf8   _timerInit
003f4c04   _timerSConfig
003f4222   _usDelay
0000902a   _vel
00009019   _xData
0000905e   _xIntruptRegs
0000901b   _yData
ffffffff   binit
003f6e8a   cinit
003f7ff6   code_start
003f6c89   etext
ffffffff   pinit


GLOBAL SYMBOLS: SORTED BY Symbol Address 

address    name
--------   ----
00000000   _RamfuncsLoadSize
00000001   __TI_args_main
00000050   __stack
00000300   __STACK_SIZE
00000350   __STACK_END
00008000   _RamfuncsLoadEnd
00008000   _RamfuncsLoadStart
00008000   _RamfuncsRunStart
00009000   _CTRLSUM
00009001   _SAAD_TESTS_BITS
00009002   _SAAD_TEST_RES_BITS
00009003   _SAAD_ST
00009004   _COMMAND_BYTE_BITS
00009005   _SAAD_TEST_RES
00009006   _VELOCITY
00009007   _COMMAND_BYTE
00009008   _VELOCITY_BITS
00009009   _DATA
0000900a   _CTRLSUM_BITS
0000900b   _POSITION
0000900c   _DATA_BITS
0000900d   _apsL
0000900e   _apsR
0000900f   _sendDubSCI
00009010   _sendSCI
00009011   _testSciSend
00009012   _moveMode
00009013   _lockDevStepCount
00009014   _mode
00009015   _lockDevEn
00009016   _lockDevSend
00009017   _delay
00009018   _counter
00009019   _xData
0000901a   _saadTestsPs
0000901b   _yData
0000901c   _saadTests
0000901d   _setSci
0000901e   _sciSendCnt
0000901f   _sciFramePart
00009020   _sciCounter
00009021   _POSITION_BITS
00009022   _SAAD_CTRL
00009023   _SAAD_ST_BITS
00009024   _SAAD_CTRL_BITS
00009026   _alpha1
00009028   _alpha
0000902a   _vel
0000902c   _speed
0000902e   _SAAD_CTRL_ALL
00009030   _sysCtrlRegs
00009032   _gpioS
00009034   _adcRegs
00009036   _clkS
00009038   _adcResRegs
0000903a   _mcbspData
0000903c   _time
0000903e   _jj
00009040   _i
00009042   _j
00009044   _mode1cnt
00009046   _mode3cnt
00009048   _acel
0000904a   _timer1cnt
0000904c   _timeUp
0000904e   _dt
00009050   _timer0cnt
00009052   _spiaRegs
00009054   _CpuTimer0Regs
00009056   _tempData2
00009058   _CpuTimer1Regs
0000905a   _interrupS
0000905c   _sciaRegs
0000905e   _xIntruptRegs
00009060   _spiData
00009062   _interrupSVectTable
00009064   _mcbspRegs
00009066   _flashRegs
00009068   _START_BIT
0000906a   _tempData1
0000906c   _START_BIT_BITS
0000906e   _CpuTimer2Regs
00009070   _refD
00009074   _iTot
00009078   _refQ
0000907c   _pwmValues
00009080   _dqP
00009088   _alBe
00009090   _dq
00009098   _saadFrameSend
000090a0   _alBeI
000090a8   _saadFrameResive
000090b0   _pwmRegS
000090c0   _pwmHandle
000090cc   _abcI
000090d8   _abc
00009100   _adcRes
00009140   _motor1
00009180   _motor0
000091c0   _spiModule
00009200   _pidD
00009280   _pidQ
00009300   _pidVel
00009380   _AMCconfArr
00009400   __unlock
00009402   __lock
00009404   ___TI_cleanup_ptr
00009406   ___TI_dtors_ptr
003f4000   .text
003f4000   ___text__
003f4222   _usDelay
003f4233   _gpioInit
003f423c   _setupGPIOs
003f446d   _setupGPIOsInterrupt
003f447c   _flashInit
003f4482   _flashSetup
003f44a6   _systemInit
003f44ac   _systemSetup
003f44ca   _ServiceDog
003f44d8   _DisableDog
003f44e2   _InitPll
003f4541   _setUpPeripheralClocks
003f45e3   _setIntOsc1
003f45f8   _setIntOsc2
003f4613   _setXTALOsc
003f462e   _setExtOsc
003f464c   _adcInit
003f4655   _ADC_config
003f47d1   _adcRead
003f484d   _clkInit
003f4856   _setupClks
003f4887   _setupPeripheralClks
003f491b   _delay_loop
003f4933   _clkg_delay_loop
003f494b   _mcbspaInit
003f4951   _mcbspaSetup
003f4998   _mcbspSetupSpi
003f49ef   _mcbsp_write
003f4a0c   _mcbsp_read
003f4a30   _mcbspAddr
003f4a34   _AMCconf
003f4add   _spiInit
003f4ae3   _spiSetupFF
003f4af2   _spiDisableFF
003f4b00   _sciaInit
003f4b06   _sciaSetup
003f4b3b   _sciaRead
003f4b40   _sciaWrite
003f4b4a   _interrupsInit
003f4b56   _interrupsCtrlInit
003f4ba0   _interruptSEnable
003f4bab   _interrupsCpuSetup
003f4bcb   _interrupSDefVectTableInit
003f4bf8   _timerInit
003f4c04   _timerSConfig
003f4c16   _ConfigCpuTimer0
003f4c3c   _ConfigCpuTimer1
003f4c61   _ConfigCpuTimer2
003f4c86   _pwmSInit
003f4c9b   _pwmSetupWTest
003f4dd7   _setPWMValues
003f4df9   _disablePWM
003f4e0e   _setPWMValuesArr
003f4e2f   _getMaxPWMVal
003f4e3d   _crc8POS
003f4e5d   _crc8VEL
003f4e7d   _crc8DATA
003f4e9d   _calcPWM
003f4f10   _stopMotor
003f4f17   _pidCalc
003f4f18   _pid_reg3_calc
003f4fe4   _clarke
003f5018   _park
003f5053   _parkInv
003f508e   _clarkeInv
003f513d   _makeTest
003f51eb   _alphaF
003f5302   _main
003f5564   _SPI_RX_isr
003f55b7   _lockDevStart
003f562e   _calcSpeed
003f5799   _INT13_ISR
003f57a4   _INT14_ISR
003f57af   _DATALOG_ISR
003f57ba   _RTOSINT_ISR
003f57c5   _EMUINT_ISR
003f57d0   _NMI_ISR
003f57db   _ILLEGAL_ISR
003f57e6   _USER1_ISR
003f57f1   _USER2_ISR
003f57fc   _USER3_ISR
003f5807   _USER4_ISR
003f5812   _USER5_ISR
003f581d   _USER6_ISR
003f5828   _USER7_ISR
003f5833   _USER8_ISR
003f583e   _USER9_ISR
003f5849   _USER10_ISR
003f5854   _USER11_ISR
003f585f   _USER12_ISR
003f586a   _ADCINT1_ISR
003f5875   _ADCINT2_ISR
003f5880   _XINT1_ISR
003f588b   _XINT2_ISR
003f5896   _ADCINT9_ISR
003f58a1   _TINT0_ISR
003f58ac   _WAKEINT_ISR
003f58b7   _EPWM1_TZINT_ISR
003f58c2   _EPWM2_TZINT_ISR
003f58cd   _EPWM3_TZINT_ISR
003f58d8   _EPWM4_TZINT_ISR
003f58e3   _EPWM5_TZINT_ISR
003f58ee   _EPWM6_TZINT_ISR
003f58f9   _EPWM7_TZINT_ISR
003f5904   _EPWM8_TZINT_ISR
003f590f   _EPWM1_INT_ISR
003f591a   _EPWM2_INT_ISR
003f5925   _EPWM3_INT_ISR
003f5930   _EPWM4_INT_ISR
003f593b   _EPWM5_INT_ISR
003f5946   _EPWM6_INT_ISR
003f5951   _EPWM7_INT_ISR
003f595c   _EPWM8_INT_ISR
003f5967   _ECAP1_INT_ISR
003f5972   _ECAP2_INT_ISR
003f597d   _ECAP3_INT_ISR
003f5988   _HRCAP1_INT_ISR
003f5993   _HRCAP2_INT_ISR
003f599e   _EQEP1_INT_ISR
003f59a9   _EQEP2_INT_ISR
003f59b4   _HRCAP3_INT_ISR
003f59bf   _HRCAP4_INT_ISR
003f59ca   _USB0_INT_ISR
003f59d5   _SPIRXINTA_ISR
003f59e0   _SPITXINTA_ISR
003f59eb   _SPIRXINTB_ISR
003f59f6   _SPITXINTB_ISR
003f5a01   _MRINTA_ISR
003f5a0c   _MXINTA_ISR
003f5a17   _DINTCH1_ISR
003f5a22   _DINTCH2_ISR
003f5a2d   _DINTCH3_ISR
003f5a38   _DINTCH4_ISR
003f5a43   _DINTCH5_ISR
003f5a4e   _DINTCH6_ISR
003f5a59   _I2CINT1A_ISR
003f5a64   _I2CINT2A_ISR
003f5a6f   _SCIRXINTA_ISR
003f5a7a   _SCITXINTA_ISR
003f5a85   _SCIRXINTB_ISR
003f5a90   _SCITXINTB_ISR
003f5a9b   _ECAN0INTA_ISR
003f5aa6   _ECAN1INTA_ISR
003f5ab1   _ADCINT3_ISR
003f5abc   _ADCINT4_ISR
003f5ac7   _ADCINT5_ISR
003f5ad2   _ADCINT6_ISR
003f5add   _ADCINT7_ISR
003f5ae8   _ADCINT8_ISR
003f5af3   _CLA1_INT1_ISR
003f5afe   _CLA1_INT2_ISR
003f5b09   _CLA1_INT3_ISR
003f5b14   _CLA1_INT4_ISR
003f5b1f   _CLA1_INT5_ISR
003f5b2a   _CLA1_INT6_ISR
003f5b35   _CLA1_INT7_ISR
003f5b40   _CLA1_INT8_ISR
003f5b4b   _XINT3_ISR
003f5b56   _LVF_ISR
003f5b61   _LUF_ISR
003f5b6c   _EMPTY_ISR
003f5b79   _PIE_RESERVED
003f5b84   _rsvd_ISR
003f5b8f   _cpu_timer0_isr
003f5fed   _cpu_timer2_isr
003f6076   _cpu_timer1_isr
003f6613   _SCI_RX_isr
003f6627   _GYRO_X_isr
003f663b   _adc_X_ISR
003f6654   _CLK_disableAdcClock
003f6661   _CLK_disableClaClock
003f666e   _CLK_disableClkIn
003f667a   _CLK_disableCompClock
003f6686   _CLK_disableCpuTimerClock
003f6695   _CLK_disableCrystalOsc
003f66a1   _CLK_disableEcanaClock
003f66ae   _CLK_disableEcap1Clock
003f66bb   _CLK_disableEqep1Clock
003f66c8   _CLK_disableGpioInputClock
003f66d5   _CLK_disableHrPwmClock
003f66e2   _CLK_disableI2cClock
003f66ef   _CLK_disableLinAClock
003f66fc   _CLK_disableOsc1
003f6708   _CLK_disableOsc1HaltMode
003f6714   _CLK_disableOsc2
003f6720   _CLK_disableOsc2HaltMode
003f672c   _CLK_disablePwmClock
003f673d   _CLK_disableSciaClock
003f674a   _CLK_disableSpiaClock
003f6757   _CLK_disableSpibClock
003f6761   _CLK_disableTbClockSync
003f676e   _CLK_disableWatchDogHaltMode
003f677a   _CLK_enableAdcClock
003f6787   _CLK_enableClaClock
003f6794   _CLK_enableCompClock
003f67a2   _CLK_enableCpuTimerClock
003f67b0   _CLK_enableCrystalOsc
003f67bc   _CLK_enableEcanaClock
003f67c9   _CLK_enableEqep1Clock
003f67d6   _CLK_enableEcap1Clock
003f67e3   _CLK_enableClkIn
003f67ef   _CLK_enableGpioInputClock
003f67fc   _CLK_enableHrPwmClock
003f6809   _CLK_enableI2cClock
003f6816   _CLK_enableLinAClock
003f6823   _CLK_enableOsc1
003f682f   _CLK_enableOsc1HaltMode
003f683b   _CLK_enableOsc2
003f6847   _CLK_enableOsc2HaltMode
003f6853   _CLK_enablePwmClock
003f6863   _CLK_enableSciaClock
003f6870   _CLK_enableSpiaClock
003f687d   _CLK_enableSpibClock
003f688a   _CLK_enableTbClockSync
003f6897   _CLK_enableWatchDogHaltMode
003f68a3   _CLK_init
003f68b2   _CLK_setClkOutPreScaler
003f68c2   _CLK_setLowSpdPreScaler
003f68d0   _CLK_setOscSrc
003f68e0   _CLK_setOsc2Src
003f68f0   _CLK_setTimer2PreScale
003f6900   _CLK_setTimer2Src
003f6910   _CLK_setWatchDogSrc
003f6920   _GPIO_init
003f692f   _GPIO_setPullup
003f696d   _GPIO_setDirection
003f69ab   _GPIO_setExtInt
003f69be   _GPIO_read
003f69ee   _GPIO_setHigh
003f6a0e   _GPIO_setLow
003f6a2e   _GPIO_setMode
003f6a9f   _GPIO_toggle
003f6abf   FS$$DIV
003f6b47   _cos
003f6ba8   _sin
003f6c00   _c_int00
003f6c46   __args_main
003f6c5f   C$$EXIT
003f6c5f   _abort
003f6c61   _exit
003f6c78   __register_unlock
003f6c7c   __register_lock
003f6c80   __nop
003f6c89   ___etext__
003f6c89   etext
003f6d8a   _PieVectTableInit
003f6e8a   ___cinit__
003f6e8a   cinit
003f7ff6   code_start
ffffffff   ___binit__
ffffffff   ___c_args__
ffffffff   ___pinit__
ffffffff   binit
ffffffff   pinit

[364 symbols]
