******************************************************************************
             TMS320C2000 Linker PC v6.2.7                      
******************************************************************************
>> Linked Fri Nov 24 18:58:58 2017

OUTPUT FILE NAME:   <motorsEpsilonC2.out>
ENTRY POINT SYMBOL: "_c_int00"  address: 003f63c9


MEMORY CONFIGURATION

         name            origin    length      used     unused   attr    fill
----------------------  --------  ---------  --------  --------  ----  --------
PAGE 0:
  RAML0                 00008000   00000800  00000000  00000800  RWIX
  RAML1                 00008800   00000400  00000000  00000400  RWIX
  OTP                   003d7800   00000400  00000000  00000400  RWIX
  FLASHH                003d8000   00004000  00000000  00004000  RWIX
  FLASHG                003dc000   00004000  00000000  00004000  RWIX
  FLASHF                003e0000   00004000  00000000  00004000  RWIX
  FLASHE                003e4000   00004000  00000000  00004000  RWIX
  FLASHD                003e8000   00004000  00000000  00004000  RWIX
  FLASHC                003ec000   00004000  00000000  00004000  RWIX
  FLASHA                003f4000   00003f80  00002822  0000175e  RWIX
  CSM_RSVD              003f7f80   00000076  00000000  00000076  RWIX
  BEGIN                 003f7ff6   00000002  00000002  00000000  RWIX
  CSM_PWL_P0            003f7ff8   00000008  00000000  00000008  RWIX
  FPUTABLES             003fd860   000006a0  00000000  000006a0  RWIX
  IQTABLES              003fdf00   00000b50  00000000  00000b50  RWIX
  IQTABLES2             003fea50   0000008c  00000000  0000008c  RWIX
  IQTABLES3             003feadc   000000aa  00000000  000000aa  RWIX
  ROM                   003ff3b0   00000c10  00000000  00000c10  RWIX
  RESET                 003fffc0   00000002  00000000  00000002  RWIX
  VECTORS               003fffc2   0000003e  00000000  0000003e  RWIX

PAGE 1:
  BOOT_RSVD             00000000   00000050  00000000  00000050  RWIX
  RAMM0                 00000050   000003b0  00000300  000000b0  RWIX
  RAMM1                 00000400   00000400  00000000  00000400  RWIX
  RAML2                 00008c00   00000400  00000000  00000400  RWIX
  RAML3                 00009000   00001000  00000408  00000bf8  RWIX
  RAML4                 0000a000   00002000  00000000  00002000  RWIX
  RAML5                 0000c000   00002000  00000000  00002000  RWIX
  RAML6                 0000e000   00002000  00000000  00002000  RWIX
  RAML7                 00010000   00002000  00000000  00002000  RWIX
  RAML8                 00012000   00002000  00000000  00002000  RWIX
  USB_RAM               00040000   00000800  00000000  00000800  RWIX
  FLASHB                003f0000   00004000  00000000  00004000  RWIX


SECTION ALLOCATION MAP

 output                                  attributes/
section   page    origin      length       input sections
--------  ----  ----------  ----------   ----------------
.pinit     0    003f4000    00000000     UNINITIALIZED

ramfuncs   0    00008000    00000000     UNINITIALIZED

.text      0    003f4000    0000244a     
                  003f4000    0000138e     main.obj (.text)
                  003f538e    00000cb4     main.obj (.text:retain)
                  003f6042    00000167     clk.obj (.text)
                  003f61a9    000000df     gpio.obj (.text)
                  003f6288    00000088     rts2800_fpu32.lib : fs_div.obj (.text)
                  003f6310    00000061                       : cos.obj (.text)
                  003f6371    00000058                       : sin.obj (.text)
                  003f63c9    00000046                       : boot.obj (.text)
                  003f640f    00000019                       : args_main.obj (.text)
                  003f6428    00000019                       : exit.obj (.text)
                  003f6441    00000008     F2806x_CodeStartBranch.obj (.text)
                  003f6449    00000001     rts2800_fpu32.lib : _lock.obj (.text)

.econst    0    003f644a    00000200     
                  003f644a    00000100     main.obj (.econst:.string:_CRC_TABLE)
                  003f654a    00000100     main.obj (.econst)

.cinit     0    003f664a    000001b8     
                  003f664a    000001a2     main.obj (.cinit)
                  003f67ec    0000000a     <whole-program> (.cinit)
                  003f67f6    0000000a     rts2800_fpu32.lib : exit.obj (.cinit)
                  003f6800    00000002     --HOLE-- [fill = 0]

.switch    0    003f6802    00000020     
                  003f6802    00000020     main.obj (.switch:_adcRead)

codestart 
*          0    003f7ff6    00000002     
                  003f7ff6    00000002     F2806x_CodeStartBranch.obj (codestart)

.reset     0    003fffc0    00000002     DSECT
                  003fffc0    00000002     rts2800_fpu32.lib : boot.obj (.reset)

vectors    0    003fffc2    00000000     DSECT

.stack     1    00000050    00000300     UNINITIALIZED
                  00000050    00000300     --HOLE--

.ebss      1    00009000    00000408     UNINITIALIZED
                  00009000    00000400     main.obj (.ebss)
                  00009400    00000004     rts2800_fpu32.lib : _lock.obj (.ebss)
                  00009404    00000004                       : exit.obj (.ebss)


GLOBAL DATA SYMBOLS: SORTED BY DATA PAGE

address     data page           name
--------    ----------------    ----
00000050       1 (00000040)     __stack

00009000     240 (00009000)     _CTRLSUM
00009001     240 (00009000)     _SAAD_TESTS_BITS
00009002     240 (00009000)     _SAAD_TEST_RES_BITS
00009003     240 (00009000)     _SAAD_ST
00009004     240 (00009000)     _COMMAND_BYTE_BITS
00009005     240 (00009000)     _SAAD_TEST_RES
00009006     240 (00009000)     _VELOCITY
00009007     240 (00009000)     _COMMAND_BYTE
00009008     240 (00009000)     _VELOCITY_BITS
00009009     240 (00009000)     _DATA
0000900a     240 (00009000)     _CTRLSUM_BITS
0000900b     240 (00009000)     _POSITION
0000900c     240 (00009000)     _DATA_BITS
0000900d     240 (00009000)     _apsL
0000900e     240 (00009000)     _apsR
0000900f     240 (00009000)     _sendDubSCI
00009010     240 (00009000)     _sendSCI
00009011     240 (00009000)     _testSciSend
00009012     240 (00009000)     _moveMode
00009013     240 (00009000)     _lockDevStepCount
00009014     240 (00009000)     _mode
00009015     240 (00009000)     _lockDevEn
00009016     240 (00009000)     _lockDevSend
00009017     240 (00009000)     _delay
00009018     240 (00009000)     _counter
00009019     240 (00009000)     _xData
0000901a     240 (00009000)     _saadTestsPs
0000901b     240 (00009000)     _yData
0000901c     240 (00009000)     _saadTests
0000901d     240 (00009000)     _setSci
0000901e     240 (00009000)     _sciSendCnt
0000901f     240 (00009000)     _sciFramePart
00009020     240 (00009000)     _sciCounter
00009021     240 (00009000)     _POSITION_BITS
00009022     240 (00009000)     _SAAD_CTRL
00009023     240 (00009000)     _SAAD_ST_BITS
00009024     240 (00009000)     _SAAD_CTRL_BITS
00009026     240 (00009000)     _alpha1
00009028     240 (00009000)     _alpha
0000902a     240 (00009000)     _vel
0000902c     240 (00009000)     _speed
0000902e     240 (00009000)     _SAAD_CTRL_ALL
00009030     240 (00009000)     _sysCtrlRegs
00009032     240 (00009000)     _gpioS
00009034     240 (00009000)     _adcRegs
00009036     240 (00009000)     _clkS
00009038     240 (00009000)     _adcResRegs
0000903a     240 (00009000)     _mcbspData
0000903c     240 (00009000)     _time
0000903e     240 (00009000)     _jj

00009040     241 (00009040)     _i
00009042     241 (00009040)     _j
00009044     241 (00009040)     _mode1cnt
00009046     241 (00009040)     _mode3cnt
00009048     241 (00009040)     _acel
0000904a     241 (00009040)     _timer1cnt
0000904c     241 (00009040)     _timeUp
0000904e     241 (00009040)     _dt
00009050     241 (00009040)     _timer0cnt
00009052     241 (00009040)     _spiaRegs
00009054     241 (00009040)     _CpuTimer0Regs
00009056     241 (00009040)     _tempData2
00009058     241 (00009040)     _CpuTimer1Regs
0000905a     241 (00009040)     _interrupS
0000905c     241 (00009040)     _sciaRegs
0000905e     241 (00009040)     _xIntruptRegs
00009060     241 (00009040)     _spiData
00009062     241 (00009040)     _interrupSVectTable
00009064     241 (00009040)     _mcbspRegs
00009066     241 (00009040)     _flashRegs
00009068     241 (00009040)     _START_BIT
0000906a     241 (00009040)     _tempData1
0000906c     241 (00009040)     _START_BIT_BITS
0000906e     241 (00009040)     _CpuTimer2Regs
00009070     241 (00009040)     _refD
00009074     241 (00009040)     _iTot
00009078     241 (00009040)     _refQ
0000907c     241 (00009040)     _pwmValues

00009080     242 (00009080)     _dqP
00009088     242 (00009080)     _alBe
00009090     242 (00009080)     _dq
00009098     242 (00009080)     _saadFrameSend
000090a0     242 (00009080)     _alBeI
000090a8     242 (00009080)     _saadFrameResive
000090b0     242 (00009080)     _pwmRegS

000090c0     243 (000090c0)     _pwmHandle
000090cc     243 (000090c0)     _abcI
000090d8     243 (000090c0)     _abc

00009100     244 (00009100)     _adcRes

00009140     245 (00009140)     _motor1

00009180     246 (00009180)     _motor0

000091c0     247 (000091c0)     _spiModule

00009200     248 (00009200)     _pidD

00009280     24a (00009280)     _pidQ

00009300     24c (00009300)     _pidVel

00009380     24e (00009380)     _AMCconfArr

00009400     250 (00009400)     __lock
00009402     250 (00009400)     __unlock
00009404     250 (00009400)     ___TI_cleanup_ptr
00009406     250 (00009400)     ___TI_dtors_ptr

003f654a    fd95 (003f6540)     _PieVectTableInit


GLOBAL SYMBOLS: SORTED ALPHABETICALLY BY Name 

address    name
--------   ----
003f4000   .text
003f6428   C$$EXIT
003f6288   FS$$DIV
003f6038   _ADCINT1_ISR
003f602e   _ADCINT2_ISR
003f6024   _ADCINT3_ISR
003f601a   _ADCINT4_ISR
003f6010   _ADCINT5_ISR
003f6006   _ADCINT6_ISR
003f5ffc   _ADCINT7_ISR
003f5ff2   _ADCINT8_ISR
003f5fe8   _ADCINT9_ISR
003f4995   _ADC_config
003f490e   _AMCconf
00009380   _AMCconfArr
003f5fde   _CLA1_INT1_ISR
003f5fd4   _CLA1_INT2_ISR
003f5fca   _CLA1_INT3_ISR
003f5fc0   _CLA1_INT4_ISR
003f5fb6   _CLA1_INT5_ISR
003f5fac   _CLA1_INT6_ISR
003f5fa2   _CLA1_INT7_ISR
003f5f98   _CLA1_INT8_ISR
003f61a2   _CLK_disableAdcClock
003f619b   _CLK_disableClaClock
003f6195   _CLK_disableClkIn
003f6191   _CLK_disableCompClock
003f618a   _CLK_disableCpuTimerClock
003f6184   _CLK_disableCrystalOsc
003f617d   _CLK_disableEcanaClock
003f6176   _CLK_disableEcap1Clock
003f616f   _CLK_disableEqep1Clock
003f6168   _CLK_disableGpioInputClock
003f6161   _CLK_disableHrPwmClock
003f615a   _CLK_disableI2cClock
003f6153   _CLK_disableLinAClock
003f614d   _CLK_disableOsc1
003f6147   _CLK_disableOsc1HaltMode
003f6141   _CLK_disableOsc2
003f613b   _CLK_disableOsc2HaltMode
003f6131   _CLK_disablePwmClock
003f612a   _CLK_disableSciaClock
003f6123   _CLK_disableSpiaClock
003f611f   _CLK_disableSpibClock
003f6118   _CLK_disableTbClockSync
003f6112   _CLK_disableWatchDogHaltMode
003f610b   _CLK_enableAdcClock
003f6104   _CLK_enableClaClock
003f60fe   _CLK_enableClkIn
003f60f8   _CLK_enableCompClock
003f60f2   _CLK_enableCpuTimerClock
003f60ec   _CLK_enableCrystalOsc
003f60e5   _CLK_enableEcanaClock
003f60de   _CLK_enableEcap1Clock
003f60d7   _CLK_enableEqep1Clock
003f60d0   _CLK_enableGpioInputClock
003f60c9   _CLK_enableHrPwmClock
003f60c2   _CLK_enableI2cClock
003f60bb   _CLK_enableLinAClock
003f60b5   _CLK_enableOsc1
003f60af   _CLK_enableOsc1HaltMode
003f60a9   _CLK_enableOsc2
003f60a3   _CLK_enableOsc2HaltMode
003f609a   _CLK_enablePwmClock
003f6093   _CLK_enableSciaClock
003f608c   _CLK_enableSpiaClock
003f6085   _CLK_enableSpibClock
003f607e   _CLK_enableTbClockSync
003f6078   _CLK_enableWatchDogHaltMode
003f6072   _CLK_init
003f606b   _CLK_setClkOutPreScaler
003f6065   _CLK_setLowSpdPreScaler
003f605e   _CLK_setOsc2Src
003f6057   _CLK_setOscSrc
003f6050   _CLK_setTimer2PreScale
003f6049   _CLK_setTimer2Src
003f6042   _CLK_setWatchDogSrc
00009007   _COMMAND_BYTE
00009004   _COMMAND_BYTE_BITS
00009000   _CTRLSUM
0000900a   _CTRLSUM_BITS
003f4001   _ConfigCpuTimer0
003f4010   _ConfigCpuTimer1
003f401f   _ConfigCpuTimer2
00009054   _CpuTimer0Regs
00009058   _CpuTimer1Regs
0000906e   _CpuTimer2Regs
00009009   _DATA
003f5f8e   _DATALOG_ISR
0000900c   _DATA_BITS
003f5f84   _DINTCH1_ISR
003f5f7a   _DINTCH2_ISR
003f5f70   _DINTCH3_ISR
003f5f66   _DINTCH4_ISR
003f5f5c   _DINTCH5_ISR
003f5f52   _DINTCH6_ISR
003f404a   _DisableDog
003f5f48   _ECAN0INTA_ISR
003f5f3e   _ECAN1INTA_ISR
003f5f34   _ECAP1_INT_ISR
003f5f2a   _ECAP2_INT_ISR
003f5f20   _ECAP3_INT_ISR
003f5f13   _EMPTY_ISR
003f5f09   _EMUINT_ISR
003f5eff   _EPWM1_INT_ISR
003f5ef5   _EPWM1_TZINT_ISR
003f5eeb   _EPWM2_INT_ISR
003f5ee1   _EPWM2_TZINT_ISR
003f5ed7   _EPWM3_INT_ISR
003f5ecd   _EPWM3_TZINT_ISR
003f5ec3   _EPWM4_INT_ISR
003f5eb9   _EPWM4_TZINT_ISR
003f5eaf   _EPWM5_INT_ISR
003f5ea5   _EPWM5_TZINT_ISR
003f5e9b   _EPWM6_INT_ISR
003f5e91   _EPWM6_TZINT_ISR
003f5e87   _EPWM7_INT_ISR
003f5e7d   _EPWM7_TZINT_ISR
003f5e73   _EPWM8_INT_ISR
003f5e69   _EPWM8_TZINT_ISR
003f5e5f   _EQEP1_INT_ISR
003f5e55   _EQEP2_INT_ISR
003f6282   _GPIO_init
003f625c   _GPIO_read
003f6241   _GPIO_setDirection
003f6235   _GPIO_setExtInt
003f6222   _GPIO_setHigh
003f620f   _GPIO_setLow
003f61d7   _GPIO_setMode
003f61bc   _GPIO_setPullup
003f61a9   _GPIO_toggle
003f5e41   _GYRO_X_isr
003f5e37   _HRCAP1_INT_ISR
003f5e2d   _HRCAP2_INT_ISR
003f5e23   _HRCAP3_INT_ISR
003f5e19   _HRCAP4_INT_ISR
003f5e0f   _I2CINT1A_ISR
003f5e05   _I2CINT2A_ISR
003f5dfb   _ILLEGAL_ISR
003f5df1   _INT13_ISR
003f5de7   _INT14_ISR
003f4063   _InitPll
003f5ddd   _LUF_ISR
003f5dd3   _LVF_ISR
003f5dc9   _MRINTA_ISR
003f5dbf   _MXINTA_ISR
003f5db5   _NMI_ISR
003f5dab   _PIE_RESERVED
0000900b   _POSITION
00009021   _POSITION_BITS
003f654a   _PieVectTableInit
003f5da1   _RTOSINT_ISR
00008000   _RamfuncsLoadEnd
00000000   _RamfuncsLoadSize
00008000   _RamfuncsLoadStart
00008000   _RamfuncsRunStart
00009022   _SAAD_CTRL
0000902e   _SAAD_CTRL_ALL
00009024   _SAAD_CTRL_BITS
00009003   _SAAD_ST
00009023   _SAAD_ST_BITS
00009001   _SAAD_TESTS_BITS
00009005   _SAAD_TEST_RES
00009002   _SAAD_TEST_RES_BITS
003f5d97   _SCIRXINTA_ISR
003f5d8d   _SCIRXINTB_ISR
003f5d83   _SCITXINTA_ISR
003f5d79   _SCITXINTB_ISR
003f5d65   _SCI_RX_isr
003f5d5b   _SPIRXINTA_ISR
003f5d51   _SPIRXINTB_ISR
003f5d47   _SPITXINTA_ISR
003f5d3d   _SPITXINTB_ISR
003f50eb   _SPI_RX_isr
00009068   _START_BIT
0000906c   _START_BIT_BITS
003f5384   _ServiceDog
003f5d33   _TINT0_ISR
003f5d29   _USB0_INT_ISR
003f5d1f   _USER10_ISR
003f5d15   _USER11_ISR
003f5d0b   _USER12_ISR
003f5d01   _USER1_ISR
003f5cf7   _USER2_ISR
003f5ced   _USER3_ISR
003f5ce3   _USER4_ISR
003f5cd9   _USER5_ISR
003f5ccf   _USER6_ISR
003f5cc5   _USER7_ISR
003f5cbb   _USER8_ISR
003f5cb1   _USER9_ISR
00009006   _VELOCITY
00009008   _VELOCITY_BITS
003f5ca7   _WAKEINT_ISR
003f5c9d   _XINT1_ISR
003f5c93   _XINT2_ISR
003f5c89   _XINT3_ISR
00000350   __STACK_END
00000300   __STACK_SIZE
00000001   __TI_args_main
00009404   ___TI_cleanup_ptr
00009406   ___TI_dtors_ptr
ffffffff   ___binit__
ffffffff   ___c_args__
003f664a   ___cinit__
003f644a   ___etext__
ffffffff   ___pinit__
003f4000   ___text__
003f640f   __args_main
00009400   __lock
003f6449   __nop
00000050   __stack
00009402   __unlock
000090d8   _abc
000090cc   _abcI
003f6428   _abort
00009048   _acel
003f498c   _adcInit
003f47c4   _adcRead
00009034   _adcRegs
00009100   _adcRes
00009038   _adcResRegs
003f5c58   _adc_X_ISR
00009088   _alBe
000090a0   _alBeI
00009028   _alpha
00009026   _alpha1
003f506c   _alphaF
0000900d   _apsL
0000900e   _apsR
003f63c9   _c_int00
003f5320   _calcPWM
003f512f   _calcSpeed
003f5269   _clarke
003f5296   _clarkeInv
003f5317   _clkInit
00009036   _clkS
003f5305   _clkg_delay_loop
003f6310   _cos
00009018   _counter
003f5853   _cpu_timer0_isr
003f541f   _cpu_timer1_isr
003f5398   _cpu_timer2_isr
003f5054   _crc8DATA
003f503c   _crc8POS
003f5024   _crc8VEL
00009017   _delay
003f5012   _delay_loop
003f4ff5   _disablePWM
00009090   _dq
00009080   _dqP
0000904e   _dt
003f642a   _exit
003f48e7   _flashInit
00009066   _flashRegs
003f48ed   _flashSetup
003f4afa   _getMaxPWMVal
003f4905   _gpioInit
00009032   _gpioS
00009040   _i
00009074   _iTot
0000905a   _interrupS
003f4fdd   _interrupSDefVectTableInit
00009062   _interrupSVectTable
003f4b0f   _interrupsCpuSetup
003f48b3   _interrupsCtrlInit
003f48a7   _interrupsInit
003f4b05   _interruptSEnable
00009042   _j
0000903e   _jj
00009015   _lockDevEn
00009016   _lockDevSend
003f4b27   _lockDevStart
00009013   _lockDevStepCount
003f4b70   _main
003f480e   _makeTest
003f4751   _mcbspAddr
0000903a   _mcbspData
00009064   _mcbspRegs
003f4755   _mcbspSetupSpi
003f4738   _mcbsp_read
003f472f   _mcbsp_write
003f4729   _mcbspaInit
003f46ff   _mcbspaSetup
00009014   _mode
00009044   _mode1cnt
00009046   _mode3cnt
00009180   _motor0
00009140   _motor1
00009012   _moveMode
003f46c9   _park
003f4693   _parkInv
003f4692   _pidCalc
00009200   _pidD
00009280   _pidQ
00009300   _pidVel
003f40e4   _pid_reg3_calc
000090c0   _pwmHandle
000090b0   _pwmRegS
003f4675   _pwmSInit
003f450c   _pwmSetupWTest
0000907c   _pwmValues
00009070   _refD
00009078   _refQ
003f538e   _rsvd_ISR
000090a8   _saadFrameResive
00009098   _saadFrameSend
0000901c   _saadTests
0000901a   _saadTestsPs
00009020   _sciCounter
0000901f   _sciFramePart
0000901e   _sciSendCnt
003f4506   _sciaInit
003f4501   _sciaRead
0000905c   _sciaRegs
003f44db   _sciaSetup
003f44d5   _sciaWrite
0000900f   _sendDubSCI
00009010   _sendSCI
003f4054   _setExtOsc
003f44c9   _setIntOsc1
003f44bd   _setIntOsc2
003f4494   _setPWMValues
003f44a4   _setPWMValuesArr
0000901d   _setSci
003f40ad   _setUpPeripheralClocks
003f4488   _setXTALOsc
003f445c   _setupClks
003f422b   _setupGPIOs
003f421c   _setupGPIOsInterrupt
003f418c   _setupPeripheralClks
003f6371   _sin
0000902c   _speed
00009060   _spiData
003f417e   _spiDisableFF
003f4178   _spiInit
000091c0   _spiModule
003f4169   _spiSetupFF
00009052   _spiaRegs
003f4166   _stopMotor
00009030   _sysCtrlRegs
003f4160   _systemInit
003f4144   _systemSetup
0000906a   _tempData1
00009056   _tempData2
00009011   _testSciSend
0000903c   _time
0000904c   _timeUp
00009050   _timer0cnt
0000904a   _timer1cnt
003f403e   _timerInit
003f402e   _timerSConfig
003f4000   _usDelay
0000902a   _vel
00009019   _xData
0000905e   _xIntruptRegs
0000901b   _yData
ffffffff   binit
003f664a   cinit
003f7ff6   code_start
003f644a   etext
ffffffff   pinit


GLOBAL SYMBOLS: SORTED BY Symbol Address 

address    name
--------   ----
00000000   _RamfuncsLoadSize
00000001   __TI_args_main
00000050   __stack
00000300   __STACK_SIZE
00000350   __STACK_END
00008000   _RamfuncsLoadEnd
00008000   _RamfuncsLoadStart
00008000   _RamfuncsRunStart
00009000   _CTRLSUM
00009001   _SAAD_TESTS_BITS
00009002   _SAAD_TEST_RES_BITS
00009003   _SAAD_ST
00009004   _COMMAND_BYTE_BITS
00009005   _SAAD_TEST_RES
00009006   _VELOCITY
00009007   _COMMAND_BYTE
00009008   _VELOCITY_BITS
00009009   _DATA
0000900a   _CTRLSUM_BITS
0000900b   _POSITION
0000900c   _DATA_BITS
0000900d   _apsL
0000900e   _apsR
0000900f   _sendDubSCI
00009010   _sendSCI
00009011   _testSciSend
00009012   _moveMode
00009013   _lockDevStepCount
00009014   _mode
00009015   _lockDevEn
00009016   _lockDevSend
00009017   _delay
00009018   _counter
00009019   _xData
0000901a   _saadTestsPs
0000901b   _yData
0000901c   _saadTests
0000901d   _setSci
0000901e   _sciSendCnt
0000901f   _sciFramePart
00009020   _sciCounter
00009021   _POSITION_BITS
00009022   _SAAD_CTRL
00009023   _SAAD_ST_BITS
00009024   _SAAD_CTRL_BITS
00009026   _alpha1
00009028   _alpha
0000902a   _vel
0000902c   _speed
0000902e   _SAAD_CTRL_ALL
00009030   _sysCtrlRegs
00009032   _gpioS
00009034   _adcRegs
00009036   _clkS
00009038   _adcResRegs
0000903a   _mcbspData
0000903c   _time
0000903e   _jj
00009040   _i
00009042   _j
00009044   _mode1cnt
00009046   _mode3cnt
00009048   _acel
0000904a   _timer1cnt
0000904c   _timeUp
0000904e   _dt
00009050   _timer0cnt
00009052   _spiaRegs
00009054   _CpuTimer0Regs
00009056   _tempData2
00009058   _CpuTimer1Regs
0000905a   _interrupS
0000905c   _sciaRegs
0000905e   _xIntruptRegs
00009060   _spiData
00009062   _interrupSVectTable
00009064   _mcbspRegs
00009066   _flashRegs
00009068   _START_BIT
0000906a   _tempData1
0000906c   _START_BIT_BITS
0000906e   _CpuTimer2Regs
00009070   _refD
00009074   _iTot
00009078   _refQ
0000907c   _pwmValues
00009080   _dqP
00009088   _alBe
00009090   _dq
00009098   _saadFrameSend
000090a0   _alBeI
000090a8   _saadFrameResive
000090b0   _pwmRegS
000090c0   _pwmHandle
000090cc   _abcI
000090d8   _abc
00009100   _adcRes
00009140   _motor1
00009180   _motor0
000091c0   _spiModule
00009200   _pidD
00009280   _pidQ
00009300   _pidVel
00009380   _AMCconfArr
00009400   __lock
00009402   __unlock
00009404   ___TI_cleanup_ptr
00009406   ___TI_dtors_ptr
003f4000   .text
003f4000   ___text__
003f4000   _usDelay
003f4001   _ConfigCpuTimer0
003f4010   _ConfigCpuTimer1
003f401f   _ConfigCpuTimer2
003f402e   _timerSConfig
003f403e   _timerInit
003f404a   _DisableDog
003f4054   _setExtOsc
003f4063   _InitPll
003f40ad   _setUpPeripheralClocks
003f40e4   _pid_reg3_calc
003f4144   _systemSetup
003f4160   _systemInit
003f4166   _stopMotor
003f4169   _spiSetupFF
003f4178   _spiInit
003f417e   _spiDisableFF
003f418c   _setupPeripheralClks
003f421c   _setupGPIOsInterrupt
003f422b   _setupGPIOs
003f445c   _setupClks
003f4488   _setXTALOsc
003f4494   _setPWMValues
003f44a4   _setPWMValuesArr
003f44bd   _setIntOsc2
003f44c9   _setIntOsc1
003f44d5   _sciaWrite
003f44db   _sciaSetup
003f4501   _sciaRead
003f4506   _sciaInit
003f450c   _pwmSetupWTest
003f4675   _pwmSInit
003f4692   _pidCalc
003f4693   _parkInv
003f46c9   _park
003f46ff   _mcbspaSetup
003f4729   _mcbspaInit
003f472f   _mcbsp_write
003f4738   _mcbsp_read
003f4751   _mcbspAddr
003f4755   _mcbspSetupSpi
003f47c4   _adcRead
003f480e   _makeTest
003f48a7   _interrupsInit
003f48b3   _interrupsCtrlInit
003f48e7   _flashInit
003f48ed   _flashSetup
003f4905   _gpioInit
003f490e   _AMCconf
003f498c   _adcInit
003f4995   _ADC_config
003f4afa   _getMaxPWMVal
003f4b05   _interruptSEnable
003f4b0f   _interrupsCpuSetup
003f4b27   _lockDevStart
003f4b70   _main
003f4fdd   _interrupSDefVectTableInit
003f4ff5   _disablePWM
003f5012   _delay_loop
003f5024   _crc8VEL
003f503c   _crc8POS
003f5054   _crc8DATA
003f506c   _alphaF
003f50eb   _SPI_RX_isr
003f512f   _calcSpeed
003f5269   _clarke
003f5296   _clarkeInv
003f5305   _clkg_delay_loop
003f5317   _clkInit
003f5320   _calcPWM
003f5384   _ServiceDog
003f538e   _rsvd_ISR
003f5398   _cpu_timer2_isr
003f541f   _cpu_timer1_isr
003f5853   _cpu_timer0_isr
003f5c58   _adc_X_ISR
003f5c89   _XINT3_ISR
003f5c93   _XINT2_ISR
003f5c9d   _XINT1_ISR
003f5ca7   _WAKEINT_ISR
003f5cb1   _USER9_ISR
003f5cbb   _USER8_ISR
003f5cc5   _USER7_ISR
003f5ccf   _USER6_ISR
003f5cd9   _USER5_ISR
003f5ce3   _USER4_ISR
003f5ced   _USER3_ISR
003f5cf7   _USER2_ISR
003f5d01   _USER1_ISR
003f5d0b   _USER12_ISR
003f5d15   _USER11_ISR
003f5d1f   _USER10_ISR
003f5d29   _USB0_INT_ISR
003f5d33   _TINT0_ISR
003f5d3d   _SPITXINTB_ISR
003f5d47   _SPITXINTA_ISR
003f5d51   _SPIRXINTB_ISR
003f5d5b   _SPIRXINTA_ISR
003f5d65   _SCI_RX_isr
003f5d79   _SCITXINTB_ISR
003f5d83   _SCITXINTA_ISR
003f5d8d   _SCIRXINTB_ISR
003f5d97   _SCIRXINTA_ISR
003f5da1   _RTOSINT_ISR
003f5dab   _PIE_RESERVED
003f5db5   _NMI_ISR
003f5dbf   _MXINTA_ISR
003f5dc9   _MRINTA_ISR
003f5dd3   _LVF_ISR
003f5ddd   _LUF_ISR
003f5de7   _INT14_ISR
003f5df1   _INT13_ISR
003f5dfb   _ILLEGAL_ISR
003f5e05   _I2CINT2A_ISR
003f5e0f   _I2CINT1A_ISR
003f5e19   _HRCAP4_INT_ISR
003f5e23   _HRCAP3_INT_ISR
003f5e2d   _HRCAP2_INT_ISR
003f5e37   _HRCAP1_INT_ISR
003f5e41   _GYRO_X_isr
003f5e55   _EQEP2_INT_ISR
003f5e5f   _EQEP1_INT_ISR
003f5e69   _EPWM8_TZINT_ISR
003f5e73   _EPWM8_INT_ISR
003f5e7d   _EPWM7_TZINT_ISR
003f5e87   _EPWM7_INT_ISR
003f5e91   _EPWM6_TZINT_ISR
003f5e9b   _EPWM6_INT_ISR
003f5ea5   _EPWM5_TZINT_ISR
003f5eaf   _EPWM5_INT_ISR
003f5eb9   _EPWM4_TZINT_ISR
003f5ec3   _EPWM4_INT_ISR
003f5ecd   _EPWM3_TZINT_ISR
003f5ed7   _EPWM3_INT_ISR
003f5ee1   _EPWM2_TZINT_ISR
003f5eeb   _EPWM2_INT_ISR
003f5ef5   _EPWM1_TZINT_ISR
003f5eff   _EPWM1_INT_ISR
003f5f09   _EMUINT_ISR
003f5f13   _EMPTY_ISR
003f5f20   _ECAP3_INT_ISR
003f5f2a   _ECAP2_INT_ISR
003f5f34   _ECAP1_INT_ISR
003f5f3e   _ECAN1INTA_ISR
003f5f48   _ECAN0INTA_ISR
003f5f52   _DINTCH6_ISR
003f5f5c   _DINTCH5_ISR
003f5f66   _DINTCH4_ISR
003f5f70   _DINTCH3_ISR
003f5f7a   _DINTCH2_ISR
003f5f84   _DINTCH1_ISR
003f5f8e   _DATALOG_ISR
003f5f98   _CLA1_INT8_ISR
003f5fa2   _CLA1_INT7_ISR
003f5fac   _CLA1_INT6_ISR
003f5fb6   _CLA1_INT5_ISR
003f5fc0   _CLA1_INT4_ISR
003f5fca   _CLA1_INT3_ISR
003f5fd4   _CLA1_INT2_ISR
003f5fde   _CLA1_INT1_ISR
003f5fe8   _ADCINT9_ISR
003f5ff2   _ADCINT8_ISR
003f5ffc   _ADCINT7_ISR
003f6006   _ADCINT6_ISR
003f6010   _ADCINT5_ISR
003f601a   _ADCINT4_ISR
003f6024   _ADCINT3_ISR
003f602e   _ADCINT2_ISR
003f6038   _ADCINT1_ISR
003f6042   _CLK_setWatchDogSrc
003f6049   _CLK_setTimer2Src
003f6050   _CLK_setTimer2PreScale
003f6057   _CLK_setOscSrc
003f605e   _CLK_setOsc2Src
003f6065   _CLK_setLowSpdPreScaler
003f606b   _CLK_setClkOutPreScaler
003f6072   _CLK_init
003f6078   _CLK_enableWatchDogHaltMode
003f607e   _CLK_enableTbClockSync
003f6085   _CLK_enableSpibClock
003f608c   _CLK_enableSpiaClock
003f6093   _CLK_enableSciaClock
003f609a   _CLK_enablePwmClock
003f60a3   _CLK_enableOsc2HaltMode
003f60a9   _CLK_enableOsc2
003f60af   _CLK_enableOsc1HaltMode
003f60b5   _CLK_enableOsc1
003f60bb   _CLK_enableLinAClock
003f60c2   _CLK_enableI2cClock
003f60c9   _CLK_enableHrPwmClock
003f60d0   _CLK_enableGpioInputClock
003f60d7   _CLK_enableEqep1Clock
003f60de   _CLK_enableEcap1Clock
003f60e5   _CLK_enableEcanaClock
003f60ec   _CLK_enableCrystalOsc
003f60f2   _CLK_enableCpuTimerClock
003f60f8   _CLK_enableCompClock
003f60fe   _CLK_enableClkIn
003f6104   _CLK_enableClaClock
003f610b   _CLK_enableAdcClock
003f6112   _CLK_disableWatchDogHaltMode
003f6118   _CLK_disableTbClockSync
003f611f   _CLK_disableSpibClock
003f6123   _CLK_disableSpiaClock
003f612a   _CLK_disableSciaClock
003f6131   _CLK_disablePwmClock
003f613b   _CLK_disableOsc2HaltMode
003f6141   _CLK_disableOsc2
003f6147   _CLK_disableOsc1HaltMode
003f614d   _CLK_disableOsc1
003f6153   _CLK_disableLinAClock
003f615a   _CLK_disableI2cClock
003f6161   _CLK_disableHrPwmClock
003f6168   _CLK_disableGpioInputClock
003f616f   _CLK_disableEqep1Clock
003f6176   _CLK_disableEcap1Clock
003f617d   _CLK_disableEcanaClock
003f6184   _CLK_disableCrystalOsc
003f618a   _CLK_disableCpuTimerClock
003f6191   _CLK_disableCompClock
003f6195   _CLK_disableClkIn
003f619b   _CLK_disableClaClock
003f61a2   _CLK_disableAdcClock
003f61a9   _GPIO_toggle
003f61bc   _GPIO_setPullup
003f61d7   _GPIO_setMode
003f620f   _GPIO_setLow
003f6222   _GPIO_setHigh
003f6235   _GPIO_setExtInt
003f6241   _GPIO_setDirection
003f625c   _GPIO_read
003f6282   _GPIO_init
003f6288   FS$$DIV
003f6310   _cos
003f6371   _sin
003f63c9   _c_int00
003f640f   __args_main
003f6428   C$$EXIT
003f6428   _abort
003f642a   _exit
003f6449   __nop
003f644a   ___etext__
003f644a   etext
003f654a   _PieVectTableInit
003f664a   ___cinit__
003f664a   cinit
003f7ff6   code_start
ffffffff   ___binit__
ffffffff   ___c_args__
ffffffff   ___pinit__
ffffffff   binit
ffffffff   pinit

[362 symbols]
