******************************************************************************
             TMS320C2000 Linker PC v6.2.7                      
******************************************************************************
>> Linked Fri Nov 24 18:58:08 2017

OUTPUT FILE NAME:   <motorsEpsilonC2.out>
ENTRY POINT SYMBOL: "_c_int00"  address: 003f6809


MEMORY CONFIGURATION

         name            origin    length      used     unused   attr    fill
----------------------  --------  ---------  --------  --------  ----  --------
PAGE 0:
  RAML0                 00008000   00000800  00000000  00000800  RWIX
  RAML1                 00008800   00000400  00000000  00000400  RWIX
  OTP                   003d7800   00000400  00000000  00000400  RWIX
  FLASHH                003d8000   00004000  00000000  00004000  RWIX
  FLASHG                003dc000   00004000  00000000  00004000  RWIX
  FLASHF                003e0000   00004000  00000000  00004000  RWIX
  FLASHE                003e4000   00004000  00000000  00004000  RWIX
  FLASHD                003e8000   00004000  00000000  00004000  RWIX
  FLASHC                003ec000   00004000  00000000  00004000  RWIX
  FLASHA                003f4000   00003f80  00002c6a  00001316  RWIX
  CSM_RSVD              003f7f80   00000076  00000000  00000076  RWIX
  BEGIN                 003f7ff6   00000002  00000002  00000000  RWIX
  CSM_PWL_P0            003f7ff8   00000008  00000000  00000008  RWIX
  FPUTABLES             003fd860   000006a0  00000000  000006a0  RWIX
  IQTABLES              003fdf00   00000b50  00000000  00000b50  RWIX
  IQTABLES2             003fea50   0000008c  00000000  0000008c  RWIX
  IQTABLES3             003feadc   000000aa  00000000  000000aa  RWIX
  ROM                   003ff3b0   00000c10  00000000  00000c10  RWIX
  RESET                 003fffc0   00000002  00000000  00000002  RWIX
  VECTORS               003fffc2   0000003e  00000000  0000003e  RWIX

PAGE 1:
  BOOT_RSVD             00000000   00000050  00000000  00000050  RWIX
  RAMM0                 00000050   000003b0  00000300  000000b0  RWIX
  RAMM1                 00000400   00000400  00000000  00000400  RWIX
  RAML2                 00008c00   00000400  00000000  00000400  RWIX
  RAML3                 00009000   00001000  00000408  00000bf8  RWIX
  RAML4                 0000a000   00002000  00000000  00002000  RWIX
  RAML5                 0000c000   00002000  00000000  00002000  RWIX
  RAML6                 0000e000   00002000  00000000  00002000  RWIX
  RAML7                 00010000   00002000  00000000  00002000  RWIX
  RAML8                 00012000   00002000  00000000  00002000  RWIX
  USB_RAM               00040000   00000800  00000000  00000800  RWIX
  FLASHB                003f0000   00004000  00000000  00004000  RWIX


SECTION ALLOCATION MAP

 output                                  attributes/
section   page    origin      length       input sections
--------  ----  ----------  ----------   ----------------
.pinit     0    003f4000    00000000     UNINITIALIZED

ramfuncs   0    00008000    00000000     UNINITIALIZED

.text      0    003f4000    00002892     
                  003f4000    000015f8     main.obj (.text)
                  003f55f8    00000e29     main.obj (.text:retain)
                  003f6421    00000168     clk.obj (.text)
                  003f6589    0000013f     gpio.obj (.text)
                  003f66c8    00000088     rts2800_fpu32.lib : fs_div.obj (.text)
                  003f6750    00000061                       : cos.obj (.text)
                  003f67b1    00000058                       : sin.obj (.text)
                  003f6809    00000046                       : boot.obj (.text)
                  003f684f    00000019                       : args_main.obj (.text)
                  003f6868    00000019                       : exit.obj (.text)
                  003f6881    00000009                       : _lock.obj (.text)
                  003f688a    00000008     F2806x_CodeStartBranch.obj (.text)

.econst    0    003f6892    00000200     
                  003f6892    00000100     main.obj (.econst:.string:_CRC_TABLE)
                  003f6992    00000100     main.obj (.econst)

.cinit     0    003f6a92    000001b8     
                  003f6a92    000001a2     main.obj (.cinit)
                  003f6c34    0000000a     rts2800_fpu32.lib : _lock.obj (.cinit)
                  003f6c3e    0000000a                       : exit.obj (.cinit)
                  003f6c48    00000002     --HOLE-- [fill = 0]

.switch    0    003f6c4a    00000020     
                  003f6c4a    00000020     main.obj (.switch:_adcRead)

codestart 
*          0    003f7ff6    00000002     
                  003f7ff6    00000002     F2806x_CodeStartBranch.obj (codestart)

.reset     0    003fffc0    00000002     DSECT
                  003fffc0    00000002     rts2800_fpu32.lib : boot.obj (.reset)

vectors    0    003fffc2    00000000     DSECT

.stack     1    00000050    00000300     UNINITIALIZED
                  00000050    00000300     --HOLE--

.ebss      1    00009000    00000408     UNINITIALIZED
                  00009000    00000400     main.obj (.ebss)
                  00009400    00000004     rts2800_fpu32.lib : _lock.obj (.ebss)
                  00009404    00000004                       : exit.obj (.ebss)


GLOBAL DATA SYMBOLS: SORTED BY DATA PAGE

address     data page           name
--------    ----------------    ----
00000050       1 (00000040)     __stack

00009000     240 (00009000)     _CTRLSUM
00009001     240 (00009000)     _SAAD_TESTS_BITS
00009002     240 (00009000)     _SAAD_TEST_RES_BITS
00009003     240 (00009000)     _SAAD_ST
00009004     240 (00009000)     _COMMAND_BYTE_BITS
00009005     240 (00009000)     _SAAD_TEST_RES
00009006     240 (00009000)     _VELOCITY
00009007     240 (00009000)     _COMMAND_BYTE
00009008     240 (00009000)     _VELOCITY_BITS
00009009     240 (00009000)     _DATA
0000900a     240 (00009000)     _CTRLSUM_BITS
0000900b     240 (00009000)     _POSITION
0000900c     240 (00009000)     _DATA_BITS
0000900d     240 (00009000)     _apsL
0000900e     240 (00009000)     _apsR
0000900f     240 (00009000)     _sendDubSCI
00009010     240 (00009000)     _sendSCI
00009011     240 (00009000)     _testSciSend
00009012     240 (00009000)     _moveMode
00009013     240 (00009000)     _lockDevStepCount
00009014     240 (00009000)     _mode
00009015     240 (00009000)     _lockDevEn
00009016     240 (00009000)     _lockDevSend
00009017     240 (00009000)     _delay
00009018     240 (00009000)     _counter
00009019     240 (00009000)     _xData
0000901a     240 (00009000)     _saadTestsPs
0000901b     240 (00009000)     _yData
0000901c     240 (00009000)     _saadTests
0000901d     240 (00009000)     _setSci
0000901e     240 (00009000)     _sciSendCnt
0000901f     240 (00009000)     _sciFramePart
00009020     240 (00009000)     _sciCounter
00009021     240 (00009000)     _POSITION_BITS
00009022     240 (00009000)     _SAAD_CTRL
00009023     240 (00009000)     _SAAD_ST_BITS
00009024     240 (00009000)     _SAAD_CTRL_BITS
00009026     240 (00009000)     _alpha1
00009028     240 (00009000)     _alpha
0000902a     240 (00009000)     _vel
0000902c     240 (00009000)     _speed
0000902e     240 (00009000)     _SAAD_CTRL_ALL
00009030     240 (00009000)     _sysCtrlRegs
00009032     240 (00009000)     _gpioS
00009034     240 (00009000)     _adcRegs
00009036     240 (00009000)     _clkS
00009038     240 (00009000)     _adcResRegs
0000903a     240 (00009000)     _mcbspData
0000903c     240 (00009000)     _time
0000903e     240 (00009000)     _jj

00009040     241 (00009040)     _i
00009042     241 (00009040)     _j
00009044     241 (00009040)     _mode1cnt
00009046     241 (00009040)     _mode3cnt
00009048     241 (00009040)     _acel
0000904a     241 (00009040)     _timer1cnt
0000904c     241 (00009040)     _timeUp
0000904e     241 (00009040)     _dt
00009050     241 (00009040)     _timer0cnt
00009052     241 (00009040)     _spiaRegs
00009054     241 (00009040)     _CpuTimer0Regs
00009056     241 (00009040)     _tempData2
00009058     241 (00009040)     _CpuTimer1Regs
0000905a     241 (00009040)     _interrupS
0000905c     241 (00009040)     _sciaRegs
0000905e     241 (00009040)     _xIntruptRegs
00009060     241 (00009040)     _spiData
00009062     241 (00009040)     _interrupSVectTable
00009064     241 (00009040)     _mcbspRegs
00009066     241 (00009040)     _flashRegs
00009068     241 (00009040)     _START_BIT
0000906a     241 (00009040)     _tempData1
0000906c     241 (00009040)     _START_BIT_BITS
0000906e     241 (00009040)     _CpuTimer2Regs
00009070     241 (00009040)     _refD
00009074     241 (00009040)     _iTot
00009078     241 (00009040)     _refQ
0000907c     241 (00009040)     _pwmValues

00009080     242 (00009080)     _dqP
00009088     242 (00009080)     _alBe
00009090     242 (00009080)     _dq
00009098     242 (00009080)     _saadFrameSend
000090a0     242 (00009080)     _alBeI
000090a8     242 (00009080)     _saadFrameResive
000090b0     242 (00009080)     _pwmRegS

000090c0     243 (000090c0)     _pwmHandle
000090cc     243 (000090c0)     _abcI
000090d8     243 (000090c0)     _abc

00009100     244 (00009100)     _adcRes

00009140     245 (00009140)     _motor1

00009180     246 (00009180)     _motor0

000091c0     247 (000091c0)     _spiModule

00009200     248 (00009200)     _pidD

00009280     24a (00009280)     _pidQ

00009300     24c (00009300)     _pidVel

00009380     24e (00009380)     _AMCconfArr

00009400     250 (00009400)     __unlock
00009402     250 (00009400)     __lock
00009404     250 (00009400)     ___TI_cleanup_ptr
00009406     250 (00009400)     ___TI_dtors_ptr

003f6992    fda6 (003f6980)     _PieVectTableInit


GLOBAL SYMBOLS: SORTED ALPHABETICALLY BY Name 

address    name
--------   ----
003f4000   .text
003f6868   C$$EXIT
003f66c8   FS$$DIV
003f56b6   _ADCINT1_ISR
003f56c0   _ADCINT2_ISR
003f58c8   _ADCINT3_ISR
003f58d2   _ADCINT4_ISR
003f58dc   _ADCINT5_ISR
003f58e6   _ADCINT6_ISR
003f58f0   _ADCINT7_ISR
003f58fa   _ADCINT8_ISR
003f56de   _ADCINT9_ISR
003f4425   _ADC_config
003f47d7   _AMCconf
00009380   _AMCconfArr
003f5904   _CLA1_INT1_ISR
003f590e   _CLA1_INT2_ISR
003f5918   _CLA1_INT3_ISR
003f5922   _CLA1_INT4_ISR
003f592c   _CLA1_INT5_ISR
003f5936   _CLA1_INT6_ISR
003f5940   _CLA1_INT7_ISR
003f594a   _CLA1_INT8_ISR
003f6421   _CLK_disableAdcClock
003f6428   _CLK_disableClaClock
003f642f   _CLK_disableClkIn
003f6435   _CLK_disableCompClock
003f6439   _CLK_disableCpuTimerClock
003f6440   _CLK_disableCrystalOsc
003f6446   _CLK_disableEcanaClock
003f644d   _CLK_disableEcap1Clock
003f6454   _CLK_disableEqep1Clock
003f645b   _CLK_disableGpioInputClock
003f6462   _CLK_disableHrPwmClock
003f6469   _CLK_disableI2cClock
003f6470   _CLK_disableLinAClock
003f6477   _CLK_disableOsc1
003f647d   _CLK_disableOsc1HaltMode
003f6483   _CLK_disableOsc2
003f6489   _CLK_disableOsc2HaltMode
003f648f   _CLK_disablePwmClock
003f6499   _CLK_disableSciaClock
003f64a0   _CLK_disableSpiaClock
003f64a7   _CLK_disableSpibClock
003f64ab   _CLK_disableTbClockSync
003f64b2   _CLK_disableWatchDogHaltMode
003f64b8   _CLK_enableAdcClock
003f64bf   _CLK_enableClaClock
003f64ed   _CLK_enableClkIn
003f64c6   _CLK_enableCompClock
003f64cc   _CLK_enableCpuTimerClock
003f64d2   _CLK_enableCrystalOsc
003f64d8   _CLK_enableEcanaClock
003f64e6   _CLK_enableEcap1Clock
003f64df   _CLK_enableEqep1Clock
003f64f3   _CLK_enableGpioInputClock
003f64fa   _CLK_enableHrPwmClock
003f6501   _CLK_enableI2cClock
003f6508   _CLK_enableLinAClock
003f650f   _CLK_enableOsc1
003f6515   _CLK_enableOsc1HaltMode
003f651b   _CLK_enableOsc2
003f6521   _CLK_enableOsc2HaltMode
003f6527   _CLK_enablePwmClock
003f6530   _CLK_enableSciaClock
003f6537   _CLK_enableSpiaClock
003f653e   _CLK_enableSpibClock
003f6545   _CLK_enableTbClockSync
003f654c   _CLK_enableWatchDogHaltMode
003f6552   _CLK_init
003f6559   _CLK_setClkOutPreScaler
003f6560   _CLK_setLowSpdPreScaler
003f656d   _CLK_setOsc2Src
003f6566   _CLK_setOscSrc
003f6574   _CLK_setTimer2PreScale
003f657b   _CLK_setTimer2Src
003f6582   _CLK_setWatchDogSrc
00009007   _COMMAND_BYTE
00009004   _COMMAND_BYTE_BITS
00009000   _CTRLSUM
0000900a   _CTRLSUM_BITS
003f4998   _ConfigCpuTimer0
003f49b9   _ConfigCpuTimer1
003f49d9   _ConfigCpuTimer2
00009054   _CpuTimer0Regs
00009058   _CpuTimer1Regs
0000906e   _CpuTimer2Regs
00009009   _DATA
003f560c   _DATALOG_ISR
0000900c   _DATA_BITS
003f583c   _DINTCH1_ISR
003f5846   _DINTCH2_ISR
003f5850   _DINTCH3_ISR
003f585a   _DINTCH4_ISR
003f5864   _DINTCH5_ISR
003f586e   _DINTCH6_ISR
003f42b0   _DisableDog
003f58b4   _ECAN0INTA_ISR
003f58be   _ECAN1INTA_ISR
003f579c   _ECAP1_INT_ISR
003f57a6   _ECAP2_INT_ISR
003f57b0   _ECAP3_INT_ISR
003f5972   _EMPTY_ISR
003f5620   _EMUINT_ISR
003f574c   _EPWM1_INT_ISR
003f56fc   _EPWM1_TZINT_ISR
003f5756   _EPWM2_INT_ISR
003f5706   _EPWM2_TZINT_ISR
003f5760   _EPWM3_INT_ISR
003f5710   _EPWM3_TZINT_ISR
003f576a   _EPWM4_INT_ISR
003f571a   _EPWM4_TZINT_ISR
003f5774   _EPWM5_INT_ISR
003f5724   _EPWM5_TZINT_ISR
003f577e   _EPWM6_INT_ISR
003f572e   _EPWM6_TZINT_ISR
003f5788   _EPWM7_INT_ISR
003f5738   _EPWM7_TZINT_ISR
003f5792   _EPWM8_INT_ISR
003f5742   _EPWM8_TZINT_ISR
003f57ce   _EQEP1_INT_ISR
003f57d8   _EQEP2_INT_ISR
003f6589   _GPIO_init
003f6601   _GPIO_read
003f65c3   _GPIO_setDirection
003f65f6   _GPIO_setExtInt
003f6627   _GPIO_setHigh
003f663c   _GPIO_setLow
003f6651   _GPIO_setMode
003f6590   _GPIO_setPullup
003f66b3   _GPIO_toggle
003f63f4   _GYRO_X_isr
003f57ba   _HRCAP1_INT_ISR
003f57c4   _HRCAP2_INT_ISR
003f57e2   _HRCAP3_INT_ISR
003f57ec   _HRCAP4_INT_ISR
003f5878   _I2CINT1A_ISR
003f5882   _I2CINT2A_ISR
003f5634   _ILLEGAL_ISR
003f55f8   _INT13_ISR
003f5602   _INT14_ISR
003f42ba   _InitPll
003f5968   _LUF_ISR
003f595e   _LVF_ISR
003f5828   _MRINTA_ISR
003f5832   _MXINTA_ISR
003f562a   _NMI_ISR
003f597f   _PIE_RESERVED
0000900b   _POSITION
00009021   _POSITION_BITS
003f6992   _PieVectTableInit
003f5616   _RTOSINT_ISR
00008000   _RamfuncsLoadEnd
00000000   _RamfuncsLoadSize
00008000   _RamfuncsLoadStart
00008000   _RamfuncsRunStart
00009022   _SAAD_CTRL
0000902e   _SAAD_CTRL_ALL
00009024   _SAAD_CTRL_BITS
00009003   _SAAD_ST
00009023   _SAAD_ST_BITS
00009001   _SAAD_TESTS_BITS
00009005   _SAAD_TEST_RES
00009002   _SAAD_TEST_RES_BITS
003f588c   _SCIRXINTA_ISR
003f58a0   _SCIRXINTB_ISR
003f5896   _SCITXINTA_ISR
003f58aa   _SCITXINTB_ISR
003f63e0   _SCI_RX_isr
003f5800   _SPIRXINTA_ISR
003f5814   _SPIRXINTB_ISR
003f580a   _SPITXINTA_ISR
003f581e   _SPITXINTB_ISR
003f53d7   _SPI_RX_isr
00009068   _START_BIT
0000906c   _START_BIT_BITS
003f42a2   _ServiceDog
003f56e8   _TINT0_ISR
003f57f6   _USB0_INT_ISR
003f5698   _USER10_ISR
003f56a2   _USER11_ISR
003f56ac   _USER12_ISR
003f563e   _USER1_ISR
003f5648   _USER2_ISR
003f5652   _USER3_ISR
003f565c   _USER4_ISR
003f5666   _USER5_ISR
003f5670   _USER6_ISR
003f567a   _USER7_ISR
003f5684   _USER8_ISR
003f568e   _USER9_ISR
00009006   _VELOCITY
00009008   _VELOCITY_BITS
003f56f2   _WAKEINT_ISR
003f56ca   _XINT1_ISR
003f56d4   _XINT2_ISR
003f5954   _XINT3_ISR
00000350   __STACK_END
00000300   __STACK_SIZE
00000001   __TI_args_main
00009404   ___TI_cleanup_ptr
00009406   ___TI_dtors_ptr
ffffffff   ___binit__
ffffffff   ___c_args__
003f6a92   ___cinit__
003f6892   ___etext__
ffffffff   ___pinit__
003f4000   ___text__
003f684f   __args_main
00009402   __lock
003f6889   __nop
003f6885   __register_lock
003f6881   __register_unlock
00000050   __stack
00009400   __unlock
000090d8   _abc
000090cc   _abcI
003f6868   _abort
00009048   _acel
003f441c   _adcInit
003f459d   _adcRead
00009034   _adcRegs
00009100   _adcRes
00009038   _adcResRegs
003f6408   _adc_X_ISR
00009088   _alBe
000090a0   _alBeI
00009028   _alpha
00009026   _alpha1
003f4eca   _alphaF
0000900d   _apsL
0000900e   _apsR
003f6809   _c_int00
003f4bf7   _calcPWM
003f548f   _calcSpeed
003f4cf9   _clarke
003f4d9c   _clarkeInv
003f4603   _clkInit
00009036   _clkS
003f46e8   _clkg_delay_loop
003f6750   _cos
00009018   _counter
003f5993   _cpu_timer0_isr
003f5e62   _cpu_timer1_isr
003f5dd4   _cpu_timer2_isr
003f4bdd   _crc8DATA
003f4ba9   _crc8POS
003f4bc3   _crc8VEL
00009017   _delay
003f46c9   _delay_loop
003f4b69   _disablePWM
00009090   _dq
00009080   _dqP
0000904e   _dt
003f686a   _exit
003f4254   _flashInit
00009066   _flashRegs
003f425a   _flashSetup
003f4b9e   _getMaxPWMVal
003f400b   _gpioInit
00009032   _gpioS
00009040   _i
00009074   _iTot
0000905a   _interrupS
003f495f   _interrupSDefVectTableInit
00009062   _interrupSVectTable
003f493f   _interrupsCpuSetup
003f48ea   _interrupsCtrlInit
003f48de   _interrupsInit
003f4934   _interruptSEnable
00009042   _j
0000903e   _jj
00009015   _lockDevEn
00009016   _lockDevSend
003f542a   _lockDevStart
00009013   _lockDevStepCount
003f4f4f   _main
003f4e28   _makeTest
003f47d3   _mcbspAddr
0000903a   _mcbspData
00009064   _mcbspRegs
003f474f   _mcbspSetupSpi
003f47b4   _mcbsp_read
003f47a4   _mcbsp_write
003f4707   _mcbspaInit
003f470d   _mcbspaSetup
00009014   _mode
00009044   _mode1cnt
00009046   _mode3cnt
00009180   _motor0
00009140   _motor1
00009012   _moveMode
003f4d2c   _park
003f4d64   _parkInv
003f4c67   _pidCalc
00009200   _pidD
00009280   _pidQ
00009300   _pidVel
003f4c68   _pid_reg3_calc
000090c0   _pwmHandle
000090b0   _pwmRegS
003f49f9   _pwmSInit
003f4a0e   _pwmSetupWTest
0000907c   _pwmValues
00009070   _refD
00009078   _refQ
003f5989   _rsvd_ISR
000090a8   _saadFrameResive
00009098   _saadFrameSend
0000901c   _saadTests
0000901a   _saadTestsPs
00009020   _sciCounter
0000901f   _sciFramePart
0000901e   _sciSendCnt
003f4898   _sciaInit
003f48d3   _sciaRead
0000905c   _sciaRegs
003f489e   _sciaSetup
003f48d8   _sciaWrite
0000900f   _sendDubSCI
00009010   _sendSCI
003f43fe   _setExtOsc
003f43b3   _setIntOsc1
003f43c8   _setIntOsc2
003f4b4a   _setPWMValues
003f4b7e   _setPWMValuesArr
0000901d   _setSci
003f4311   _setUpPeripheralClocks
003f43e3   _setXTALOsc
003f460c   _setupClks
003f4014   _setupGPIOs
003f4245   _setupGPIOsInterrupt
003f4639   _setupPeripheralClks
003f67b1   _sin
0000902c   _speed
00009060   _spiData
003f488a   _spiDisableFF
003f4875   _spiInit
000091c0   _spiModule
003f487b   _spiSetupFF
00009052   _spiaRegs
003f4c64   _stopMotor
00009030   _sysCtrlRegs
003f427e   _systemInit
003f4284   _systemSetup
0000906a   _tempData1
00009056   _tempData2
00009011   _testSciSend
0000903c   _time
0000904c   _timeUp
00009050   _timer0cnt
0000904a   _timer1cnt
003f497a   _timerInit
003f4986   _timerSConfig
003f4000   _usDelay
0000902a   _vel
00009019   _xData
0000905e   _xIntruptRegs
0000901b   _yData
ffffffff   binit
003f6a92   cinit
003f7ff6   code_start
003f6892   etext
ffffffff   pinit


GLOBAL SYMBOLS: SORTED BY Symbol Address 

address    name
--------   ----
00000000   _RamfuncsLoadSize
00000001   __TI_args_main
00000050   __stack
00000300   __STACK_SIZE
00000350   __STACK_END
00008000   _RamfuncsLoadEnd
00008000   _RamfuncsLoadStart
00008000   _RamfuncsRunStart
00009000   _CTRLSUM
00009001   _SAAD_TESTS_BITS
00009002   _SAAD_TEST_RES_BITS
00009003   _SAAD_ST
00009004   _COMMAND_BYTE_BITS
00009005   _SAAD_TEST_RES
00009006   _VELOCITY
00009007   _COMMAND_BYTE
00009008   _VELOCITY_BITS
00009009   _DATA
0000900a   _CTRLSUM_BITS
0000900b   _POSITION
0000900c   _DATA_BITS
0000900d   _apsL
0000900e   _apsR
0000900f   _sendDubSCI
00009010   _sendSCI
00009011   _testSciSend
00009012   _moveMode
00009013   _lockDevStepCount
00009014   _mode
00009015   _lockDevEn
00009016   _lockDevSend
00009017   _delay
00009018   _counter
00009019   _xData
0000901a   _saadTestsPs
0000901b   _yData
0000901c   _saadTests
0000901d   _setSci
0000901e   _sciSendCnt
0000901f   _sciFramePart
00009020   _sciCounter
00009021   _POSITION_BITS
00009022   _SAAD_CTRL
00009023   _SAAD_ST_BITS
00009024   _SAAD_CTRL_BITS
00009026   _alpha1
00009028   _alpha
0000902a   _vel
0000902c   _speed
0000902e   _SAAD_CTRL_ALL
00009030   _sysCtrlRegs
00009032   _gpioS
00009034   _adcRegs
00009036   _clkS
00009038   _adcResRegs
0000903a   _mcbspData
0000903c   _time
0000903e   _jj
00009040   _i
00009042   _j
00009044   _mode1cnt
00009046   _mode3cnt
00009048   _acel
0000904a   _timer1cnt
0000904c   _timeUp
0000904e   _dt
00009050   _timer0cnt
00009052   _spiaRegs
00009054   _CpuTimer0Regs
00009056   _tempData2
00009058   _CpuTimer1Regs
0000905a   _interrupS
0000905c   _sciaRegs
0000905e   _xIntruptRegs
00009060   _spiData
00009062   _interrupSVectTable
00009064   _mcbspRegs
00009066   _flashRegs
00009068   _START_BIT
0000906a   _tempData1
0000906c   _START_BIT_BITS
0000906e   _CpuTimer2Regs
00009070   _refD
00009074   _iTot
00009078   _refQ
0000907c   _pwmValues
00009080   _dqP
00009088   _alBe
00009090   _dq
00009098   _saadFrameSend
000090a0   _alBeI
000090a8   _saadFrameResive
000090b0   _pwmRegS
000090c0   _pwmHandle
000090cc   _abcI
000090d8   _abc
00009100   _adcRes
00009140   _motor1
00009180   _motor0
000091c0   _spiModule
00009200   _pidD
00009280   _pidQ
00009300   _pidVel
00009380   _AMCconfArr
00009400   __unlock
00009402   __lock
00009404   ___TI_cleanup_ptr
00009406   ___TI_dtors_ptr
003f4000   .text
003f4000   ___text__
003f4000   _usDelay
003f400b   _gpioInit
003f4014   _setupGPIOs
003f4245   _setupGPIOsInterrupt
003f4254   _flashInit
003f425a   _flashSetup
003f427e   _systemInit
003f4284   _systemSetup
003f42a2   _ServiceDog
003f42b0   _DisableDog
003f42ba   _InitPll
003f4311   _setUpPeripheralClocks
003f43b3   _setIntOsc1
003f43c8   _setIntOsc2
003f43e3   _setXTALOsc
003f43fe   _setExtOsc
003f441c   _adcInit
003f4425   _ADC_config
003f459d   _adcRead
003f4603   _clkInit
003f460c   _setupClks
003f4639   _setupPeripheralClks
003f46c9   _delay_loop
003f46e8   _clkg_delay_loop
003f4707   _mcbspaInit
003f470d   _mcbspaSetup
003f474f   _mcbspSetupSpi
003f47a4   _mcbsp_write
003f47b4   _mcbsp_read
003f47d3   _mcbspAddr
003f47d7   _AMCconf
003f4875   _spiInit
003f487b   _spiSetupFF
003f488a   _spiDisableFF
003f4898   _sciaInit
003f489e   _sciaSetup
003f48d3   _sciaRead
003f48d8   _sciaWrite
003f48de   _interrupsInit
003f48ea   _interrupsCtrlInit
003f4934   _interruptSEnable
003f493f   _interrupsCpuSetup
003f495f   _interrupSDefVectTableInit
003f497a   _timerInit
003f4986   _timerSConfig
003f4998   _ConfigCpuTimer0
003f49b9   _ConfigCpuTimer1
003f49d9   _ConfigCpuTimer2
003f49f9   _pwmSInit
003f4a0e   _pwmSetupWTest
003f4b4a   _setPWMValues
003f4b69   _disablePWM
003f4b7e   _setPWMValuesArr
003f4b9e   _getMaxPWMVal
003f4ba9   _crc8POS
003f4bc3   _crc8VEL
003f4bdd   _crc8DATA
003f4bf7   _calcPWM
003f4c64   _stopMotor
003f4c67   _pidCalc
003f4c68   _pid_reg3_calc
003f4cf9   _clarke
003f4d2c   _park
003f4d64   _parkInv
003f4d9c   _clarkeInv
003f4e28   _makeTest
003f4eca   _alphaF
003f4f4f   _main
003f53d7   _SPI_RX_isr
003f542a   _lockDevStart
003f548f   _calcSpeed
003f55f8   _INT13_ISR
003f5602   _INT14_ISR
003f560c   _DATALOG_ISR
003f5616   _RTOSINT_ISR
003f5620   _EMUINT_ISR
003f562a   _NMI_ISR
003f5634   _ILLEGAL_ISR
003f563e   _USER1_ISR
003f5648   _USER2_ISR
003f5652   _USER3_ISR
003f565c   _USER4_ISR
003f5666   _USER5_ISR
003f5670   _USER6_ISR
003f567a   _USER7_ISR
003f5684   _USER8_ISR
003f568e   _USER9_ISR
003f5698   _USER10_ISR
003f56a2   _USER11_ISR
003f56ac   _USER12_ISR
003f56b6   _ADCINT1_ISR
003f56c0   _ADCINT2_ISR
003f56ca   _XINT1_ISR
003f56d4   _XINT2_ISR
003f56de   _ADCINT9_ISR
003f56e8   _TINT0_ISR
003f56f2   _WAKEINT_ISR
003f56fc   _EPWM1_TZINT_ISR
003f5706   _EPWM2_TZINT_ISR
003f5710   _EPWM3_TZINT_ISR
003f571a   _EPWM4_TZINT_ISR
003f5724   _EPWM5_TZINT_ISR
003f572e   _EPWM6_TZINT_ISR
003f5738   _EPWM7_TZINT_ISR
003f5742   _EPWM8_TZINT_ISR
003f574c   _EPWM1_INT_ISR
003f5756   _EPWM2_INT_ISR
003f5760   _EPWM3_INT_ISR
003f576a   _EPWM4_INT_ISR
003f5774   _EPWM5_INT_ISR
003f577e   _EPWM6_INT_ISR
003f5788   _EPWM7_INT_ISR
003f5792   _EPWM8_INT_ISR
003f579c   _ECAP1_INT_ISR
003f57a6   _ECAP2_INT_ISR
003f57b0   _ECAP3_INT_ISR
003f57ba   _HRCAP1_INT_ISR
003f57c4   _HRCAP2_INT_ISR
003f57ce   _EQEP1_INT_ISR
003f57d8   _EQEP2_INT_ISR
003f57e2   _HRCAP3_INT_ISR
003f57ec   _HRCAP4_INT_ISR
003f57f6   _USB0_INT_ISR
003f5800   _SPIRXINTA_ISR
003f580a   _SPITXINTA_ISR
003f5814   _SPIRXINTB_ISR
003f581e   _SPITXINTB_ISR
003f5828   _MRINTA_ISR
003f5832   _MXINTA_ISR
003f583c   _DINTCH1_ISR
003f5846   _DINTCH2_ISR
003f5850   _DINTCH3_ISR
003f585a   _DINTCH4_ISR
003f5864   _DINTCH5_ISR
003f586e   _DINTCH6_ISR
003f5878   _I2CINT1A_ISR
003f5882   _I2CINT2A_ISR
003f588c   _SCIRXINTA_ISR
003f5896   _SCITXINTA_ISR
003f58a0   _SCIRXINTB_ISR
003f58aa   _SCITXINTB_ISR
003f58b4   _ECAN0INTA_ISR
003f58be   _ECAN1INTA_ISR
003f58c8   _ADCINT3_ISR
003f58d2   _ADCINT4_ISR
003f58dc   _ADCINT5_ISR
003f58e6   _ADCINT6_ISR
003f58f0   _ADCINT7_ISR
003f58fa   _ADCINT8_ISR
003f5904   _CLA1_INT1_ISR
003f590e   _CLA1_INT2_ISR
003f5918   _CLA1_INT3_ISR
003f5922   _CLA1_INT4_ISR
003f592c   _CLA1_INT5_ISR
003f5936   _CLA1_INT6_ISR
003f5940   _CLA1_INT7_ISR
003f594a   _CLA1_INT8_ISR
003f5954   _XINT3_ISR
003f595e   _LVF_ISR
003f5968   _LUF_ISR
003f5972   _EMPTY_ISR
003f597f   _PIE_RESERVED
003f5989   _rsvd_ISR
003f5993   _cpu_timer0_isr
003f5dd4   _cpu_timer2_isr
003f5e62   _cpu_timer1_isr
003f63e0   _SCI_RX_isr
003f63f4   _GYRO_X_isr
003f6408   _adc_X_ISR
003f6421   _CLK_disableAdcClock
003f6428   _CLK_disableClaClock
003f642f   _CLK_disableClkIn
003f6435   _CLK_disableCompClock
003f6439   _CLK_disableCpuTimerClock
003f6440   _CLK_disableCrystalOsc
003f6446   _CLK_disableEcanaClock
003f644d   _CLK_disableEcap1Clock
003f6454   _CLK_disableEqep1Clock
003f645b   _CLK_disableGpioInputClock
003f6462   _CLK_disableHrPwmClock
003f6469   _CLK_disableI2cClock
003f6470   _CLK_disableLinAClock
003f6477   _CLK_disableOsc1
003f647d   _CLK_disableOsc1HaltMode
003f6483   _CLK_disableOsc2
003f6489   _CLK_disableOsc2HaltMode
003f648f   _CLK_disablePwmClock
003f6499   _CLK_disableSciaClock
003f64a0   _CLK_disableSpiaClock
003f64a7   _CLK_disableSpibClock
003f64ab   _CLK_disableTbClockSync
003f64b2   _CLK_disableWatchDogHaltMode
003f64b8   _CLK_enableAdcClock
003f64bf   _CLK_enableClaClock
003f64c6   _CLK_enableCompClock
003f64cc   _CLK_enableCpuTimerClock
003f64d2   _CLK_enableCrystalOsc
003f64d8   _CLK_enableEcanaClock
003f64df   _CLK_enableEqep1Clock
003f64e6   _CLK_enableEcap1Clock
003f64ed   _CLK_enableClkIn
003f64f3   _CLK_enableGpioInputClock
003f64fa   _CLK_enableHrPwmClock
003f6501   _CLK_enableI2cClock
003f6508   _CLK_enableLinAClock
003f650f   _CLK_enableOsc1
003f6515   _CLK_enableOsc1HaltMode
003f651b   _CLK_enableOsc2
003f6521   _CLK_enableOsc2HaltMode
003f6527   _CLK_enablePwmClock
003f6530   _CLK_enableSciaClock
003f6537   _CLK_enableSpiaClock
003f653e   _CLK_enableSpibClock
003f6545   _CLK_enableTbClockSync
003f654c   _CLK_enableWatchDogHaltMode
003f6552   _CLK_init
003f6559   _CLK_setClkOutPreScaler
003f6560   _CLK_setLowSpdPreScaler
003f6566   _CLK_setOscSrc
003f656d   _CLK_setOsc2Src
003f6574   _CLK_setTimer2PreScale
003f657b   _CLK_setTimer2Src
003f6582   _CLK_setWatchDogSrc
003f6589   _GPIO_init
003f6590   _GPIO_setPullup
003f65c3   _GPIO_setDirection
003f65f6   _GPIO_setExtInt
003f6601   _GPIO_read
003f6627   _GPIO_setHigh
003f663c   _GPIO_setLow
003f6651   _GPIO_setMode
003f66b3   _GPIO_toggle
003f66c8   FS$$DIV
003f6750   _cos
003f67b1   _sin
003f6809   _c_int00
003f684f   __args_main
003f6868   C$$EXIT
003f6868   _abort
003f686a   _exit
003f6881   __register_unlock
003f6885   __register_lock
003f6889   __nop
003f6892   ___etext__
003f6892   etext
003f6992   _PieVectTableInit
003f6a92   ___cinit__
003f6a92   cinit
003f7ff6   code_start
ffffffff   ___binit__
ffffffff   ___c_args__
ffffffff   ___pinit__
ffffffff   binit
ffffffff   pinit

[364 symbols]
