******************************************************************************
             TMS320C2000 Linker PC v6.2.7                      
******************************************************************************
>> Linked Fri Nov 24 18:58:28 2017

OUTPUT FILE NAME:   <motorsEpsilonC2.out>
ENTRY POINT SYMBOL: "_c_int00"  address: 003f6390


MEMORY CONFIGURATION

         name            origin    length      used     unused   attr    fill
----------------------  --------  ---------  --------  --------  ----  --------
PAGE 0:
  RAML0                 00008000   00000800  00000000  00000800  RWIX
  RAML1                 00008800   00000400  00000000  00000400  RWIX
  OTP                   003d7800   00000400  00000000  00000400  RWIX
  FLASHH                003d8000   00004000  00000000  00004000  RWIX
  FLASHG                003dc000   00004000  00000000  00004000  RWIX
  FLASHF                003e0000   00004000  00000000  00004000  RWIX
  FLASHE                003e4000   00004000  00000000  00004000  RWIX
  FLASHD                003e8000   00004000  00000000  00004000  RWIX
  FLASHC                003ec000   00004000  00000000  00004000  RWIX
  FLASHA                003f4000   00003f80  000027f1  0000178f  RWIX
  CSM_RSVD              003f7f80   00000076  00000000  00000076  RWIX
  BEGIN                 003f7ff6   00000002  00000002  00000000  RWIX
  CSM_PWL_P0            003f7ff8   00000008  00000000  00000008  RWIX
  FPUTABLES             003fd860   000006a0  00000000  000006a0  RWIX
  IQTABLES              003fdf00   00000b50  00000000  00000b50  RWIX
  IQTABLES2             003fea50   0000008c  00000000  0000008c  RWIX
  IQTABLES3             003feadc   000000aa  00000000  000000aa  RWIX
  ROM                   003ff3b0   00000c10  00000000  00000c10  RWIX
  RESET                 003fffc0   00000002  00000000  00000002  RWIX
  VECTORS               003fffc2   0000003e  00000000  0000003e  RWIX

PAGE 1:
  BOOT_RSVD             00000000   00000050  00000000  00000050  RWIX
  RAMM0                 00000050   000003b0  00000300  000000b0  RWIX
  RAMM1                 00000400   00000400  00000000  00000400  RWIX
  RAML2                 00008c00   00000400  00000000  00000400  RWIX
  RAML3                 00009000   00001000  00000408  00000bf8  RWIX
  RAML4                 0000a000   00002000  00000000  00002000  RWIX
  RAML5                 0000c000   00002000  00000000  00002000  RWIX
  RAML6                 0000e000   00002000  00000000  00002000  RWIX
  RAML7                 00010000   00002000  00000000  00002000  RWIX
  RAML8                 00012000   00002000  00000000  00002000  RWIX
  USB_RAM               00040000   00000800  00000000  00000800  RWIX
  FLASHB                003f0000   00004000  00000000  00004000  RWIX


SECTION ALLOCATION MAP

 output                                  attributes/
section   page    origin      length       input sections
--------  ----  ----------  ----------   ----------------
.pinit     0    003f4000    00000000     UNINITIALIZED

ramfuncs   0    00008000    00000000     UNINITIALIZED

.text      0    003f4000    00002419     
                  003f4000    00001344     main.obj (.text)
                  003f5344    00000cc5     main.obj (.text:retain)
                  003f6009    00000167     clk.obj (.text)
                  003f6170    000000df     gpio.obj (.text)
                  003f624f    00000088     rts2800_fpu32.lib : fs_div.obj (.text)
                  003f62d7    00000061                       : cos.obj (.text)
                  003f6338    00000058                       : sin.obj (.text)
                  003f6390    00000046                       : boot.obj (.text)
                  003f63d6    00000019                       : args_main.obj (.text)
                  003f63ef    00000019                       : exit.obj (.text)
                  003f6408    00000009                       : _lock.obj (.text)
                  003f6411    00000008     F2806x_CodeStartBranch.obj (.text)

.econst    0    003f641a    00000200     
                  003f641a    00000100     main.obj (.econst:.string:_CRC_TABLE)
                  003f651a    00000100     main.obj (.econst)

.cinit     0    003f661a    000001b8     
                  003f661a    000001a2     main.obj (.cinit)
                  003f67bc    0000000a     rts2800_fpu32.lib : _lock.obj (.cinit)
                  003f67c6    0000000a                       : exit.obj (.cinit)
                  003f67d0    00000002     --HOLE-- [fill = 0]

.switch    0    003f67d2    00000020     
                  003f67d2    00000020     main.obj (.switch:_adcRead)

codestart 
*          0    003f7ff6    00000002     
                  003f7ff6    00000002     F2806x_CodeStartBranch.obj (codestart)

.reset     0    003fffc0    00000002     DSECT
                  003fffc0    00000002     rts2800_fpu32.lib : boot.obj (.reset)

vectors    0    003fffc2    00000000     DSECT

.stack     1    00000050    00000300     UNINITIALIZED
                  00000050    00000300     --HOLE--

.ebss      1    00009000    00000408     UNINITIALIZED
                  00009000    00000400     main.obj (.ebss)
                  00009400    00000004     rts2800_fpu32.lib : _lock.obj (.ebss)
                  00009404    00000004                       : exit.obj (.ebss)


GLOBAL DATA SYMBOLS: SORTED BY DATA PAGE

address     data page           name
--------    ----------------    ----
00000050       1 (00000040)     __stack

00009000     240 (00009000)     _CTRLSUM
00009001     240 (00009000)     _SAAD_TESTS_BITS
00009002     240 (00009000)     _SAAD_TEST_RES_BITS
00009003     240 (00009000)     _SAAD_ST
00009004     240 (00009000)     _COMMAND_BYTE_BITS
00009005     240 (00009000)     _SAAD_TEST_RES
00009006     240 (00009000)     _VELOCITY
00009007     240 (00009000)     _COMMAND_BYTE
00009008     240 (00009000)     _VELOCITY_BITS
00009009     240 (00009000)     _DATA
0000900a     240 (00009000)     _CTRLSUM_BITS
0000900b     240 (00009000)     _POSITION
0000900c     240 (00009000)     _DATA_BITS
0000900d     240 (00009000)     _apsL
0000900e     240 (00009000)     _apsR
0000900f     240 (00009000)     _sendDubSCI
00009010     240 (00009000)     _sendSCI
00009011     240 (00009000)     _testSciSend
00009012     240 (00009000)     _moveMode
00009013     240 (00009000)     _lockDevStepCount
00009014     240 (00009000)     _mode
00009015     240 (00009000)     _lockDevEn
00009016     240 (00009000)     _lockDevSend
00009017     240 (00009000)     _delay
00009018     240 (00009000)     _counter
00009019     240 (00009000)     _xData
0000901a     240 (00009000)     _saadTestsPs
0000901b     240 (00009000)     _yData
0000901c     240 (00009000)     _saadTests
0000901d     240 (00009000)     _setSci
0000901e     240 (00009000)     _sciSendCnt
0000901f     240 (00009000)     _sciFramePart
00009020     240 (00009000)     _sciCounter
00009021     240 (00009000)     _POSITION_BITS
00009022     240 (00009000)     _SAAD_CTRL
00009023     240 (00009000)     _SAAD_ST_BITS
00009024     240 (00009000)     _SAAD_CTRL_BITS
00009026     240 (00009000)     _alpha1
00009028     240 (00009000)     _alpha
0000902a     240 (00009000)     _vel
0000902c     240 (00009000)     _speed
0000902e     240 (00009000)     _SAAD_CTRL_ALL
00009030     240 (00009000)     _sysCtrlRegs
00009032     240 (00009000)     _gpioS
00009034     240 (00009000)     _adcRegs
00009036     240 (00009000)     _clkS
00009038     240 (00009000)     _adcResRegs
0000903a     240 (00009000)     _mcbspData
0000903c     240 (00009000)     _time
0000903e     240 (00009000)     _jj

00009040     241 (00009040)     _i
00009042     241 (00009040)     _j
00009044     241 (00009040)     _mode1cnt
00009046     241 (00009040)     _mode3cnt
00009048     241 (00009040)     _acel
0000904a     241 (00009040)     _timer1cnt
0000904c     241 (00009040)     _timeUp
0000904e     241 (00009040)     _dt
00009050     241 (00009040)     _timer0cnt
00009052     241 (00009040)     _spiaRegs
00009054     241 (00009040)     _CpuTimer0Regs
00009056     241 (00009040)     _tempData2
00009058     241 (00009040)     _CpuTimer1Regs
0000905a     241 (00009040)     _interrupS
0000905c     241 (00009040)     _sciaRegs
0000905e     241 (00009040)     _xIntruptRegs
00009060     241 (00009040)     _spiData
00009062     241 (00009040)     _interrupSVectTable
00009064     241 (00009040)     _mcbspRegs
00009066     241 (00009040)     _flashRegs
00009068     241 (00009040)     _START_BIT
0000906a     241 (00009040)     _tempData1
0000906c     241 (00009040)     _START_BIT_BITS
0000906e     241 (00009040)     _CpuTimer2Regs
00009070     241 (00009040)     _refD
00009074     241 (00009040)     _iTot
00009078     241 (00009040)     _refQ
0000907c     241 (00009040)     _pwmValues

00009080     242 (00009080)     _dqP
00009088     242 (00009080)     _alBe
00009090     242 (00009080)     _dq
00009098     242 (00009080)     _saadFrameSend
000090a0     242 (00009080)     _alBeI
000090a8     242 (00009080)     _saadFrameResive
000090b0     242 (00009080)     _pwmRegS

000090c0     243 (000090c0)     _pwmHandle
000090cc     243 (000090c0)     _abcI
000090d8     243 (000090c0)     _abc

00009100     244 (00009100)     _adcRes

00009140     245 (00009140)     _motor1

00009180     246 (00009180)     _motor0

000091c0     247 (000091c0)     _spiModule

00009200     248 (00009200)     _pidD

00009280     24a (00009280)     _pidQ

00009300     24c (00009300)     _pidVel

00009380     24e (00009380)     _AMCconfArr

00009400     250 (00009400)     __unlock
00009402     250 (00009400)     __lock
00009404     250 (00009400)     ___TI_cleanup_ptr
00009406     250 (00009400)     ___TI_dtors_ptr

003f651a    fd94 (003f6500)     _PieVectTableInit


GLOBAL SYMBOLS: SORTED ALPHABETICALLY BY Name 

address    name
--------   ----
003f4000   .text
003f63ef   C$$EXIT
003f624f   FS$$DIV
003f5fff   _ADCINT1_ISR
003f5ff5   _ADCINT2_ISR
003f5feb   _ADCINT3_ISR
003f5fe1   _ADCINT4_ISR
003f5fd7   _ADCINT5_ISR
003f5fcd   _ADCINT6_ISR
003f5fc3   _ADCINT7_ISR
003f5fb9   _ADCINT8_ISR
003f5faf   _ADCINT9_ISR
003f4996   _ADC_config
003f490f   _AMCconf
00009380   _AMCconfArr
003f5fa5   _CLA1_INT1_ISR
003f5f9b   _CLA1_INT2_ISR
003f5f91   _CLA1_INT3_ISR
003f5f87   _CLA1_INT4_ISR
003f5f7d   _CLA1_INT5_ISR
003f5f73   _CLA1_INT6_ISR
003f5f69   _CLA1_INT7_ISR
003f5f5f   _CLA1_INT8_ISR
003f6169   _CLK_disableAdcClock
003f6162   _CLK_disableClaClock
003f615c   _CLK_disableClkIn
003f6158   _CLK_disableCompClock
003f6151   _CLK_disableCpuTimerClock
003f614b   _CLK_disableCrystalOsc
003f6144   _CLK_disableEcanaClock
003f613d   _CLK_disableEcap1Clock
003f6136   _CLK_disableEqep1Clock
003f612f   _CLK_disableGpioInputClock
003f6128   _CLK_disableHrPwmClock
003f6121   _CLK_disableI2cClock
003f611a   _CLK_disableLinAClock
003f6114   _CLK_disableOsc1
003f610e   _CLK_disableOsc1HaltMode
003f6108   _CLK_disableOsc2
003f6102   _CLK_disableOsc2HaltMode
003f60f8   _CLK_disablePwmClock
003f60f1   _CLK_disableSciaClock
003f60ea   _CLK_disableSpiaClock
003f60e6   _CLK_disableSpibClock
003f60df   _CLK_disableTbClockSync
003f60d9   _CLK_disableWatchDogHaltMode
003f60d2   _CLK_enableAdcClock
003f60cb   _CLK_enableClaClock
003f60c5   _CLK_enableClkIn
003f60bf   _CLK_enableCompClock
003f60b9   _CLK_enableCpuTimerClock
003f60b3   _CLK_enableCrystalOsc
003f60ac   _CLK_enableEcanaClock
003f60a5   _CLK_enableEcap1Clock
003f609e   _CLK_enableEqep1Clock
003f6097   _CLK_enableGpioInputClock
003f6090   _CLK_enableHrPwmClock
003f6089   _CLK_enableI2cClock
003f6082   _CLK_enableLinAClock
003f607c   _CLK_enableOsc1
003f6076   _CLK_enableOsc1HaltMode
003f6070   _CLK_enableOsc2
003f606a   _CLK_enableOsc2HaltMode
003f6061   _CLK_enablePwmClock
003f605a   _CLK_enableSciaClock
003f6053   _CLK_enableSpiaClock
003f604c   _CLK_enableSpibClock
003f6045   _CLK_enableTbClockSync
003f603f   _CLK_enableWatchDogHaltMode
003f6039   _CLK_init
003f6032   _CLK_setClkOutPreScaler
003f602c   _CLK_setLowSpdPreScaler
003f6025   _CLK_setOsc2Src
003f601e   _CLK_setOscSrc
003f6017   _CLK_setTimer2PreScale
003f6010   _CLK_setTimer2Src
003f6009   _CLK_setWatchDogSrc
00009007   _COMMAND_BYTE
00009004   _COMMAND_BYTE_BITS
00009000   _CTRLSUM
0000900a   _CTRLSUM_BITS
003f4001   _ConfigCpuTimer0
003f4010   _ConfigCpuTimer1
003f401f   _ConfigCpuTimer2
00009054   _CpuTimer0Regs
00009058   _CpuTimer1Regs
0000906e   _CpuTimer2Regs
00009009   _DATA
003f5f55   _DATALOG_ISR
0000900c   _DATA_BITS
003f5f4b   _DINTCH1_ISR
003f5f41   _DINTCH2_ISR
003f5f37   _DINTCH3_ISR
003f5f2d   _DINTCH4_ISR
003f5f23   _DINTCH5_ISR
003f5f19   _DINTCH6_ISR
003f404a   _DisableDog
003f5f0f   _ECAN0INTA_ISR
003f5f05   _ECAN1INTA_ISR
003f5efb   _ECAP1_INT_ISR
003f5ef1   _ECAP2_INT_ISR
003f5ee7   _ECAP3_INT_ISR
003f5eda   _EMPTY_ISR
003f5ed0   _EMUINT_ISR
003f5ec6   _EPWM1_INT_ISR
003f5ebc   _EPWM1_TZINT_ISR
003f5eb2   _EPWM2_INT_ISR
003f5ea8   _EPWM2_TZINT_ISR
003f5e9e   _EPWM3_INT_ISR
003f5e94   _EPWM3_TZINT_ISR
003f5e8a   _EPWM4_INT_ISR
003f5e80   _EPWM4_TZINT_ISR
003f5e76   _EPWM5_INT_ISR
003f5e6c   _EPWM5_TZINT_ISR
003f5e62   _EPWM6_INT_ISR
003f5e58   _EPWM6_TZINT_ISR
003f5e4e   _EPWM7_INT_ISR
003f5e44   _EPWM7_TZINT_ISR
003f5e3a   _EPWM8_INT_ISR
003f5e30   _EPWM8_TZINT_ISR
003f5e26   _EQEP1_INT_ISR
003f5e1c   _EQEP2_INT_ISR
003f6249   _GPIO_init
003f6223   _GPIO_read
003f6208   _GPIO_setDirection
003f61fc   _GPIO_setExtInt
003f61e9   _GPIO_setHigh
003f61d6   _GPIO_setLow
003f619e   _GPIO_setMode
003f6183   _GPIO_setPullup
003f6170   _GPIO_toggle
003f5e08   _GYRO_X_isr
003f5dfe   _HRCAP1_INT_ISR
003f5df4   _HRCAP2_INT_ISR
003f5dea   _HRCAP3_INT_ISR
003f5de0   _HRCAP4_INT_ISR
003f5dd6   _I2CINT1A_ISR
003f5dcc   _I2CINT2A_ISR
003f5dc2   _ILLEGAL_ISR
003f5db8   _INT13_ISR
003f5dae   _INT14_ISR
003f4063   _InitPll
003f5da4   _LUF_ISR
003f5d9a   _LVF_ISR
003f5d90   _MRINTA_ISR
003f5d86   _MXINTA_ISR
003f5d7c   _NMI_ISR
003f5d72   _PIE_RESERVED
0000900b   _POSITION
00009021   _POSITION_BITS
003f651a   _PieVectTableInit
003f5d68   _RTOSINT_ISR
00008000   _RamfuncsLoadEnd
00000000   _RamfuncsLoadSize
00008000   _RamfuncsLoadStart
00008000   _RamfuncsRunStart
00009022   _SAAD_CTRL
0000902e   _SAAD_CTRL_ALL
00009024   _SAAD_CTRL_BITS
00009003   _SAAD_ST
00009023   _SAAD_ST_BITS
00009001   _SAAD_TESTS_BITS
00009005   _SAAD_TEST_RES
00009002   _SAAD_TEST_RES_BITS
003f5d5e   _SCIRXINTA_ISR
003f5d54   _SCIRXINTB_ISR
003f5d4a   _SCITXINTA_ISR
003f5d40   _SCITXINTB_ISR
003f5d2c   _SCI_RX_isr
003f5d22   _SPIRXINTA_ISR
003f5d18   _SPIRXINTB_ISR
003f5d0e   _SPITXINTA_ISR
003f5d04   _SPITXINTB_ISR
003f50a1   _SPI_RX_isr
00009068   _START_BIT
0000906c   _START_BIT_BITS
003f533a   _ServiceDog
003f5cfa   _TINT0_ISR
003f5cf0   _USB0_INT_ISR
003f5ce6   _USER10_ISR
003f5cdc   _USER11_ISR
003f5cd2   _USER12_ISR
003f5cc8   _USER1_ISR
003f5cbe   _USER2_ISR
003f5cb4   _USER3_ISR
003f5caa   _USER4_ISR
003f5ca0   _USER5_ISR
003f5c96   _USER6_ISR
003f5c8c   _USER7_ISR
003f5c82   _USER8_ISR
003f5c78   _USER9_ISR
00009006   _VELOCITY
00009008   _VELOCITY_BITS
003f5c6e   _WAKEINT_ISR
003f5c64   _XINT1_ISR
003f5c5a   _XINT2_ISR
003f5c50   _XINT3_ISR
00000350   __STACK_END
00000300   __STACK_SIZE
00000001   __TI_args_main
00009404   ___TI_cleanup_ptr
00009406   ___TI_dtors_ptr
ffffffff   ___binit__
ffffffff   ___c_args__
003f661a   ___cinit__
003f6419   ___etext__
ffffffff   ___pinit__
003f4000   ___text__
003f63d6   __args_main
00009402   __lock
003f6410   __nop
003f640c   __register_lock
003f6408   __register_unlock
00000050   __stack
00009400   __unlock
000090d8   _abc
000090cc   _abcI
003f63ef   _abort
00009048   _acel
003f498d   _adcInit
003f47c5   _adcRead
00009034   _adcRegs
00009100   _adcRes
00009038   _adcResRegs
003f5c1f   _adc_X_ISR
00009088   _alBe
000090a0   _alBeI
00009028   _alpha
00009026   _alpha1
003f5022   _alphaF
0000900d   _apsL
0000900e   _apsR
003f6390   _c_int00
003f52d6   _calcPWM
003f50e5   _calcSpeed
003f521f   _clarke
003f524c   _clarkeInv
003f52cd   _clkInit
00009036   _clkS
003f52bb   _clkg_delay_loop
003f62d7   _cos
00009018   _counter
003f5823   _cpu_timer0_isr
003f53d5   _cpu_timer1_isr
003f534e   _cpu_timer2_isr
003f500a   _crc8DATA
003f4ff2   _crc8POS
003f4fda   _crc8VEL
00009017   _delay
003f4fc8   _delay_loop
003f4fab   _disablePWM
00009090   _dq
00009080   _dqP
0000904e   _dt
003f63f1   _exit
003f48e8   _flashInit
00009066   _flashRegs
003f48ee   _flashSetup
003f4afb   _getMaxPWMVal
003f4906   _gpioInit
00009032   _gpioS
00009040   _i
00009074   _iTot
0000905a   _interrupS
003f4f93   _interrupSDefVectTableInit
00009062   _interrupSVectTable
003f4b10   _interrupsCpuSetup
003f48b4   _interrupsCtrlInit
003f48a8   _interrupsInit
003f4b06   _interruptSEnable
00009042   _j
0000903e   _jj
00009015   _lockDevEn
00009016   _lockDevSend
003f4b28   _lockDevStart
00009013   _lockDevStepCount
003f4b71   _main
003f480f   _makeTest
003f4751   _mcbspAddr
0000903a   _mcbspData
00009064   _mcbspRegs
003f4755   _mcbspSetupSpi
003f4738   _mcbsp_read
003f472f   _mcbsp_write
003f4729   _mcbspaInit
003f46ff   _mcbspaSetup
00009014   _mode
00009044   _mode1cnt
00009046   _mode3cnt
00009180   _motor0
00009140   _motor1
00009012   _moveMode
003f46c9   _park
003f4693   _parkInv
003f4692   _pidCalc
00009200   _pidD
00009280   _pidQ
00009300   _pidVel
003f40e4   _pid_reg3_calc
000090c0   _pwmHandle
000090b0   _pwmRegS
003f4675   _pwmSInit
003f450c   _pwmSetupWTest
0000907c   _pwmValues
00009070   _refD
00009078   _refQ
003f5344   _rsvd_ISR
000090a8   _saadFrameResive
00009098   _saadFrameSend
0000901c   _saadTests
0000901a   _saadTestsPs
00009020   _sciCounter
0000901f   _sciFramePart
0000901e   _sciSendCnt
003f4506   _sciaInit
003f4501   _sciaRead
0000905c   _sciaRegs
003f44db   _sciaSetup
003f44d5   _sciaWrite
0000900f   _sendDubSCI
00009010   _sendSCI
003f4054   _setExtOsc
003f44c9   _setIntOsc1
003f44bd   _setIntOsc2
003f4494   _setPWMValues
003f44a4   _setPWMValuesArr
0000901d   _setSci
003f40ad   _setUpPeripheralClocks
003f4488   _setXTALOsc
003f445c   _setupClks
003f422b   _setupGPIOs
003f421c   _setupGPIOsInterrupt
003f418c   _setupPeripheralClks
003f6338   _sin
0000902c   _speed
00009060   _spiData
003f417e   _spiDisableFF
003f4178   _spiInit
000091c0   _spiModule
003f4169   _spiSetupFF
00009052   _spiaRegs
003f4166   _stopMotor
00009030   _sysCtrlRegs
003f4160   _systemInit
003f4144   _systemSetup
0000906a   _tempData1
00009056   _tempData2
00009011   _testSciSend
0000903c   _time
0000904c   _timeUp
00009050   _timer0cnt
0000904a   _timer1cnt
003f403e   _timerInit
003f402e   _timerSConfig
003f4000   _usDelay
0000902a   _vel
00009019   _xData
0000905e   _xIntruptRegs
0000901b   _yData
ffffffff   binit
003f661a   cinit
003f7ff6   code_start
003f6419   etext
ffffffff   pinit


GLOBAL SYMBOLS: SORTED BY Symbol Address 

address    name
--------   ----
00000000   _RamfuncsLoadSize
00000001   __TI_args_main
00000050   __stack
00000300   __STACK_SIZE
00000350   __STACK_END
00008000   _RamfuncsLoadEnd
00008000   _RamfuncsLoadStart
00008000   _RamfuncsRunStart
00009000   _CTRLSUM
00009001   _SAAD_TESTS_BITS
00009002   _SAAD_TEST_RES_BITS
00009003   _SAAD_ST
00009004   _COMMAND_BYTE_BITS
00009005   _SAAD_TEST_RES
00009006   _VELOCITY
00009007   _COMMAND_BYTE
00009008   _VELOCITY_BITS
00009009   _DATA
0000900a   _CTRLSUM_BITS
0000900b   _POSITION
0000900c   _DATA_BITS
0000900d   _apsL
0000900e   _apsR
0000900f   _sendDubSCI
00009010   _sendSCI
00009011   _testSciSend
00009012   _moveMode
00009013   _lockDevStepCount
00009014   _mode
00009015   _lockDevEn
00009016   _lockDevSend
00009017   _delay
00009018   _counter
00009019   _xData
0000901a   _saadTestsPs
0000901b   _yData
0000901c   _saadTests
0000901d   _setSci
0000901e   _sciSendCnt
0000901f   _sciFramePart
00009020   _sciCounter
00009021   _POSITION_BITS
00009022   _SAAD_CTRL
00009023   _SAAD_ST_BITS
00009024   _SAAD_CTRL_BITS
00009026   _alpha1
00009028   _alpha
0000902a   _vel
0000902c   _speed
0000902e   _SAAD_CTRL_ALL
00009030   _sysCtrlRegs
00009032   _gpioS
00009034   _adcRegs
00009036   _clkS
00009038   _adcResRegs
0000903a   _mcbspData
0000903c   _time
0000903e   _jj
00009040   _i
00009042   _j
00009044   _mode1cnt
00009046   _mode3cnt
00009048   _acel
0000904a   _timer1cnt
0000904c   _timeUp
0000904e   _dt
00009050   _timer0cnt
00009052   _spiaRegs
00009054   _CpuTimer0Regs
00009056   _tempData2
00009058   _CpuTimer1Regs
0000905a   _interrupS
0000905c   _sciaRegs
0000905e   _xIntruptRegs
00009060   _spiData
00009062   _interrupSVectTable
00009064   _mcbspRegs
00009066   _flashRegs
00009068   _START_BIT
0000906a   _tempData1
0000906c   _START_BIT_BITS
0000906e   _CpuTimer2Regs
00009070   _refD
00009074   _iTot
00009078   _refQ
0000907c   _pwmValues
00009080   _dqP
00009088   _alBe
00009090   _dq
00009098   _saadFrameSend
000090a0   _alBeI
000090a8   _saadFrameResive
000090b0   _pwmRegS
000090c0   _pwmHandle
000090cc   _abcI
000090d8   _abc
00009100   _adcRes
00009140   _motor1
00009180   _motor0
000091c0   _spiModule
00009200   _pidD
00009280   _pidQ
00009300   _pidVel
00009380   _AMCconfArr
00009400   __unlock
00009402   __lock
00009404   ___TI_cleanup_ptr
00009406   ___TI_dtors_ptr
003f4000   .text
003f4000   ___text__
003f4000   _usDelay
003f4001   _ConfigCpuTimer0
003f4010   _ConfigCpuTimer1
003f401f   _ConfigCpuTimer2
003f402e   _timerSConfig
003f403e   _timerInit
003f404a   _DisableDog
003f4054   _setExtOsc
003f4063   _InitPll
003f40ad   _setUpPeripheralClocks
003f40e4   _pid_reg3_calc
003f4144   _systemSetup
003f4160   _systemInit
003f4166   _stopMotor
003f4169   _spiSetupFF
003f4178   _spiInit
003f417e   _spiDisableFF
003f418c   _setupPeripheralClks
003f421c   _setupGPIOsInterrupt
003f422b   _setupGPIOs
003f445c   _setupClks
003f4488   _setXTALOsc
003f4494   _setPWMValues
003f44a4   _setPWMValuesArr
003f44bd   _setIntOsc2
003f44c9   _setIntOsc1
003f44d5   _sciaWrite
003f44db   _sciaSetup
003f4501   _sciaRead
003f4506   _sciaInit
003f450c   _pwmSetupWTest
003f4675   _pwmSInit
003f4692   _pidCalc
003f4693   _parkInv
003f46c9   _park
003f46ff   _mcbspaSetup
003f4729   _mcbspaInit
003f472f   _mcbsp_write
003f4738   _mcbsp_read
003f4751   _mcbspAddr
003f4755   _mcbspSetupSpi
003f47c5   _adcRead
003f480f   _makeTest
003f48a8   _interrupsInit
003f48b4   _interrupsCtrlInit
003f48e8   _flashInit
003f48ee   _flashSetup
003f4906   _gpioInit
003f490f   _AMCconf
003f498d   _adcInit
003f4996   _ADC_config
003f4afb   _getMaxPWMVal
003f4b06   _interruptSEnable
003f4b10   _interrupsCpuSetup
003f4b28   _lockDevStart
003f4b71   _main
003f4f93   _interrupSDefVectTableInit
003f4fab   _disablePWM
003f4fc8   _delay_loop
003f4fda   _crc8VEL
003f4ff2   _crc8POS
003f500a   _crc8DATA
003f5022   _alphaF
003f50a1   _SPI_RX_isr
003f50e5   _calcSpeed
003f521f   _clarke
003f524c   _clarkeInv
003f52bb   _clkg_delay_loop
003f52cd   _clkInit
003f52d6   _calcPWM
003f533a   _ServiceDog
003f5344   _rsvd_ISR
003f534e   _cpu_timer2_isr
003f53d5   _cpu_timer1_isr
003f5823   _cpu_timer0_isr
003f5c1f   _adc_X_ISR
003f5c50   _XINT3_ISR
003f5c5a   _XINT2_ISR
003f5c64   _XINT1_ISR
003f5c6e   _WAKEINT_ISR
003f5c78   _USER9_ISR
003f5c82   _USER8_ISR
003f5c8c   _USER7_ISR
003f5c96   _USER6_ISR
003f5ca0   _USER5_ISR
003f5caa   _USER4_ISR
003f5cb4   _USER3_ISR
003f5cbe   _USER2_ISR
003f5cc8   _USER1_ISR
003f5cd2   _USER12_ISR
003f5cdc   _USER11_ISR
003f5ce6   _USER10_ISR
003f5cf0   _USB0_INT_ISR
003f5cfa   _TINT0_ISR
003f5d04   _SPITXINTB_ISR
003f5d0e   _SPITXINTA_ISR
003f5d18   _SPIRXINTB_ISR
003f5d22   _SPIRXINTA_ISR
003f5d2c   _SCI_RX_isr
003f5d40   _SCITXINTB_ISR
003f5d4a   _SCITXINTA_ISR
003f5d54   _SCIRXINTB_ISR
003f5d5e   _SCIRXINTA_ISR
003f5d68   _RTOSINT_ISR
003f5d72   _PIE_RESERVED
003f5d7c   _NMI_ISR
003f5d86   _MXINTA_ISR
003f5d90   _MRINTA_ISR
003f5d9a   _LVF_ISR
003f5da4   _LUF_ISR
003f5dae   _INT14_ISR
003f5db8   _INT13_ISR
003f5dc2   _ILLEGAL_ISR
003f5dcc   _I2CINT2A_ISR
003f5dd6   _I2CINT1A_ISR
003f5de0   _HRCAP4_INT_ISR
003f5dea   _HRCAP3_INT_ISR
003f5df4   _HRCAP2_INT_ISR
003f5dfe   _HRCAP1_INT_ISR
003f5e08   _GYRO_X_isr
003f5e1c   _EQEP2_INT_ISR
003f5e26   _EQEP1_INT_ISR
003f5e30   _EPWM8_TZINT_ISR
003f5e3a   _EPWM8_INT_ISR
003f5e44   _EPWM7_TZINT_ISR
003f5e4e   _EPWM7_INT_ISR
003f5e58   _EPWM6_TZINT_ISR
003f5e62   _EPWM6_INT_ISR
003f5e6c   _EPWM5_TZINT_ISR
003f5e76   _EPWM5_INT_ISR
003f5e80   _EPWM4_TZINT_ISR
003f5e8a   _EPWM4_INT_ISR
003f5e94   _EPWM3_TZINT_ISR
003f5e9e   _EPWM3_INT_ISR
003f5ea8   _EPWM2_TZINT_ISR
003f5eb2   _EPWM2_INT_ISR
003f5ebc   _EPWM1_TZINT_ISR
003f5ec6   _EPWM1_INT_ISR
003f5ed0   _EMUINT_ISR
003f5eda   _EMPTY_ISR
003f5ee7   _ECAP3_INT_ISR
003f5ef1   _ECAP2_INT_ISR
003f5efb   _ECAP1_INT_ISR
003f5f05   _ECAN1INTA_ISR
003f5f0f   _ECAN0INTA_ISR
003f5f19   _DINTCH6_ISR
003f5f23   _DINTCH5_ISR
003f5f2d   _DINTCH4_ISR
003f5f37   _DINTCH3_ISR
003f5f41   _DINTCH2_ISR
003f5f4b   _DINTCH1_ISR
003f5f55   _DATALOG_ISR
003f5f5f   _CLA1_INT8_ISR
003f5f69   _CLA1_INT7_ISR
003f5f73   _CLA1_INT6_ISR
003f5f7d   _CLA1_INT5_ISR
003f5f87   _CLA1_INT4_ISR
003f5f91   _CLA1_INT3_ISR
003f5f9b   _CLA1_INT2_ISR
003f5fa5   _CLA1_INT1_ISR
003f5faf   _ADCINT9_ISR
003f5fb9   _ADCINT8_ISR
003f5fc3   _ADCINT7_ISR
003f5fcd   _ADCINT6_ISR
003f5fd7   _ADCINT5_ISR
003f5fe1   _ADCINT4_ISR
003f5feb   _ADCINT3_ISR
003f5ff5   _ADCINT2_ISR
003f5fff   _ADCINT1_ISR
003f6009   _CLK_setWatchDogSrc
003f6010   _CLK_setTimer2Src
003f6017   _CLK_setTimer2PreScale
003f601e   _CLK_setOscSrc
003f6025   _CLK_setOsc2Src
003f602c   _CLK_setLowSpdPreScaler
003f6032   _CLK_setClkOutPreScaler
003f6039   _CLK_init
003f603f   _CLK_enableWatchDogHaltMode
003f6045   _CLK_enableTbClockSync
003f604c   _CLK_enableSpibClock
003f6053   _CLK_enableSpiaClock
003f605a   _CLK_enableSciaClock
003f6061   _CLK_enablePwmClock
003f606a   _CLK_enableOsc2HaltMode
003f6070   _CLK_enableOsc2
003f6076   _CLK_enableOsc1HaltMode
003f607c   _CLK_enableOsc1
003f6082   _CLK_enableLinAClock
003f6089   _CLK_enableI2cClock
003f6090   _CLK_enableHrPwmClock
003f6097   _CLK_enableGpioInputClock
003f609e   _CLK_enableEqep1Clock
003f60a5   _CLK_enableEcap1Clock
003f60ac   _CLK_enableEcanaClock
003f60b3   _CLK_enableCrystalOsc
003f60b9   _CLK_enableCpuTimerClock
003f60bf   _CLK_enableCompClock
003f60c5   _CLK_enableClkIn
003f60cb   _CLK_enableClaClock
003f60d2   _CLK_enableAdcClock
003f60d9   _CLK_disableWatchDogHaltMode
003f60df   _CLK_disableTbClockSync
003f60e6   _CLK_disableSpibClock
003f60ea   _CLK_disableSpiaClock
003f60f1   _CLK_disableSciaClock
003f60f8   _CLK_disablePwmClock
003f6102   _CLK_disableOsc2HaltMode
003f6108   _CLK_disableOsc2
003f610e   _CLK_disableOsc1HaltMode
003f6114   _CLK_disableOsc1
003f611a   _CLK_disableLinAClock
003f6121   _CLK_disableI2cClock
003f6128   _CLK_disableHrPwmClock
003f612f   _CLK_disableGpioInputClock
003f6136   _CLK_disableEqep1Clock
003f613d   _CLK_disableEcap1Clock
003f6144   _CLK_disableEcanaClock
003f614b   _CLK_disableCrystalOsc
003f6151   _CLK_disableCpuTimerClock
003f6158   _CLK_disableCompClock
003f615c   _CLK_disableClkIn
003f6162   _CLK_disableClaClock
003f6169   _CLK_disableAdcClock
003f6170   _GPIO_toggle
003f6183   _GPIO_setPullup
003f619e   _GPIO_setMode
003f61d6   _GPIO_setLow
003f61e9   _GPIO_setHigh
003f61fc   _GPIO_setExtInt
003f6208   _GPIO_setDirection
003f6223   _GPIO_read
003f6249   _GPIO_init
003f624f   FS$$DIV
003f62d7   _cos
003f6338   _sin
003f6390   _c_int00
003f63d6   __args_main
003f63ef   C$$EXIT
003f63ef   _abort
003f63f1   _exit
003f6408   __register_unlock
003f640c   __register_lock
003f6410   __nop
003f6419   ___etext__
003f6419   etext
003f651a   _PieVectTableInit
003f661a   ___cinit__
003f661a   cinit
003f7ff6   code_start
ffffffff   ___binit__
ffffffff   ___c_args__
ffffffff   ___pinit__
ffffffff   binit
ffffffff   pinit

[364 symbols]
