******************************************************************************
             TMS320C2000 Linker PC v6.2.7                      
******************************************************************************
>> Linked Thu Jun 08 12:19:51 2017

OUTPUT FILE NAME:   <motorsEpsilonC2.out>
ENTRY POINT SYMBOL: "_c_int00"  address: 003f6abe


MEMORY CONFIGURATION

         name            origin    length      used     unused   attr    fill
----------------------  --------  ---------  --------  --------  ----  --------
PAGE 0:
  RAML0                 00008000   00000800  00000000  00000800  RWIX
  RAML1                 00008800   00000400  00000000  00000400  RWIX
  OTP                   003d7800   00000400  00000000  00000400  RWIX
  FLASHH                003d8000   00004000  00000000  00004000  RWIX
  FLASHG                003dc000   00004000  00000000  00004000  RWIX
  FLASHF                003e0000   00004000  00000000  00004000  RWIX
  FLASHE                003e4000   00004000  00000000  00004000  RWIX
  FLASHD                003e8000   00004000  00000000  00004000  RWIX
  FLASHC                003ec000   00004000  00000000  00004000  RWIX
  FLASHA                003f4000   00003f80  00002f1f  00001061  RWIX
  CSM_RSVD              003f7f80   00000076  00000000  00000076  RWIX
  BEGIN                 003f7ff6   00000002  00000002  00000000  RWIX
  CSM_PWL_P0            003f7ff8   00000008  00000000  00000008  RWIX
  FPUTABLES             003fd860   000006a0  00000000  000006a0  RWIX
  IQTABLES              003fdf00   00000b50  00000000  00000b50  RWIX
  IQTABLES2             003fea50   0000008c  00000000  0000008c  RWIX
  IQTABLES3             003feadc   000000aa  00000000  000000aa  RWIX
  ROM                   003ff3b0   00000c10  00000000  00000c10  RWIX
  RESET                 003fffc0   00000002  00000000  00000002  RWIX
  VECTORS               003fffc2   0000003e  00000000  0000003e  RWIX

PAGE 1:
  BOOT_RSVD             00000000   00000050  00000000  00000050  RWIX
  RAMM0                 00000050   000003b0  00000300  000000b0  RWIX
  RAMM1                 00000400   00000400  00000000  00000400  RWIX
  RAML2                 00008c00   00000400  00000000  00000400  RWIX
  RAML3                 00009000   00001000  00000408  00000bf8  RWIX
  RAML4                 0000a000   00002000  00000000  00002000  RWIX
  RAML5                 0000c000   00002000  00000000  00002000  RWIX
  RAML6                 0000e000   00002000  00000000  00002000  RWIX
  RAML7                 00010000   00002000  00000000  00002000  RWIX
  RAML8                 00012000   00002000  00000000  00002000  RWIX
  USB_RAM               00040000   00000800  00000000  00000800  RWIX
  FLASHB                003f0000   00004000  00000000  00004000  RWIX


SECTION ALLOCATION MAP

 output                                  attributes/
section   page    origin      length       input sections
--------  ----  ----------  ----------   ----------------
.pinit     0    003f4000    00000000     UNINITIALIZED

ramfuncs   0    00008000    00000000     UNINITIALIZED

.text      0    003f4000    00002b47     
                  003f4000    00001775     main.obj (.text)
                  003f5775    00000db4     main.obj (.text:retain)
                  003f6529    000002ca     clk.obj (.text)
                  003f67f3    0000018a     gpio.obj (.text)
                  003f697d    00000088     rts2800_fpu32.lib : fs_div.obj (.text)
                  003f6a05    00000061                       : cos.obj (.text)
                  003f6a66    00000058                       : sin.obj (.text)
                  003f6abe    00000046                       : boot.obj (.text)
                  003f6b04    00000019                       : args_main.obj (.text)
                  003f6b1d    00000019                       : exit.obj (.text)
                  003f6b36    00000009                       : _lock.obj (.text)
                  003f6b3f    00000008     F2806x_CodeStartBranch.obj (.text)

.econst    0    003f6b48    00000200     
                  003f6b48    00000100     main.obj (.econst:.string:_CRC_TABLE)
                  003f6c48    00000100     main.obj (.econst)

.cinit     0    003f6d48    000001b8     
                  003f6d48    000001a2     main.obj (.cinit)
                  003f6eea    0000000a     rts2800_fpu32.lib : _lock.obj (.cinit)
                  003f6ef4    0000000a                       : exit.obj (.cinit)
                  003f6efe    00000002     --HOLE-- [fill = 0]

.switch    0    003f6f00    00000020     
                  003f6f00    00000020     main.obj (.switch:_adcRead)

codestart 
*          0    003f7ff6    00000002     
                  003f7ff6    00000002     F2806x_CodeStartBranch.obj (codestart)

.reset     0    003fffc0    00000002     DSECT
                  003fffc0    00000002     rts2800_fpu32.lib : boot.obj (.reset)

vectors    0    003fffc2    00000000     DSECT

.stack     1    00000050    00000300     UNINITIALIZED
                  00000050    00000300     --HOLE--

.ebss      1    00009000    00000408     UNINITIALIZED
                  00009000    00000400     main.obj (.ebss)
                  00009400    00000004     rts2800_fpu32.lib : _lock.obj (.ebss)
                  00009404    00000004                       : exit.obj (.ebss)


GLOBAL DATA SYMBOLS: SORTED BY DATA PAGE

address     data page           name
--------    ----------------    ----
00000050       1 (00000040)     __stack

00009000     240 (00009000)     _SAAD_ST
00009001     240 (00009000)     _saadTestsPs
00009002     240 (00009000)     _SAAD_TEST_RES_BITS
00009003     240 (00009000)     _SAAD_TESTS_BITS
00009004     240 (00009000)     _SAAD_TEST_RES
00009005     240 (00009000)     _POSITION_BITS
00009006     240 (00009000)     _COMMAND_BYTE_BITS
00009007     240 (00009000)     _VELOCITY
00009008     240 (00009000)     _COMMAND_BYTE
00009009     240 (00009000)     _CTRLSUM_BITS
0000900a     240 (00009000)     _CTRLSUM
0000900b     240 (00009000)     _DATA
0000900c     240 (00009000)     _POSITION
0000900d     240 (00009000)     _DATA_BITS
0000900e     240 (00009000)     _VELOCITY_BITS
0000900f     240 (00009000)     _apsR
00009010     240 (00009000)     _lockDevEn
00009011     240 (00009000)     _sendDubSCI
00009012     240 (00009000)     _apsL
00009013     240 (00009000)     _testSciSend
00009014     240 (00009000)     _lockDevStepCount
00009015     240 (00009000)     _flAMC
00009016     240 (00009000)     _mode
00009017     240 (00009000)     _moveMode
00009018     240 (00009000)     _lockDevSend
00009019     240 (00009000)     _counter
0000901a     240 (00009000)     _sciFramePart
0000901b     240 (00009000)     _xData
0000901c     240 (00009000)     _delay
0000901d     240 (00009000)     _yData
0000901e     240 (00009000)     _setSci
0000901f     240 (00009000)     _sendSCI
00009020     240 (00009000)     _sciSendCnt
00009021     240 (00009000)     _saadTests
00009022     240 (00009000)     _SAAD_CTRL
00009023     240 (00009000)     _SAAD_CTRL_BITS
00009024     240 (00009000)     _sciCounter
00009025     240 (00009000)     _SAAD_ST_BITS
00009026     240 (00009000)     _alpha1
00009028     240 (00009000)     _alpha
0000902a     240 (00009000)     _vel
0000902c     240 (00009000)     _speed
0000902e     240 (00009000)     _SAAD_CTRL_ALL
00009030     240 (00009000)     _adcRegs
00009032     240 (00009000)     _adcResRegs
00009034     240 (00009000)     _mcbspData
00009036     240 (00009000)     _START_BIT_BITS
00009038     240 (00009000)     _sysCtrlRegs
0000903a     240 (00009000)     _clkS
0000903c     240 (00009000)     _j
0000903e     240 (00009000)     _time

00009040     241 (00009040)     _i
00009042     241 (00009040)     _jj
00009044     241 (00009040)     _mode1cnt
00009046     241 (00009040)     _mode3cnt
00009048     241 (00009040)     _acel
0000904a     241 (00009040)     _timer1cnt
0000904c     241 (00009040)     _timeUp
0000904e     241 (00009040)     _dt
00009050     241 (00009040)     _timer0cnt
00009052     241 (00009040)     _xIntruptRegs
00009054     241 (00009040)     _spiaRegs
00009056     241 (00009040)     _CpuTimer2Regs
00009058     241 (00009040)     _CpuTimer1Regs
0000905a     241 (00009040)     _interrupSVectTable
0000905c     241 (00009040)     _spiData
0000905e     241 (00009040)     _CpuTimer0Regs
00009060     241 (00009040)     _tempData1
00009062     241 (00009040)     _tempData2
00009064     241 (00009040)     _mcbspRegs
00009066     241 (00009040)     _sciaRegs
00009068     241 (00009040)     _interrupS
0000906a     241 (00009040)     _flashRegs
0000906c     241 (00009040)     _gpioS
0000906e     241 (00009040)     _START_BIT
00009070     241 (00009040)     _refD
00009074     241 (00009040)     _refQ
00009078     241 (00009040)     _iTot
0000907c     241 (00009040)     _pwmValues

00009080     242 (00009080)     _dq
00009088     242 (00009080)     _alBe
00009090     242 (00009080)     _dqP
00009098     242 (00009080)     _saadFrameResive
000090a0     242 (00009080)     _alBeI
000090a8     242 (00009080)     _saadFrameSend
000090b0     242 (00009080)     _pwmRegS

000090c0     243 (000090c0)     _pwmHandle
000090cc     243 (000090c0)     _abcI
000090d8     243 (000090c0)     _abc

00009100     244 (00009100)     _adcRes

00009140     245 (00009140)     _motor1

00009180     246 (00009180)     _motor0

000091c0     247 (000091c0)     _spiModule

00009200     248 (00009200)     _pidD

00009280     24a (00009280)     _pidVel

00009300     24c (00009300)     _pidQ

00009380     24e (00009380)     _AMCconfArr

00009400     250 (00009400)     __unlock
00009402     250 (00009400)     __lock
00009404     250 (00009400)     ___TI_cleanup_ptr
00009406     250 (00009400)     ___TI_dtors_ptr

003f6c48    fdb1 (003f6c40)     _PieVectTableInit


GLOBAL SYMBOLS: SORTED ALPHABETICALLY BY Name 

address    name
--------   ----
003f4000   .text
003f6b1d   C$$EXIT
003f697d   FS$$DIV
003f5833   _ADCINT1_ISR
003f583d   _ADCINT2_ISR
003f5a45   _ADCINT3_ISR
003f5a4f   _ADCINT4_ISR
003f5a59   _ADCINT5_ISR
003f5a63   _ADCINT6_ISR
003f5a6d   _ADCINT7_ISR
003f5a77   _ADCINT8_ISR
003f585b   _ADCINT9_ISR
003f4653   _ADC_config
003f4a18   _AMCconf
00009380   _AMCconfArr
003f5a81   _CLA1_INT1_ISR
003f5a8b   _CLA1_INT2_ISR
003f5a95   _CLA1_INT3_ISR
003f5a9f   _CLA1_INT4_ISR
003f5aa9   _CLA1_INT5_ISR
003f5ab3   _CLA1_INT6_ISR
003f5abd   _CLA1_INT7_ISR
003f5ac7   _CLA1_INT8_ISR
003f6529   _CLK_disableAdcClock
003f6536   _CLK_disableClaClock
003f6543   _CLK_disableClkIn
003f654f   _CLK_disableCompClock
003f655b   _CLK_disableCpuTimerClock
003f656a   _CLK_disableCrystalOsc
003f6576   _CLK_disableEcanaClock
003f6583   _CLK_disableEcap1Clock
003f6590   _CLK_disableEqep1Clock
003f659d   _CLK_disableGpioInputClock
003f65aa   _CLK_disableHrPwmClock
003f65b7   _CLK_disableI2cClock
003f65c4   _CLK_disableLinAClock
003f65d1   _CLK_disableOsc1
003f65dd   _CLK_disableOsc1HaltMode
003f65e9   _CLK_disableOsc2
003f65f5   _CLK_disableOsc2HaltMode
003f6601   _CLK_disablePwmClock
003f6612   _CLK_disableSciaClock
003f661f   _CLK_disableSpiaClock
003f662c   _CLK_disableSpibClock
003f6636   _CLK_disableTbClockSync
003f6643   _CLK_disableWatchDogHaltMode
003f664f   _CLK_enableAdcClock
003f665c   _CLK_enableClaClock
003f66b8   _CLK_enableClkIn
003f6669   _CLK_enableCompClock
003f6677   _CLK_enableCpuTimerClock
003f6685   _CLK_enableCrystalOsc
003f6691   _CLK_enableEcanaClock
003f66ab   _CLK_enableEcap1Clock
003f669e   _CLK_enableEqep1Clock
003f66c4   _CLK_enableGpioInputClock
003f66d1   _CLK_enableHrPwmClock
003f66de   _CLK_enableI2cClock
003f66eb   _CLK_enableLinAClock
003f66f8   _CLK_enableOsc1
003f6704   _CLK_enableOsc1HaltMode
003f6710   _CLK_enableOsc2
003f671c   _CLK_enableOsc2HaltMode
003f6728   _CLK_enablePwmClock
003f6738   _CLK_enableSciaClock
003f6745   _CLK_enableSpiaClock
003f6752   _CLK_enableSpibClock
003f675f   _CLK_enableTbClockSync
003f676c   _CLK_enableWatchDogHaltMode
003f6778   _CLK_init
003f6785   _CLK_setClkOutPreScaler
003f6795   _CLK_setLowSpdPreScaler
003f67b3   _CLK_setOsc2Src
003f67a3   _CLK_setOscSrc
003f67c3   _CLK_setTimer2PreScale
003f67d3   _CLK_setTimer2Src
003f67e3   _CLK_setWatchDogSrc
00009008   _COMMAND_BYTE
00009006   _COMMAND_BYTE_BITS
0000900a   _CTRLSUM
00009009   _CTRLSUM_BITS
003f4c15   _ConfigCpuTimer0
003f4c3b   _ConfigCpuTimer1
003f4c60   _ConfigCpuTimer2
0000905e   _CpuTimer0Regs
00009058   _CpuTimer1Regs
00009056   _CpuTimer2Regs
0000900b   _DATA
003f5789   _DATALOG_ISR
0000900d   _DATA_BITS
003f59b9   _DINTCH1_ISR
003f59c3   _DINTCH2_ISR
003f59cd   _DINTCH3_ISR
003f59d7   _DINTCH4_ISR
003f59e1   _DINTCH5_ISR
003f59eb   _DINTCH6_ISR
003f44d6   _DisableDog
003f5a31   _ECAN0INTA_ISR
003f5a3b   _ECAN1INTA_ISR
003f5919   _ECAP1_INT_ISR
003f5923   _ECAP2_INT_ISR
003f592d   _ECAP3_INT_ISR
003f5aef   _EMPTY_ISR
003f579d   _EMUINT_ISR
003f58c9   _EPWM1_INT_ISR
003f5879   _EPWM1_TZINT_ISR
003f58d3   _EPWM2_INT_ISR
003f5883   _EPWM2_TZINT_ISR
003f58dd   _EPWM3_INT_ISR
003f588d   _EPWM3_TZINT_ISR
003f58e7   _EPWM4_INT_ISR
003f5897   _EPWM4_TZINT_ISR
003f58f1   _EPWM5_INT_ISR
003f58a1   _EPWM5_TZINT_ISR
003f58fb   _EPWM6_INT_ISR
003f58ab   _EPWM6_TZINT_ISR
003f5905   _EPWM7_INT_ISR
003f58b5   _EPWM7_TZINT_ISR
003f590f   _EPWM8_INT_ISR
003f58bf   _EPWM8_TZINT_ISR
003f594b   _EQEP1_INT_ISR
003f5955   _EQEP2_INT_ISR
003f67f3   _GPIO_init
003f688b   _GPIO_read
003f683c   _GPIO_setDirection
003f6878   _GPIO_setExtInt
003f68b8   _GPIO_setHigh
003f68d6   _GPIO_setLow
003f68f4   _GPIO_setMode
003f6800   _GPIO_setPullup
003f695f   _GPIO_toggle
003f64fc   _GYRO_X_isr
003f5937   _HRCAP1_INT_ISR
003f5941   _HRCAP2_INT_ISR
003f595f   _HRCAP3_INT_ISR
003f5969   _HRCAP4_INT_ISR
003f59f5   _I2CINT1A_ISR
003f59ff   _I2CINT2A_ISR
003f57b1   _ILLEGAL_ISR
003f5775   _INT13_ISR
003f577f   _INT14_ISR
003f44e0   _InitPll
003f5ae5   _LUF_ISR
003f5adb   _LVF_ISR
003f59a5   _MRINTA_ISR
003f59af   _MXINTA_ISR
003f57a7   _NMI_ISR
003f5afc   _PIE_RESERVED
0000900c   _POSITION
00009005   _POSITION_BITS
003f6c48   _PieVectTableInit
003f5793   _RTOSINT_ISR
00008000   _RamfuncsLoadEnd
00000000   _RamfuncsLoadSize
00008000   _RamfuncsLoadStart
00008000   _RamfuncsRunStart
00009022   _SAAD_CTRL
0000902e   _SAAD_CTRL_ALL
00009023   _SAAD_CTRL_BITS
00009000   _SAAD_ST
00009025   _SAAD_ST_BITS
00009003   _SAAD_TESTS_BITS
00009004   _SAAD_TEST_RES
00009002   _SAAD_TEST_RES_BITS
003f5a09   _SCIRXINTA_ISR
003f5a1d   _SCIRXINTB_ISR
003f5a13   _SCITXINTA_ISR
003f5a27   _SCITXINTB_ISR
003f64e8   _SCI_RX_isr
003f597d   _SPIRXINTA_ISR
003f5991   _SPIRXINTB_ISR
003f5987   _SPITXINTA_ISR
003f599b   _SPITXINTB_ISR
003f5558   _SPI_RX_isr
0000906e   _START_BIT
00009036   _START_BIT_BITS
003f44c8   _ServiceDog
003f5865   _TINT0_ISR
003f5973   _USB0_INT_ISR
003f5815   _USER10_ISR
003f581f   _USER11_ISR
003f5829   _USER12_ISR
003f57bb   _USER1_ISR
003f57c5   _USER2_ISR
003f57cf   _USER3_ISR
003f57d9   _USER4_ISR
003f57e3   _USER5_ISR
003f57ed   _USER6_ISR
003f57f7   _USER7_ISR
003f5801   _USER8_ISR
003f580b   _USER9_ISR
00009007   _VELOCITY
0000900e   _VELOCITY_BITS
003f586f   _WAKEINT_ISR
003f5847   _XINT1_ISR
003f5851   _XINT2_ISR
003f5ad1   _XINT3_ISR
00000350   __STACK_END
00000300   __STACK_SIZE
00000001   __TI_args_main
00009404   ___TI_cleanup_ptr
00009406   ___TI_dtors_ptr
ffffffff   ___binit__
ffffffff   ___c_args__
003f6d48   ___cinit__
003f6b47   ___etext__
ffffffff   ___pinit__
003f4000   ___text__
003f6b04   __args_main
00009402   __lock
003f6b3e   __nop
003f6b3a   __register_lock
003f6b36   __register_unlock
00000050   __stack
00009400   __unlock
000090d8   _abc
000090cc   _abcI
003f6b1d   _abort
00009048   _acel
003f464a   _adcInit
003f47cd   _adcRead
00009030   _adcRegs
00009100   _adcRes
00009032   _adcResRegs
003f6510   _adc_X_ISR
00009088   _alBe
000090a0   _alBeI
00009028   _alpha
00009026   _alpha1
003f51e5   _alphaF
00009012   _apsL
0000900f   _apsR
003f6abe   _c_int00
003f4e9a   _calcPWM
003f5614   _calcSpeed
003f4fda   _clarke
003f5084   _clarkeInv
003f4837   _clkInit
0000903a   _clkS
003f491b   _clkg_delay_loop
003f6a05   _cos
00009019   _counter
003f5b10   _cpu_timer0_isr
003f5fe7   _cpu_timer1_isr
003f5f5a   _cpu_timer2_isr
003f4e7a   _crc8DATA
003f4e3a   _crc8POS
003f4e5a   _crc8VEL
0000901c   _delay
003f4905   _delay_loop
003f4df8   _disablePWM
00009080   _dq
00009090   _dqP
0000904e   _dt
003f6b1f   _exit
00009015   _flAMC
003f447a   _flashInit
0000906a   _flashRegs
003f4480   _flashSetup
003f4e2c   _getMaxPWMVal
003f4231   _gpioInit
0000906c   _gpioS
00009040   _i
00009078   _iTot
00009068   _interrupS
003f4bcc   _interrupSDefVectTableInit
0000905a   _interrupSVectTable
003f4bac   _interrupsCpuSetup
003f4b57   _interrupsCtrlInit
003f4b4b   _interrupsInit
003f4ba1   _interruptSEnable
0000903c   _j
00009042   _jj
00009010   _lockDevEn
00009018   _lockDevSend
003f55a5   _lockDevStart
00009014   _lockDevStepCount
003f52fc   _main
003f512e   _makeTest
003f4a14   _mcbspAddr
00009034   _mcbspData
00009064   _mcbspRegs
003f497e   _mcbspSetupSpi
003f49f0   _mcbsp_read
003f49d5   _mcbsp_write
003f4931   _mcbspaInit
003f4937   _mcbspaSetup
00009016   _mode
00009044   _mode1cnt
00009046   _mode3cnt
00009180   _motor0
00009140   _motor1
00009017   _moveMode
003f500e   _park
003f5049   _parkInv
003f4f14   _pidCalc
00009200   _pidD
00009300   _pidQ
00009280   _pidVel
003f4f15   _pid_reg3_calc
000090c0   _pwmHandle
000090b0   _pwmRegS
003f4c85   _pwmSInit
003f4c9a   _pwmSetupWTest
0000907c   _pwmValues
00009070   _refD
00009074   _refQ
003f5b06   _rsvd_ISR
00009098   _saadFrameResive
000090a8   _saadFrameSend
00009021   _saadTests
00009001   _saadTestsPs
00009024   _sciCounter
0000901a   _sciFramePart
00009020   _sciSendCnt
003f4b01   _sciaInit
003f4b3c   _sciaRead
00009066   _sciaRegs
003f4b07   _sciaSetup
003f4b41   _sciaWrite
00009011   _sendDubSCI
0000901f   _sendSCI
003f462c   _setExtOsc
003f45e1   _setIntOsc1
003f45f6   _setIntOsc2
003f4dd6   _setPWMValues
003f4e0d   _setPWMValuesArr
0000901e   _setSci
003f453f   _setUpPeripheralClocks
003f4611   _setXTALOsc
003f4840   _setupClks
003f423a   _setupGPIOs
003f446b   _setupGPIOsInterrupt
003f4871   _setupPeripheralClks
003f6a66   _sin
0000902c   _speed
0000905c   _spiData
003f4af3   _spiDisableFF
003f4ade   _spiInit
000091c0   _spiModule
003f4ae4   _spiSetupFF
00009054   _spiaRegs
003f4f0d   _stopMotor
00009038   _sysCtrlRegs
003f44a4   _systemInit
003f44aa   _systemSetup
00009060   _tempData1
00009062   _tempData2
00009013   _testSciSend
0000903e   _time
0000904c   _timeUp
00009050   _timer0cnt
0000904a   _timer1cnt
003f4bf7   _timerInit
003f4c03   _timerSConfig
003f4220   _usDelay
0000902a   _vel
0000901b   _xData
00009052   _xIntruptRegs
0000901d   _yData
ffffffff   binit
003f6d48   cinit
003f7ff6   code_start
003f6b47   etext
ffffffff   pinit


GLOBAL SYMBOLS: SORTED BY Symbol Address 

address    name
--------   ----
00000000   _RamfuncsLoadSize
00000001   __TI_args_main
00000050   __stack
00000300   __STACK_SIZE
00000350   __STACK_END
00008000   _RamfuncsLoadEnd
00008000   _RamfuncsLoadStart
00008000   _RamfuncsRunStart
00009000   _SAAD_ST
00009001   _saadTestsPs
00009002   _SAAD_TEST_RES_BITS
00009003   _SAAD_TESTS_BITS
00009004   _SAAD_TEST_RES
00009005   _POSITION_BITS
00009006   _COMMAND_BYTE_BITS
00009007   _VELOCITY
00009008   _COMMAND_BYTE
00009009   _CTRLSUM_BITS
0000900a   _CTRLSUM
0000900b   _DATA
0000900c   _POSITION
0000900d   _DATA_BITS
0000900e   _VELOCITY_BITS
0000900f   _apsR
00009010   _lockDevEn
00009011   _sendDubSCI
00009012   _apsL
00009013   _testSciSend
00009014   _lockDevStepCount
00009015   _flAMC
00009016   _mode
00009017   _moveMode
00009018   _lockDevSend
00009019   _counter
0000901a   _sciFramePart
0000901b   _xData
0000901c   _delay
0000901d   _yData
0000901e   _setSci
0000901f   _sendSCI
00009020   _sciSendCnt
00009021   _saadTests
00009022   _SAAD_CTRL
00009023   _SAAD_CTRL_BITS
00009024   _sciCounter
00009025   _SAAD_ST_BITS
00009026   _alpha1
00009028   _alpha
0000902a   _vel
0000902c   _speed
0000902e   _SAAD_CTRL_ALL
00009030   _adcRegs
00009032   _adcResRegs
00009034   _mcbspData
00009036   _START_BIT_BITS
00009038   _sysCtrlRegs
0000903a   _clkS
0000903c   _j
0000903e   _time
00009040   _i
00009042   _jj
00009044   _mode1cnt
00009046   _mode3cnt
00009048   _acel
0000904a   _timer1cnt
0000904c   _timeUp
0000904e   _dt
00009050   _timer0cnt
00009052   _xIntruptRegs
00009054   _spiaRegs
00009056   _CpuTimer2Regs
00009058   _CpuTimer1Regs
0000905a   _interrupSVectTable
0000905c   _spiData
0000905e   _CpuTimer0Regs
00009060   _tempData1
00009062   _tempData2
00009064   _mcbspRegs
00009066   _sciaRegs
00009068   _interrupS
0000906a   _flashRegs
0000906c   _gpioS
0000906e   _START_BIT
00009070   _refD
00009074   _refQ
00009078   _iTot
0000907c   _pwmValues
00009080   _dq
00009088   _alBe
00009090   _dqP
00009098   _saadFrameResive
000090a0   _alBeI
000090a8   _saadFrameSend
000090b0   _pwmRegS
000090c0   _pwmHandle
000090cc   _abcI
000090d8   _abc
00009100   _adcRes
00009140   _motor1
00009180   _motor0
000091c0   _spiModule
00009200   _pidD
00009280   _pidVel
00009300   _pidQ
00009380   _AMCconfArr
00009400   __unlock
00009402   __lock
00009404   ___TI_cleanup_ptr
00009406   ___TI_dtors_ptr
003f4000   .text
003f4000   ___text__
003f4220   _usDelay
003f4231   _gpioInit
003f423a   _setupGPIOs
003f446b   _setupGPIOsInterrupt
003f447a   _flashInit
003f4480   _flashSetup
003f44a4   _systemInit
003f44aa   _systemSetup
003f44c8   _ServiceDog
003f44d6   _DisableDog
003f44e0   _InitPll
003f453f   _setUpPeripheralClocks
003f45e1   _setIntOsc1
003f45f6   _setIntOsc2
003f4611   _setXTALOsc
003f462c   _setExtOsc
003f464a   _adcInit
003f4653   _ADC_config
003f47cd   _adcRead
003f4837   _clkInit
003f4840   _setupClks
003f4871   _setupPeripheralClks
003f4905   _delay_loop
003f491b   _clkg_delay_loop
003f4931   _mcbspaInit
003f4937   _mcbspaSetup
003f497e   _mcbspSetupSpi
003f49d5   _mcbsp_write
003f49f0   _mcbsp_read
003f4a14   _mcbspAddr
003f4a18   _AMCconf
003f4ade   _spiInit
003f4ae4   _spiSetupFF
003f4af3   _spiDisableFF
003f4b01   _sciaInit
003f4b07   _sciaSetup
003f4b3c   _sciaRead
003f4b41   _sciaWrite
003f4b4b   _interrupsInit
003f4b57   _interrupsCtrlInit
003f4ba1   _interruptSEnable
003f4bac   _interrupsCpuSetup
003f4bcc   _interrupSDefVectTableInit
003f4bf7   _timerInit
003f4c03   _timerSConfig
003f4c15   _ConfigCpuTimer0
003f4c3b   _ConfigCpuTimer1
003f4c60   _ConfigCpuTimer2
003f4c85   _pwmSInit
003f4c9a   _pwmSetupWTest
003f4dd6   _setPWMValues
003f4df8   _disablePWM
003f4e0d   _setPWMValuesArr
003f4e2c   _getMaxPWMVal
003f4e3a   _crc8POS
003f4e5a   _crc8VEL
003f4e7a   _crc8DATA
003f4e9a   _calcPWM
003f4f0d   _stopMotor
003f4f14   _pidCalc
003f4f15   _pid_reg3_calc
003f4fda   _clarke
003f500e   _park
003f5049   _parkInv
003f5084   _clarkeInv
003f512e   _makeTest
003f51e5   _alphaF
003f52fc   _main
003f5558   _SPI_RX_isr
003f55a5   _lockDevStart
003f5614   _calcSpeed
003f5775   _INT13_ISR
003f577f   _INT14_ISR
003f5789   _DATALOG_ISR
003f5793   _RTOSINT_ISR
003f579d   _EMUINT_ISR
003f57a7   _NMI_ISR
003f57b1   _ILLEGAL_ISR
003f57bb   _USER1_ISR
003f57c5   _USER2_ISR
003f57cf   _USER3_ISR
003f57d9   _USER4_ISR
003f57e3   _USER5_ISR
003f57ed   _USER6_ISR
003f57f7   _USER7_ISR
003f5801   _USER8_ISR
003f580b   _USER9_ISR
003f5815   _USER10_ISR
003f581f   _USER11_ISR
003f5829   _USER12_ISR
003f5833   _ADCINT1_ISR
003f583d   _ADCINT2_ISR
003f5847   _XINT1_ISR
003f5851   _XINT2_ISR
003f585b   _ADCINT9_ISR
003f5865   _TINT0_ISR
003f586f   _WAKEINT_ISR
003f5879   _EPWM1_TZINT_ISR
003f5883   _EPWM2_TZINT_ISR
003f588d   _EPWM3_TZINT_ISR
003f5897   _EPWM4_TZINT_ISR
003f58a1   _EPWM5_TZINT_ISR
003f58ab   _EPWM6_TZINT_ISR
003f58b5   _EPWM7_TZINT_ISR
003f58bf   _EPWM8_TZINT_ISR
003f58c9   _EPWM1_INT_ISR
003f58d3   _EPWM2_INT_ISR
003f58dd   _EPWM3_INT_ISR
003f58e7   _EPWM4_INT_ISR
003f58f1   _EPWM5_INT_ISR
003f58fb   _EPWM6_INT_ISR
003f5905   _EPWM7_INT_ISR
003f590f   _EPWM8_INT_ISR
003f5919   _ECAP1_INT_ISR
003f5923   _ECAP2_INT_ISR
003f592d   _ECAP3_INT_ISR
003f5937   _HRCAP1_INT_ISR
003f5941   _HRCAP2_INT_ISR
003f594b   _EQEP1_INT_ISR
003f5955   _EQEP2_INT_ISR
003f595f   _HRCAP3_INT_ISR
003f5969   _HRCAP4_INT_ISR
003f5973   _USB0_INT_ISR
003f597d   _SPIRXINTA_ISR
003f5987   _SPITXINTA_ISR
003f5991   _SPIRXINTB_ISR
003f599b   _SPITXINTB_ISR
003f59a5   _MRINTA_ISR
003f59af   _MXINTA_ISR
003f59b9   _DINTCH1_ISR
003f59c3   _DINTCH2_ISR
003f59cd   _DINTCH3_ISR
003f59d7   _DINTCH4_ISR
003f59e1   _DINTCH5_ISR
003f59eb   _DINTCH6_ISR
003f59f5   _I2CINT1A_ISR
003f59ff   _I2CINT2A_ISR
003f5a09   _SCIRXINTA_ISR
003f5a13   _SCITXINTA_ISR
003f5a1d   _SCIRXINTB_ISR
003f5a27   _SCITXINTB_ISR
003f5a31   _ECAN0INTA_ISR
003f5a3b   _ECAN1INTA_ISR
003f5a45   _ADCINT3_ISR
003f5a4f   _ADCINT4_ISR
003f5a59   _ADCINT5_ISR
003f5a63   _ADCINT6_ISR
003f5a6d   _ADCINT7_ISR
003f5a77   _ADCINT8_ISR
003f5a81   _CLA1_INT1_ISR
003f5a8b   _CLA1_INT2_ISR
003f5a95   _CLA1_INT3_ISR
003f5a9f   _CLA1_INT4_ISR
003f5aa9   _CLA1_INT5_ISR
003f5ab3   _CLA1_INT6_ISR
003f5abd   _CLA1_INT7_ISR
003f5ac7   _CLA1_INT8_ISR
003f5ad1   _XINT3_ISR
003f5adb   _LVF_ISR
003f5ae5   _LUF_ISR
003f5aef   _EMPTY_ISR
003f5afc   _PIE_RESERVED
003f5b06   _rsvd_ISR
003f5b10   _cpu_timer0_isr
003f5f5a   _cpu_timer2_isr
003f5fe7   _cpu_timer1_isr
003f64e8   _SCI_RX_isr
003f64fc   _GYRO_X_isr
003f6510   _adc_X_ISR
003f6529   _CLK_disableAdcClock
003f6536   _CLK_disableClaClock
003f6543   _CLK_disableClkIn
003f654f   _CLK_disableCompClock
003f655b   _CLK_disableCpuTimerClock
003f656a   _CLK_disableCrystalOsc
003f6576   _CLK_disableEcanaClock
003f6583   _CLK_disableEcap1Clock
003f6590   _CLK_disableEqep1Clock
003f659d   _CLK_disableGpioInputClock
003f65aa   _CLK_disableHrPwmClock
003f65b7   _CLK_disableI2cClock
003f65c4   _CLK_disableLinAClock
003f65d1   _CLK_disableOsc1
003f65dd   _CLK_disableOsc1HaltMode
003f65e9   _CLK_disableOsc2
003f65f5   _CLK_disableOsc2HaltMode
003f6601   _CLK_disablePwmClock
003f6612   _CLK_disableSciaClock
003f661f   _CLK_disableSpiaClock
003f662c   _CLK_disableSpibClock
003f6636   _CLK_disableTbClockSync
003f6643   _CLK_disableWatchDogHaltMode
003f664f   _CLK_enableAdcClock
003f665c   _CLK_enableClaClock
003f6669   _CLK_enableCompClock
003f6677   _CLK_enableCpuTimerClock
003f6685   _CLK_enableCrystalOsc
003f6691   _CLK_enableEcanaClock
003f669e   _CLK_enableEqep1Clock
003f66ab   _CLK_enableEcap1Clock
003f66b8   _CLK_enableClkIn
003f66c4   _CLK_enableGpioInputClock
003f66d1   _CLK_enableHrPwmClock
003f66de   _CLK_enableI2cClock
003f66eb   _CLK_enableLinAClock
003f66f8   _CLK_enableOsc1
003f6704   _CLK_enableOsc1HaltMode
003f6710   _CLK_enableOsc2
003f671c   _CLK_enableOsc2HaltMode
003f6728   _CLK_enablePwmClock
003f6738   _CLK_enableSciaClock
003f6745   _CLK_enableSpiaClock
003f6752   _CLK_enableSpibClock
003f675f   _CLK_enableTbClockSync
003f676c   _CLK_enableWatchDogHaltMode
003f6778   _CLK_init
003f6785   _CLK_setClkOutPreScaler
003f6795   _CLK_setLowSpdPreScaler
003f67a3   _CLK_setOscSrc
003f67b3   _CLK_setOsc2Src
003f67c3   _CLK_setTimer2PreScale
003f67d3   _CLK_setTimer2Src
003f67e3   _CLK_setWatchDogSrc
003f67f3   _GPIO_init
003f6800   _GPIO_setPullup
003f683c   _GPIO_setDirection
003f6878   _GPIO_setExtInt
003f688b   _GPIO_read
003f68b8   _GPIO_setHigh
003f68d6   _GPIO_setLow
003f68f4   _GPIO_setMode
003f695f   _GPIO_toggle
003f697d   FS$$DIV
003f6a05   _cos
003f6a66   _sin
003f6abe   _c_int00
003f6b04   __args_main
003f6b1d   C$$EXIT
003f6b1d   _abort
003f6b1f   _exit
003f6b36   __register_unlock
003f6b3a   __register_lock
003f6b3e   __nop
003f6b47   ___etext__
003f6b47   etext
003f6c48   _PieVectTableInit
003f6d48   ___cinit__
003f6d48   cinit
003f7ff6   code_start
ffffffff   ___binit__
ffffffff   ___c_args__
ffffffff   ___pinit__
ffffffff   binit
ffffffff   pinit

[365 symbols]
