******************************************************************************
             TMS320C2000 Linker Unix v6.2.7                    
******************************************************************************
>> Linked Sun Mar  3 14:48:36 2019

OUTPUT FILE NAME:   <motorsEpsilonC2.out>
ENTRY POINT SYMBOL: "_c_int00"  address: 003f6a81


MEMORY CONFIGURATION

         name            origin    length      used     unused   attr    fill
----------------------  --------  ---------  --------  --------  ----  --------
PAGE 0:
  RAML0                 00008000   00000800  00000000  00000800  RWIX
  RAML1                 00008800   00000400  00000000  00000400  RWIX
  OTP                   003d7800   00000400  00000000  00000400  RWIX
  FLASHH                003d8000   00004000  00000000  00004000  RWIX
  FLASHG                003dc000   00004000  00000000  00004000  RWIX
  FLASHF                003e0000   00004000  00000000  00004000  RWIX
  FLASHE                003e4000   00004000  00000000  00004000  RWIX
  FLASHD                003e8000   00004000  00000000  00004000  RWIX
  FLASHC                003ec000   00004000  00000000  00004000  RWIX
  FLASHA                003f4000   00003f80  00002f04  0000107c  RWIX
  CSM_RSVD              003f7f80   00000076  00000000  00000076  RWIX
  BEGIN                 003f7ff6   00000002  00000002  00000000  RWIX
  CSM_PWL_P0            003f7ff8   00000008  00000000  00000008  RWIX
  FPUTABLES             003fd860   000006a0  00000000  000006a0  RWIX
  IQTABLES              003fdf00   00000b50  00000000  00000b50  RWIX
  IQTABLES2             003fea50   0000008c  00000000  0000008c  RWIX
  IQTABLES3             003feadc   000000aa  00000000  000000aa  RWIX
  ROM                   003ff3b0   00000c10  00000000  00000c10  RWIX
  RESET                 003fffc0   00000002  00000000  00000002  RWIX
  VECTORS               003fffc2   0000003e  00000000  0000003e  RWIX

PAGE 1:
  BOOT_RSVD             00000000   00000050  00000000  00000050  RWIX
  RAMM0                 00000050   000003b0  00000300  000000b0  RWIX
  RAMM1                 00000400   00000400  00000000  00000400  RWIX
  RAML2                 00008c00   00000400  00000000  00000400  RWIX
  RAML3                 00009000   00001000  00000408  00000bf8  RWIX
  RAML4                 0000a000   00002000  00000000  00002000  RWIX
  RAML5                 0000c000   00002000  00000000  00002000  RWIX
  RAML6                 0000e000   00002000  00000000  00002000  RWIX
  RAML7                 00010000   00002000  00000000  00002000  RWIX
  RAML8                 00012000   00002000  00000000  00002000  RWIX
  USB_RAM               00040000   00000800  00000000  00000800  RWIX
  FLASHB                003f0000   00004000  00000000  00004000  RWIX


SECTION ALLOCATION MAP

 output                                  attributes/
section   page    origin      length       input sections
--------  ----  ----------  ----------   ----------------
.pinit     0    003f4000    00000000     UNINITIALIZED

ramfuncs   0    00008000    00000000     UNINITIALIZED

.text      0    003f4000    00002b2c     
                  003f4000    00001615     main.obj (.text)
                  003f5615    00000ed7     main.obj (.text:retain)
                  003f64ec    000002ca     clk.obj (.text)
                  003f67b6    0000018a     gpio.obj (.text)
                  003f6940    00000088     rts2800_fpu32.lib : fs_div.obj (.text)
                  003f69c8    00000061                       : cos.obj (.text)
                  003f6a29    00000058                       : sin.obj (.text)
                  003f6a81    00000046                       : boot.obj (.text)
                  003f6ac7    00000022                       : i_div.obj (.text)
                  003f6ae9    00000019                       : args_main.obj (.text)
                  003f6b02    00000019                       : exit.obj (.text)
                  003f6b1b    00000009                       : _lock.obj (.text)
                  003f6b24    00000008     F2806x_CodeStartBranch.obj (.text)

.econst    0    003f6b2c    00000200     
                  003f6b2c    00000100     main.obj (.econst:.string:_CRC_TABLE)
                  003f6c2c    00000100     main.obj (.econst)

.cinit     0    003f6d2c    000001b8     
                  003f6d2c    000001a2     main.obj (.cinit)
                  003f6ece    0000000a     rts2800_fpu32.lib : _lock.obj (.cinit)
                  003f6ed8    0000000a                       : exit.obj (.cinit)
                  003f6ee2    00000002     --HOLE-- [fill = 0]

.switch    0    003f6ee4    00000020     
                  003f6ee4    00000020     main.obj (.switch:_adcRead)

codestart 
*          0    003f7ff6    00000002     
                  003f7ff6    00000002     F2806x_CodeStartBranch.obj (codestart)

.reset     0    003fffc0    00000002     DSECT
                  003fffc0    00000002     rts2800_fpu32.lib : boot.obj (.reset)

vectors    0    003fffc2    00000000     DSECT

.stack     1    00000050    00000300     UNINITIALIZED
                  00000050    00000300     --HOLE--

.ebss      1    00009000    00000408     UNINITIALIZED
                  00009000    00000400     main.obj (.ebss)
                  00009400    00000004     rts2800_fpu32.lib : _lock.obj (.ebss)
                  00009404    00000004                       : exit.obj (.ebss)


GLOBAL DATA SYMBOLS: SORTED BY DATA PAGE

address     data page           name
--------    ----------------    ----
00000050       1 (00000040)     __stack

00009000     240 (00009000)     _SAAD_ST
00009001     240 (00009000)     _saadTestsPs
00009002     240 (00009000)     _SAAD_TEST_RES_BITS
00009003     240 (00009000)     _SAAD_TESTS_BITS
00009004     240 (00009000)     _SAAD_TEST_RES
00009005     240 (00009000)     _POSITION_BITS
00009006     240 (00009000)     _COMMAND_BYTE_BITS
00009007     240 (00009000)     _VELOCITY
00009008     240 (00009000)     _COMMAND_BYTE
00009009     240 (00009000)     _CTRLSUM_BITS
0000900a     240 (00009000)     _CTRLSUM
0000900b     240 (00009000)     _DATA
0000900c     240 (00009000)     _POSITION
0000900d     240 (00009000)     _DATA_BITS
0000900e     240 (00009000)     _VELOCITY_BITS
0000900f     240 (00009000)     _apsR
00009010     240 (00009000)     _lockDevEn
00009011     240 (00009000)     _sendDubSCI
00009012     240 (00009000)     _apsL
00009013     240 (00009000)     _testSciSend
00009014     240 (00009000)     _lockDevStepCount
00009015     240 (00009000)     _angArrCnt
00009016     240 (00009000)     _mode
00009017     240 (00009000)     _moveMode
00009018     240 (00009000)     _lockDevSend
00009019     240 (00009000)     _counter
0000901a     240 (00009000)     _sciFramePart
0000901b     240 (00009000)     _xData
0000901c     240 (00009000)     _delay
0000901d     240 (00009000)     _yData
0000901e     240 (00009000)     _setSci
0000901f     240 (00009000)     _sendSCI
00009020     240 (00009000)     _sciSendCnt
00009021     240 (00009000)     _saadTests
00009022     240 (00009000)     _SAAD_CTRL
00009023     240 (00009000)     _SAAD_CTRL_BITS
00009024     240 (00009000)     _sciCounter
00009025     240 (00009000)     _SAAD_ST_BITS
00009026     240 (00009000)     _alpha1
00009028     240 (00009000)     _speed
0000902a     240 (00009000)     _alpha
0000902c     240 (00009000)     _vel
0000902e     240 (00009000)     _acel
00009030     240 (00009000)     _SAAD_CTRL_ALL
00009032     240 (00009000)     _adcRegs
00009034     240 (00009000)     _adcResRegs
00009036     240 (00009000)     _sysCtrlRegs
00009038     240 (00009000)     _START_BIT_BITS
0000903a     240 (00009000)     _clkS
0000903c     240 (00009000)     _time
0000903e     240 (00009000)     _velCoef

00009040     241 (00009040)     _i
00009042     241 (00009040)     _j
00009044     241 (00009040)     _mode1cnt
00009046     241 (00009040)     _mode3cnt
00009048     241 (00009040)     _mcbspData
0000904a     241 (00009040)     _dt
0000904c     241 (00009040)     _timeUp
0000904e     241 (00009040)     _jj
00009050     241 (00009040)     _timer0cnt
00009052     241 (00009040)     _spiaRegs
00009054     241 (00009040)     _spiData
00009056     241 (00009040)     _CpuTimer2Regs
00009058     241 (00009040)     _xIntruptRegs
0000905a     241 (00009040)     _interrupSVectTable
0000905c     241 (00009040)     _CpuTimer1Regs
0000905e     241 (00009040)     _CpuTimer0Regs
00009060     241 (00009040)     _interrupS
00009062     241 (00009040)     _tempData1
00009064     241 (00009040)     _START_BIT
00009066     241 (00009040)     _mcbspRegs
00009068     241 (00009040)     _gpioS
0000906a     241 (00009040)     _sciaRegs
0000906c     241 (00009040)     _tempData2
0000906e     241 (00009040)     _flashRegs
00009070     241 (00009040)     _timer1cnt
00009072     241 (00009040)     _refD
00009076     241 (00009040)     _refQ
0000907a     241 (00009040)     _iTot

00009080     242 (00009080)     _pwmValues
00009084     242 (00009080)     _dq
0000908c     242 (00009080)     _alBe
00009094     242 (00009080)     _dqP
0000909c     242 (00009080)     _saadFrameResive
000090a4     242 (00009080)     _alBeI
000090ac     242 (00009080)     _saadFrameSend
000090b4     242 (00009080)     _angArr

000090c0     243 (000090c0)     _pwmHandle
000090cc     243 (000090c0)     _pwmRegS
000090d8     243 (000090c0)     _abcI
000090e4     243 (000090c0)     _abc

00009100     244 (00009100)     _adcRes

00009140     245 (00009140)     _motor1

00009180     246 (00009180)     _motor0

000091c0     247 (000091c0)     _spiModule

00009200     248 (00009200)     _pidD

00009280     24a (00009280)     _pidVel

00009300     24c (00009300)     _pidQ

00009380     24e (00009380)     _AMCconfArr

00009400     250 (00009400)     __unlock
00009402     250 (00009400)     __lock
00009404     250 (00009400)     ___TI_cleanup_ptr
00009406     250 (00009400)     ___TI_dtors_ptr

003f6c2c    fdb0 (003f6c00)     _PieVectTableInit


GLOBAL SYMBOLS: SORTED ALPHABETICALLY BY Name 

address    name
--------   ----
003f4000   .text
003f6b02   C$$EXIT
003f6940   FS$$DIV
003f6ac7   I$$DIV
003f6ad8   I$$MOD
003f56d3   _ADCINT1_ISR
003f56dd   _ADCINT2_ISR
003f58e5   _ADCINT3_ISR
003f58ef   _ADCINT4_ISR
003f58f9   _ADCINT5_ISR
003f5903   _ADCINT6_ISR
003f590d   _ADCINT7_ISR
003f5917   _ADCINT8_ISR
003f56fb   _ADCINT9_ISR
003f4654   _ADC_config
003f4a19   _AMCconf
00009380   _AMCconfArr
003f5921   _CLA1_INT1_ISR
003f592b   _CLA1_INT2_ISR
003f5935   _CLA1_INT3_ISR
003f593f   _CLA1_INT4_ISR
003f5949   _CLA1_INT5_ISR
003f5953   _CLA1_INT6_ISR
003f595d   _CLA1_INT7_ISR
003f5967   _CLA1_INT8_ISR
003f64ec   _CLK_disableAdcClock
003f64f9   _CLK_disableClaClock
003f6506   _CLK_disableClkIn
003f6512   _CLK_disableCompClock
003f651e   _CLK_disableCpuTimerClock
003f652d   _CLK_disableCrystalOsc
003f6539   _CLK_disableEcanaClock
003f6546   _CLK_disableEcap1Clock
003f6553   _CLK_disableEqep1Clock
003f6560   _CLK_disableGpioInputClock
003f656d   _CLK_disableHrPwmClock
003f657a   _CLK_disableI2cClock
003f6587   _CLK_disableLinAClock
003f6594   _CLK_disableOsc1
003f65a0   _CLK_disableOsc1HaltMode
003f65ac   _CLK_disableOsc2
003f65b8   _CLK_disableOsc2HaltMode
003f65c4   _CLK_disablePwmClock
003f65d5   _CLK_disableSciaClock
003f65e2   _CLK_disableSpiaClock
003f65ef   _CLK_disableSpibClock
003f65f9   _CLK_disableTbClockSync
003f6606   _CLK_disableWatchDogHaltMode
003f6612   _CLK_enableAdcClock
003f661f   _CLK_enableClaClock
003f667b   _CLK_enableClkIn
003f662c   _CLK_enableCompClock
003f663a   _CLK_enableCpuTimerClock
003f6648   _CLK_enableCrystalOsc
003f6654   _CLK_enableEcanaClock
003f666e   _CLK_enableEcap1Clock
003f6661   _CLK_enableEqep1Clock
003f6687   _CLK_enableGpioInputClock
003f6694   _CLK_enableHrPwmClock
003f66a1   _CLK_enableI2cClock
003f66ae   _CLK_enableLinAClock
003f66bb   _CLK_enableOsc1
003f66c7   _CLK_enableOsc1HaltMode
003f66d3   _CLK_enableOsc2
003f66df   _CLK_enableOsc2HaltMode
003f66eb   _CLK_enablePwmClock
003f66fb   _CLK_enableSciaClock
003f6708   _CLK_enableSpiaClock
003f6715   _CLK_enableSpibClock
003f6722   _CLK_enableTbClockSync
003f672f   _CLK_enableWatchDogHaltMode
003f673b   _CLK_init
003f6748   _CLK_setClkOutPreScaler
003f6758   _CLK_setLowSpdPreScaler
003f6776   _CLK_setOsc2Src
003f6766   _CLK_setOscSrc
003f6786   _CLK_setTimer2PreScale
003f6796   _CLK_setTimer2Src
003f67a6   _CLK_setWatchDogSrc
00009008   _COMMAND_BYTE
00009006   _COMMAND_BYTE_BITS
0000900a   _CTRLSUM
00009009   _CTRLSUM_BITS
003f4bef   _ConfigCpuTimer0
003f4c15   _ConfigCpuTimer1
003f4c3a   _ConfigCpuTimer2
0000905e   _CpuTimer0Regs
0000905c   _CpuTimer1Regs
00009056   _CpuTimer2Regs
0000900b   _DATA
003f5629   _DATALOG_ISR
0000900d   _DATA_BITS
003f5859   _DINTCH1_ISR
003f5863   _DINTCH2_ISR
003f586d   _DINTCH3_ISR
003f5877   _DINTCH4_ISR
003f5881   _DINTCH5_ISR
003f588b   _DINTCH6_ISR
003f44d7   _DisableDog
003f58d1   _ECAN0INTA_ISR
003f58db   _ECAN1INTA_ISR
003f57b9   _ECAP1_INT_ISR
003f57c3   _ECAP2_INT_ISR
003f57cd   _ECAP3_INT_ISR
003f598f   _EMPTY_ISR
003f563d   _EMUINT_ISR
003f5769   _EPWM1_INT_ISR
003f5719   _EPWM1_TZINT_ISR
003f5773   _EPWM2_INT_ISR
003f5723   _EPWM2_TZINT_ISR
003f577d   _EPWM3_INT_ISR
003f572d   _EPWM3_TZINT_ISR
003f5787   _EPWM4_INT_ISR
003f5737   _EPWM4_TZINT_ISR
003f5791   _EPWM5_INT_ISR
003f5741   _EPWM5_TZINT_ISR
003f579b   _EPWM6_INT_ISR
003f574b   _EPWM6_TZINT_ISR
003f57a5   _EPWM7_INT_ISR
003f5755   _EPWM7_TZINT_ISR
003f57af   _EPWM8_INT_ISR
003f575f   _EPWM8_TZINT_ISR
003f57eb   _EQEP1_INT_ISR
003f57f5   _EQEP2_INT_ISR
003f67b6   _GPIO_init
003f684e   _GPIO_read
003f67ff   _GPIO_setDirection
003f683b   _GPIO_setExtInt
003f687b   _GPIO_setHigh
003f6899   _GPIO_setLow
003f68b7   _GPIO_setMode
003f67c3   _GPIO_setPullup
003f6922   _GPIO_toggle
003f64bf   _GYRO_X_isr
003f57d7   _HRCAP1_INT_ISR
003f57e1   _HRCAP2_INT_ISR
003f57ff   _HRCAP3_INT_ISR
003f5809   _HRCAP4_INT_ISR
003f5895   _I2CINT1A_ISR
003f589f   _I2CINT2A_ISR
003f5651   _ILLEGAL_ISR
003f5615   _INT13_ISR
003f561f   _INT14_ISR
003f44e1   _InitPll
003f5985   _LUF_ISR
003f597b   _LVF_ISR
003f5845   _MRINTA_ISR
003f584f   _MXINTA_ISR
003f5647   _NMI_ISR
003f599c   _PIE_RESERVED
0000900c   _POSITION
00009005   _POSITION_BITS
003f6c2c   _PieVectTableInit
003f5633   _RTOSINT_ISR
00008000   _RamfuncsLoadEnd
00000000   _RamfuncsLoadSize
00008000   _RamfuncsLoadStart
00008000   _RamfuncsRunStart
00009022   _SAAD_CTRL
00009030   _SAAD_CTRL_ALL
00009023   _SAAD_CTRL_BITS
00009000   _SAAD_ST
00009025   _SAAD_ST_BITS
00009003   _SAAD_TESTS_BITS
00009004   _SAAD_TEST_RES
00009002   _SAAD_TEST_RES_BITS
003f58a9   _SCIRXINTA_ISR
003f58bd   _SCIRXINTB_ISR
003f58b3   _SCITXINTA_ISR
003f58c7   _SCITXINTB_ISR
003f64ab   _SCI_RX_isr
003f581d   _SPIRXINTA_ISR
003f5831   _SPIRXINTB_ISR
003f5827   _SPITXINTA_ISR
003f583b   _SPITXINTB_ISR
003f5519   _SPI_RX_isr
00009064   _START_BIT
00009038   _START_BIT_BITS
003f44c9   _ServiceDog
003f5705   _TINT0_ISR
003f5813   _USB0_INT_ISR
003f56b5   _USER10_ISR
003f56bf   _USER11_ISR
003f56c9   _USER12_ISR
003f565b   _USER1_ISR
003f5665   _USER2_ISR
003f566f   _USER3_ISR
003f5679   _USER4_ISR
003f5683   _USER5_ISR
003f568d   _USER6_ISR
003f5697   _USER7_ISR
003f56a1   _USER8_ISR
003f56ab   _USER9_ISR
00009007   _VELOCITY
0000900e   _VELOCITY_BITS
003f570f   _WAKEINT_ISR
003f56e7   _XINT1_ISR
003f56f1   _XINT2_ISR
003f5971   _XINT3_ISR
00000350   __STACK_END
00000300   __STACK_SIZE
00000001   __TI_args_main
00009404   ___TI_cleanup_ptr
00009406   ___TI_dtors_ptr
ffffffff   ___binit__
ffffffff   ___c_args__
003f6d2c   ___cinit__
003f6b2c   ___etext__
ffffffff   ___pinit__
003f4000   ___text__
003f6ae9   __args_main
00009402   __lock
003f6b23   __nop
003f6b1f   __register_lock
003f6b1b   __register_unlock
00000050   __stack
00009400   __unlock
000090e4   _abc
000090d8   _abcI
003f6b02   _abort
0000902e   _acel
003f464b   _adcInit
003f47ce   _adcRead
00009032   _adcRegs
00009100   _adcRes
00009034   _adcResRegs
003f64d3   _adc_X_ISR
0000908c   _alBe
000090a4   _alBeI
0000902a   _alpha
00009026   _alpha1
003f51ad   _alphaF
000090b4   _angArr
00009015   _angArrCnt
00009012   _apsL
0000900f   _apsR
003f6a81   _c_int00
003f4e78   _calcPWM
003f55dc   _calcSpeed
003f4fbd   _clarke
003f5067   _clarkeInv
003f4838   _clkInit
0000903a   _clkS
003f491c   _clkg_delay_loop
003f69c8   _cos
00009019   _counter
003f59b0   _cpu_timer0_isr
003f5ef3   _cpu_timer1_isr
003f5e02   _cpu_timer2_isr
003f4e58   _crc8DATA
003f4e18   _crc8POS
003f4e38   _crc8VEL
0000901c   _delay
003f4906   _delay_loop
003f4dd6   _disablePWM
00009084   _dq
00009094   _dqP
0000904a   _dt
003f6b04   _exit
003f447b   _flashInit
0000906e   _flashRegs
003f4481   _flashSetup
003f4e0a   _getMaxPWMVal
003f4232   _gpioInit
00009068   _gpioS
00009040   _i
0000907a   _iTot
00009060   _interrupS
003f4ba6   _interrupSDefVectTableInit
0000905a   _interrupSVectTable
003f4b86   _interrupsCpuSetup
003f4b31   _interrupsCtrlInit
003f4b25   _interrupsInit
003f4b7b   _interruptSEnable
00009042   _j
0000904e   _jj
00009010   _lockDevEn
00009018   _lockDevSend
003f5563   _lockDevStart
00009014   _lockDevStepCount
003f52c4   _main
003f5111   _makeTest
003f4a15   _mcbspAddr
00009048   _mcbspData
00009066   _mcbspRegs
003f497f   _mcbspSetupSpi
003f49f1   _mcbsp_read
003f49d6   _mcbsp_write
003f4932   _mcbspaInit
003f4938   _mcbspaSetup
00009016   _mode
00009044   _mode1cnt
00009046   _mode3cnt
00009180   _motor0
00009140   _motor1
00009017   _moveMode
003f4ff1   _park
003f502c   _parkInv
003f4ef2   _pidCalc
00009200   _pidD
00009300   _pidQ
00009280   _pidVel
003f4ef3   _pid_reg3_calc
000090c0   _pwmHandle
000090cc   _pwmRegS
003f4c5f   _pwmSInit
003f4c74   _pwmSetupWTest
00009080   _pwmValues
00009072   _refD
00009076   _refQ
003f59a6   _rsvd_ISR
0000909c   _saadFrameResive
000090ac   _saadFrameSend
00009021   _saadTests
00009001   _saadTestsPs
00009024   _sciCounter
0000901a   _sciFramePart
00009020   _sciSendCnt
003f4adb   _sciaInit
003f4b16   _sciaRead
0000906a   _sciaRegs
003f4ae1   _sciaSetup
003f4b1b   _sciaWrite
00009011   _sendDubSCI
0000901f   _sendSCI
003f462d   _setExtOsc
003f45e2   _setIntOsc1
003f45f7   _setIntOsc2
003f4db4   _setPWMValues
003f4deb   _setPWMValuesArr
0000901e   _setSci
003f4540   _setUpPeripheralClocks
003f4612   _setXTALOsc
003f4841   _setupClks
003f423b   _setupGPIOs
003f446c   _setupGPIOsInterrupt
003f4872   _setupPeripheralClks
003f6a29   _sin
00009028   _speed
00009054   _spiData
003f4acd   _spiDisableFF
003f4ab8   _spiInit
000091c0   _spiModule
003f4abe   _spiSetupFF
00009052   _spiaRegs
003f4eeb   _stopMotor
00009036   _sysCtrlRegs
003f44a5   _systemInit
003f44ab   _systemSetup
00009062   _tempData1
0000906c   _tempData2
00009013   _testSciSend
0000903c   _time
0000904c   _timeUp
00009050   _timer0cnt
00009070   _timer1cnt
003f4bd1   _timerInit
003f4bdd   _timerSConfig
003f4221   _usDelay
0000902c   _vel
0000903e   _velCoef
0000901b   _xData
00009058   _xIntruptRegs
0000901d   _yData
ffffffff   binit
003f6d2c   cinit
003f7ff6   code_start
003f6b2c   etext
ffffffff   pinit


GLOBAL SYMBOLS: SORTED BY Symbol Address 

address    name
--------   ----
00000000   _RamfuncsLoadSize
00000001   __TI_args_main
00000050   __stack
00000300   __STACK_SIZE
00000350   __STACK_END
00008000   _RamfuncsLoadEnd
00008000   _RamfuncsLoadStart
00008000   _RamfuncsRunStart
00009000   _SAAD_ST
00009001   _saadTestsPs
00009002   _SAAD_TEST_RES_BITS
00009003   _SAAD_TESTS_BITS
00009004   _SAAD_TEST_RES
00009005   _POSITION_BITS
00009006   _COMMAND_BYTE_BITS
00009007   _VELOCITY
00009008   _COMMAND_BYTE
00009009   _CTRLSUM_BITS
0000900a   _CTRLSUM
0000900b   _DATA
0000900c   _POSITION
0000900d   _DATA_BITS
0000900e   _VELOCITY_BITS
0000900f   _apsR
00009010   _lockDevEn
00009011   _sendDubSCI
00009012   _apsL
00009013   _testSciSend
00009014   _lockDevStepCount
00009015   _angArrCnt
00009016   _mode
00009017   _moveMode
00009018   _lockDevSend
00009019   _counter
0000901a   _sciFramePart
0000901b   _xData
0000901c   _delay
0000901d   _yData
0000901e   _setSci
0000901f   _sendSCI
00009020   _sciSendCnt
00009021   _saadTests
00009022   _SAAD_CTRL
00009023   _SAAD_CTRL_BITS
00009024   _sciCounter
00009025   _SAAD_ST_BITS
00009026   _alpha1
00009028   _speed
0000902a   _alpha
0000902c   _vel
0000902e   _acel
00009030   _SAAD_CTRL_ALL
00009032   _adcRegs
00009034   _adcResRegs
00009036   _sysCtrlRegs
00009038   _START_BIT_BITS
0000903a   _clkS
0000903c   _time
0000903e   _velCoef
00009040   _i
00009042   _j
00009044   _mode1cnt
00009046   _mode3cnt
00009048   _mcbspData
0000904a   _dt
0000904c   _timeUp
0000904e   _jj
00009050   _timer0cnt
00009052   _spiaRegs
00009054   _spiData
00009056   _CpuTimer2Regs
00009058   _xIntruptRegs
0000905a   _interrupSVectTable
0000905c   _CpuTimer1Regs
0000905e   _CpuTimer0Regs
00009060   _interrupS
00009062   _tempData1
00009064   _START_BIT
00009066   _mcbspRegs
00009068   _gpioS
0000906a   _sciaRegs
0000906c   _tempData2
0000906e   _flashRegs
00009070   _timer1cnt
00009072   _refD
00009076   _refQ
0000907a   _iTot
00009080   _pwmValues
00009084   _dq
0000908c   _alBe
00009094   _dqP
0000909c   _saadFrameResive
000090a4   _alBeI
000090ac   _saadFrameSend
000090b4   _angArr
000090c0   _pwmHandle
000090cc   _pwmRegS
000090d8   _abcI
000090e4   _abc
00009100   _adcRes
00009140   _motor1
00009180   _motor0
000091c0   _spiModule
00009200   _pidD
00009280   _pidVel
00009300   _pidQ
00009380   _AMCconfArr
00009400   __unlock
00009402   __lock
00009404   ___TI_cleanup_ptr
00009406   ___TI_dtors_ptr
003f4000   .text
003f4000   ___text__
003f4221   _usDelay
003f4232   _gpioInit
003f423b   _setupGPIOs
003f446c   _setupGPIOsInterrupt
003f447b   _flashInit
003f4481   _flashSetup
003f44a5   _systemInit
003f44ab   _systemSetup
003f44c9   _ServiceDog
003f44d7   _DisableDog
003f44e1   _InitPll
003f4540   _setUpPeripheralClocks
003f45e2   _setIntOsc1
003f45f7   _setIntOsc2
003f4612   _setXTALOsc
003f462d   _setExtOsc
003f464b   _adcInit
003f4654   _ADC_config
003f47ce   _adcRead
003f4838   _clkInit
003f4841   _setupClks
003f4872   _setupPeripheralClks
003f4906   _delay_loop
003f491c   _clkg_delay_loop
003f4932   _mcbspaInit
003f4938   _mcbspaSetup
003f497f   _mcbspSetupSpi
003f49d6   _mcbsp_write
003f49f1   _mcbsp_read
003f4a15   _mcbspAddr
003f4a19   _AMCconf
003f4ab8   _spiInit
003f4abe   _spiSetupFF
003f4acd   _spiDisableFF
003f4adb   _sciaInit
003f4ae1   _sciaSetup
003f4b16   _sciaRead
003f4b1b   _sciaWrite
003f4b25   _interrupsInit
003f4b31   _interrupsCtrlInit
003f4b7b   _interruptSEnable
003f4b86   _interrupsCpuSetup
003f4ba6   _interrupSDefVectTableInit
003f4bd1   _timerInit
003f4bdd   _timerSConfig
003f4bef   _ConfigCpuTimer0
003f4c15   _ConfigCpuTimer1
003f4c3a   _ConfigCpuTimer2
003f4c5f   _pwmSInit
003f4c74   _pwmSetupWTest
003f4db4   _setPWMValues
003f4dd6   _disablePWM
003f4deb   _setPWMValuesArr
003f4e0a   _getMaxPWMVal
003f4e18   _crc8POS
003f4e38   _crc8VEL
003f4e58   _crc8DATA
003f4e78   _calcPWM
003f4eeb   _stopMotor
003f4ef2   _pidCalc
003f4ef3   _pid_reg3_calc
003f4fbd   _clarke
003f4ff1   _park
003f502c   _parkInv
003f5067   _clarkeInv
003f5111   _makeTest
003f51ad   _alphaF
003f52c4   _main
003f5519   _SPI_RX_isr
003f5563   _lockDevStart
003f55dc   _calcSpeed
003f5615   _INT13_ISR
003f561f   _INT14_ISR
003f5629   _DATALOG_ISR
003f5633   _RTOSINT_ISR
003f563d   _EMUINT_ISR
003f5647   _NMI_ISR
003f5651   _ILLEGAL_ISR
003f565b   _USER1_ISR
003f5665   _USER2_ISR
003f566f   _USER3_ISR
003f5679   _USER4_ISR
003f5683   _USER5_ISR
003f568d   _USER6_ISR
003f5697   _USER7_ISR
003f56a1   _USER8_ISR
003f56ab   _USER9_ISR
003f56b5   _USER10_ISR
003f56bf   _USER11_ISR
003f56c9   _USER12_ISR
003f56d3   _ADCINT1_ISR
003f56dd   _ADCINT2_ISR
003f56e7   _XINT1_ISR
003f56f1   _XINT2_ISR
003f56fb   _ADCINT9_ISR
003f5705   _TINT0_ISR
003f570f   _WAKEINT_ISR
003f5719   _EPWM1_TZINT_ISR
003f5723   _EPWM2_TZINT_ISR
003f572d   _EPWM3_TZINT_ISR
003f5737   _EPWM4_TZINT_ISR
003f5741   _EPWM5_TZINT_ISR
003f574b   _EPWM6_TZINT_ISR
003f5755   _EPWM7_TZINT_ISR
003f575f   _EPWM8_TZINT_ISR
003f5769   _EPWM1_INT_ISR
003f5773   _EPWM2_INT_ISR
003f577d   _EPWM3_INT_ISR
003f5787   _EPWM4_INT_ISR
003f5791   _EPWM5_INT_ISR
003f579b   _EPWM6_INT_ISR
003f57a5   _EPWM7_INT_ISR
003f57af   _EPWM8_INT_ISR
003f57b9   _ECAP1_INT_ISR
003f57c3   _ECAP2_INT_ISR
003f57cd   _ECAP3_INT_ISR
003f57d7   _HRCAP1_INT_ISR
003f57e1   _HRCAP2_INT_ISR
003f57eb   _EQEP1_INT_ISR
003f57f5   _EQEP2_INT_ISR
003f57ff   _HRCAP3_INT_ISR
003f5809   _HRCAP4_INT_ISR
003f5813   _USB0_INT_ISR
003f581d   _SPIRXINTA_ISR
003f5827   _SPITXINTA_ISR
003f5831   _SPIRXINTB_ISR
003f583b   _SPITXINTB_ISR
003f5845   _MRINTA_ISR
003f584f   _MXINTA_ISR
003f5859   _DINTCH1_ISR
003f5863   _DINTCH2_ISR
003f586d   _DINTCH3_ISR
003f5877   _DINTCH4_ISR
003f5881   _DINTCH5_ISR
003f588b   _DINTCH6_ISR
003f5895   _I2CINT1A_ISR
003f589f   _I2CINT2A_ISR
003f58a9   _SCIRXINTA_ISR
003f58b3   _SCITXINTA_ISR
003f58bd   _SCIRXINTB_ISR
003f58c7   _SCITXINTB_ISR
003f58d1   _ECAN0INTA_ISR
003f58db   _ECAN1INTA_ISR
003f58e5   _ADCINT3_ISR
003f58ef   _ADCINT4_ISR
003f58f9   _ADCINT5_ISR
003f5903   _ADCINT6_ISR
003f590d   _ADCINT7_ISR
003f5917   _ADCINT8_ISR
003f5921   _CLA1_INT1_ISR
003f592b   _CLA1_INT2_ISR
003f5935   _CLA1_INT3_ISR
003f593f   _CLA1_INT4_ISR
003f5949   _CLA1_INT5_ISR
003f5953   _CLA1_INT6_ISR
003f595d   _CLA1_INT7_ISR
003f5967   _CLA1_INT8_ISR
003f5971   _XINT3_ISR
003f597b   _LVF_ISR
003f5985   _LUF_ISR
003f598f   _EMPTY_ISR
003f599c   _PIE_RESERVED
003f59a6   _rsvd_ISR
003f59b0   _cpu_timer0_isr
003f5e02   _cpu_timer2_isr
003f5ef3   _cpu_timer1_isr
003f64ab   _SCI_RX_isr
003f64bf   _GYRO_X_isr
003f64d3   _adc_X_ISR
003f64ec   _CLK_disableAdcClock
003f64f9   _CLK_disableClaClock
003f6506   _CLK_disableClkIn
003f6512   _CLK_disableCompClock
003f651e   _CLK_disableCpuTimerClock
003f652d   _CLK_disableCrystalOsc
003f6539   _CLK_disableEcanaClock
003f6546   _CLK_disableEcap1Clock
003f6553   _CLK_disableEqep1Clock
003f6560   _CLK_disableGpioInputClock
003f656d   _CLK_disableHrPwmClock
003f657a   _CLK_disableI2cClock
003f6587   _CLK_disableLinAClock
003f6594   _CLK_disableOsc1
003f65a0   _CLK_disableOsc1HaltMode
003f65ac   _CLK_disableOsc2
003f65b8   _CLK_disableOsc2HaltMode
003f65c4   _CLK_disablePwmClock
003f65d5   _CLK_disableSciaClock
003f65e2   _CLK_disableSpiaClock
003f65ef   _CLK_disableSpibClock
003f65f9   _CLK_disableTbClockSync
003f6606   _CLK_disableWatchDogHaltMode
003f6612   _CLK_enableAdcClock
003f661f   _CLK_enableClaClock
003f662c   _CLK_enableCompClock
003f663a   _CLK_enableCpuTimerClock
003f6648   _CLK_enableCrystalOsc
003f6654   _CLK_enableEcanaClock
003f6661   _CLK_enableEqep1Clock
003f666e   _CLK_enableEcap1Clock
003f667b   _CLK_enableClkIn
003f6687   _CLK_enableGpioInputClock
003f6694   _CLK_enableHrPwmClock
003f66a1   _CLK_enableI2cClock
003f66ae   _CLK_enableLinAClock
003f66bb   _CLK_enableOsc1
003f66c7   _CLK_enableOsc1HaltMode
003f66d3   _CLK_enableOsc2
003f66df   _CLK_enableOsc2HaltMode
003f66eb   _CLK_enablePwmClock
003f66fb   _CLK_enableSciaClock
003f6708   _CLK_enableSpiaClock
003f6715   _CLK_enableSpibClock
003f6722   _CLK_enableTbClockSync
003f672f   _CLK_enableWatchDogHaltMode
003f673b   _CLK_init
003f6748   _CLK_setClkOutPreScaler
003f6758   _CLK_setLowSpdPreScaler
003f6766   _CLK_setOscSrc
003f6776   _CLK_setOsc2Src
003f6786   _CLK_setTimer2PreScale
003f6796   _CLK_setTimer2Src
003f67a6   _CLK_setWatchDogSrc
003f67b6   _GPIO_init
003f67c3   _GPIO_setPullup
003f67ff   _GPIO_setDirection
003f683b   _GPIO_setExtInt
003f684e   _GPIO_read
003f687b   _GPIO_setHigh
003f6899   _GPIO_setLow
003f68b7   _GPIO_setMode
003f6922   _GPIO_toggle
003f6940   FS$$DIV
003f69c8   _cos
003f6a29   _sin
003f6a81   _c_int00
003f6ac7   I$$DIV
003f6ad8   I$$MOD
003f6ae9   __args_main
003f6b02   C$$EXIT
003f6b02   _abort
003f6b04   _exit
003f6b1b   __register_unlock
003f6b1f   __register_lock
003f6b23   __nop
003f6b2c   ___etext__
003f6b2c   etext
003f6c2c   _PieVectTableInit
003f6d2c   ___cinit__
003f6d2c   cinit
003f7ff6   code_start
ffffffff   ___binit__
ffffffff   ___c_args__
ffffffff   ___pinit__
ffffffff   binit
ffffffff   pinit

[369 symbols]
